172.18.0.1 - - [11/Nov/2018:16:17:28 +0000] "GET /root/spring-boot-examples/-/jobs/4.json HTTP/1.1" 200 1193 "http://localhost/root/spring-boot-examples/-/jobs/4" "Mozilla/5.0 (X11; Linux x86_64) AppleWebKit/537.36 (KHTML, like Gecko) Chrome/70.0.3538.77 Safari/537.36"
172.18.0.1 - - [11/Nov/2018:16:17:32 +0000] "GET /root/spring-boot-examples/-/jobs/4/trace.json?state=eyJvZmZzZXQiOjIwMSwibl9vcGVuX3RhZ3MiOjAsImZnX2NvbG9yIjpudWxsLCJiZ19jb2xvciI6bnVsbCwic3R5bGVfbWFzayI6MH0%3D HTTP/1.1" 200 235 "http://localhost/root/spring-boot-examples/-/jobs/4" "Mozilla/5.0 (X11; Linux x86_64) AppleWebKit/537.36 (KHTML, like Gecko) Chrome/70.0.3538.77 Safari/537.36"
172.18.0.1 - - [11/Nov/2018:16:17:32 +0000] "GET /root/spring-boot-examples/-/jobs/4/status.json HTTP/1.1" 200 634 "http://localhost/root/spring-boot-examples/-/jobs/4" "Mozilla/5.0 (X11; Linux x86_64) AppleWebKit/537.36 (KHTML, like Gecko) Chrome/70.0.3538.77 Safari/537.36"
172.18.0.1 - - [11/Nov/2018:16:17:36 +0000] "GET /root/spring-boot-examples/-/jobs/4/trace.json?state=eyJvZmZzZXQiOjIwMSwibl9vcGVuX3RhZ3MiOjAsImZnX2NvbG9yIjpudWxsLCJiZ19jb2xvciI6bnVsbCwic3R5bGVfbWFzayI6MH0%3D HTTP/1.1" 200 235 "http://localhost/root/spring-boot-examples/-/jobs/4" "Mozilla/5.0 (X11; Linux x86_64) AppleWebKit/537.36 (KHTML, like Gecko) Chrome/70.0.3538.77 Safari/537.36"
172.18.0.1 - - [11/Nov/2018:16:17:36 +0000] "GET /root/spring-boot-examples/-/jobs/4/status.json HTTP/1.1" 200 634 "http://localhost/root/spring-boot-examples/-/jobs/4" "Mozilla/5.0 (X11; Linux x86_64) AppleWebKit/537.36 (KHTML, like Gecko) Chrome/70.0.3538.77 Safari/537.36"
172.18.0.1 - - [11/Nov/2018:16:17:38 +0000] "GET /root/spring-boot-examples/-/jobs/4.json HTTP/1.1" 200 1192 "http://localhost/root/spring-boot-examples/-/jobs/4" "Mozilla/5.0 (X11; Linux x86_64) AppleWebKit/537.36 (KHTML, like Gecko) Chrome/70.0.3538.77 Safari/537.36"
172.18.0.1 - - [11/Nov/2018:16:17:40 +0000] "GET /root/spring-boot-examples/-/jobs/4/trace.json?state=eyJvZmZzZXQiOjIwMSwibl9vcGVuX3RhZ3MiOjAsImZnX2NvbG9yIjpudWxsLCJiZ19jb2xvciI6bnVsbCwic3R5bGVfbWFzayI6MH0%3D HTTP/1.1" 200 235 "http://localhost/root/spring-boot-examples/-/jobs/4" "Mozilla/5.0 (X11; Linux x86_64) AppleWebKit/537.36 (KHTML, like Gecko) Chrome/70.0.3538.77 Safari/537.36"
172.18.0.1 - - [11/Nov/2018:16:17:40 +0000] "GET /root/spring-boot-examples/-/jobs/4/status.json HTTP/1.1" 200 634 "http://localhost/root/spring-boot-examples/-/jobs/4" "Mozilla/5.0 (X11; Linux x86_64) AppleWebKit/537.36 (KHTML, like Gecko) Chrome/70.0.3538.77 Safari/537.36"
172.18.0.3 - - [11/Nov/2018:16:17:43 +0000] "PUT /api/v4/jobs/4 HTTP/1.1" 200 4 "" "gitlab-runner 11.4.2 (11-4-stable; go1.8.7; linux/amd64)"
172.18.0.1 - - [11/Nov/2018:16:17:44 +0000] "GET /root/spring-boot-examples/-/jobs/4/trace.json?state=eyJvZmZzZXQiOjIwMSwibl9vcGVuX3RhZ3MiOjAsImZnX2NvbG9yIjpudWxsLCJiZ19jb2xvciI6bnVsbCwic3R5bGVfbWFzayI6MH0%3D HTTP/1.1" 200 235 "http://localhost/root/spring-boot-examples/-/jobs/4" "Mozilla/5.0 (X11; Linux x86_64) AppleWebKit/537.36 (KHTML, like Gecko) Chrome/70.0.3538.77 Safari/537.36"
172.18.0.1 - - [11/Nov/2018:16:17:44 +0000] "GET /root/spring-boot-examples/-/jobs/4/status.json HTTP/1.1" 200 634 "http://localhost/root/spring-boot-examples/-/jobs/4" "Mozilla/5.0 (X11; Linux x86_64) AppleWebKit/537.36 (KHTML, like Gecko) Chrome/70.0.3538.77 Safari/537.36"
172.18.0.1 - - [11/Nov/2018:16:17:48 +0000] "GET /root/spring-boot-examples/-/jobs/4/trace.json?state=eyJvZmZzZXQiOjIwMSwibl9vcGVuX3RhZ3MiOjAsImZnX2NvbG9yIjpudWxsLCJiZ19jb2xvciI6bnVsbCwic3R5bGVfbWFzayI6MH0%3D HTTP/1.1" 200 235 "http://localhost/root/spring-boot-examples/-/jobs/4" "Mozilla/5.0 (X11; Linux x86_64) AppleWebKit/537.36 (KHTML, like Gecko) Chrome/70.0.3538.77 Safari/537.36"
172.18.0.1 - - [11/Nov/2018:16:17:48 +0000] "GET /root/spring-boot-examples/-/jobs/4/status.json HTTP/1.1" 200 634 "http://localhost/root/spring-boot-examples/-/jobs/4" "Mozilla/5.0 (X11; Linux x86_64) AppleWebKit/537.36 (KHTML, like Gecko) Chrome/70.0.3538.77 Safari/537.36"
172.18.0.1 - - [11/Nov/2018:16:17:49 +0000] "GET /root/spring-boot-examples/-/jobs/4.json HTTP/1.1" 200 1192 "http://localhost/root/spring-boot-examples/-/jobs/4" "Mozilla/5.0 (X11; Linux x86_64) AppleWebKit/537.36 (KHTML, like Gecko) Chrome/70.0.3538.77 Safari/537.36"
172.18.0.1 - - [11/Nov/2018:16:17:52 +0000] "GET /root/spring-boot-examples/-/jobs/4/trace.json?state=eyJvZmZzZXQiOjIwMSwibl9vcGVuX3RhZ3MiOjAsImZnX2NvbG9yIjpudWxsLCJiZ19jb2xvciI6bnVsbCwic3R5bGVfbWFzayI6MH0%3D HTTP/1.1" 200 235 "http://localhost/root/spring-boot-examples/-/jobs/4" "Mozilla/5.0 (X11; Linux x86_64) AppleWebKit/537.36 (KHTML, like Gecko) Chrome/70.0.3538.77 Safari/537.36"
172.18.0.1 - - [11/Nov/2018:16:17:52 +0000] "GET /root/spring-boot-examples/-/jobs/4/status.json HTTP/1.1" 200 634 "http://localhost/root/spring-boot-examples/-/jobs/4" "Mozilla/5.0 (X11; Linux x86_64) AppleWebKit/537.36 (KHTML, like Gecko) Chrome/70.0.3538.77 Safari/537.36"
127.0.0.1 - - [11/Nov/2018:16:17:53 +0000] "GET /help HTTP/1.1" 200 37700 "" "curl/7.59.0"
172.18.0.1 - - [11/Nov/2018:16:17:56 +0000] "GET /root/spring-boot-examples/-/jobs/4/trace.json?state=eyJvZmZzZXQiOjIwMSwibl9vcGVuX3RhZ3MiOjAsImZnX2NvbG9yIjpudWxsLCJiZ19jb2xvciI6bnVsbCwic3R5bGVfbWFzayI6MH0%3D HTTP/1.1" 200 235 "http://localhost/root/spring-boot-examples/-/jobs/4" "Mozilla/5.0 (X11; Linux x86_64) AppleWebKit/537.36 (KHTML, like Gecko) Chrome/70.0.3538.77 Safari/537.36"
172.18.0.1 - - [11/Nov/2018:16:17:57 +0000] "GET /root/spring-boot-examples/-/jobs/4/status.json HTTP/1.1" 200 634 "http://localhost/root/spring-boot-examples/-/jobs/4" "Mozilla/5.0 (X11; Linux x86_64) AppleWebKit/537.36 (KHTML, like Gecko) Chrome/70.0.3538.77 Safari/537.36"
172.18.0.3 - - [11/Nov/2018:16:17:58 +0000] "PATCH /api/v4/jobs/4/trace HTTP/1.1" 202 7 "" "gitlab-runner 11.4.2 (11-4-stable; go1.8.7; linux/amd64)"
172.18.0.1 - - [11/Nov/2018:16:17:59 +0000] "GET /root/spring-boot-examples/-/jobs/4.json HTTP/1.1" 200 1193 "http://localhost/root/spring-boot-examples/-/jobs/4" "Mozilla/5.0 (X11; Linux x86_64) AppleWebKit/537.36 (KHTML, like Gecko) Chrome/70.0.3538.77 Safari/537.36"
172.18.0.1 - - [11/Nov/2018:16:18:00 +0000] "GET /root/spring-boot-examples/-/jobs/4/trace.json?state=eyJvZmZzZXQiOjIwMSwibl9vcGVuX3RhZ3MiOjAsImZnX2NvbG9yIjpudWxsLCJiZ19jb2xvciI6bnVsbCwic3R5bGVfbWFzayI6MH0%3D HTTP/1.1" 200 533 "http://localhost/root/spring-boot-examples/-/jobs/4" "Mozilla/5.0 (X11; Linux x86_64) AppleWebKit/537.36 (KHTML, like Gecko) Chrome/70.0.3538.77 Safari/537.36"
172.18.0.1 - - [11/Nov/2018:16:18:01 +0000] "GET /root/spring-boot-examples/-/jobs/4/status.json HTTP/1.1" 200 634 "http://localhost/root/spring-boot-examples/-/jobs/4" "Mozilla/5.0 (X11; Linux x86_64) AppleWebKit/537.36 (KHTML, like Gecko) Chrome/70.0.3538.77 Safari/537.36"
172.18.0.3 - - [11/Nov/2018:16:18:01 +0000] "PATCH /api/v4/jobs/4/trace HTTP/1.1" 202 7 "" "gitlab-runner 11.4.2 (11-4-stable; go1.8.7; linux/amd64)"
172.18.0.3 - - [11/Nov/2018:16:18:03 +0000] "PATCH /api/v4/jobs/4/trace HTTP/1.1" 202 8 "" "gitlab-runner 11.4.2 (11-4-stable; go1.8.7; linux/amd64)"
172.18.0.3 - - [11/Nov/2018:16:18:03 +0000] "PUT /api/v4/jobs/4 HTTP/1.1" 200 4 "" "gitlab-runner 11.4.2 (11-4-stable; go1.8.7; linux/amd64)"
172.18.0.3 - - [11/Nov/2018:16:18:03 +0000] "POST /api/v4/jobs/request HTTP/1.1" 204 0 "" "gitlab-runner 11.4.2 (11-4-stable; go1.8.7; linux/amd64)"
172.18.0.1 - - [11/Nov/2018:16:18:05 +0000] "GET /root/spring-boot-examples/-/jobs/4/trace.json?state=eyJvZmZzZXQiOjM2Niwibl9vcGVuX3RhZ3MiOjAsImZnX2NvbG9yIjpudWxsLCJiZ19jb2xvciI6bnVsbCwic3R5bGVfbWFzayI6MH0%3D HTTP/1.1" 200 1764 "http://localhost/root/spring-boot-examples/-/jobs/4" "Mozilla/5.0 (X11; Linux x86_64) AppleWebKit/537.36 (KHTML, like Gecko) Chrome/70.0.3538.77 Safari/537.36"
172.18.0.1 - - [11/Nov/2018:16:18:05 +0000] "GET /root/spring-boot-examples/-/jobs/4/status.json HTTP/1.1" 200 643 "http://localhost/root/spring-boot-examples/-/jobs/4" "Mozilla/5.0 (X11; Linux x86_64) AppleWebKit/537.36 (KHTML, like Gecko) Chrome/70.0.3538.77 Safari/537.36"
172.18.0.1 - - [11/Nov/2018:16:18:05 +0000] "GET /assets/ci_favicons/favicon_status_failed-41304d7f7e3828808b0c26771f0309e55296819a9beea3ea9fbf6689d9857c12.png HTTP/1.1" 200 1015 "http://localhost/root/spring-boot-examples/-/jobs/4" "Mozilla/5.0 (X11; Linux x86_64) AppleWebKit/537.36 (KHTML, like Gecko) Chrome/70.0.3538.77 Safari/537.36"
172.18.0.1 - - [11/Nov/2018:16:18:05 +0000] "GET /root/spring-boot-examples/-/jobs/4 HTTP/1.1" 200 9481 "http://localhost/root/spring-boot-examples/-/jobs/4" "Mozilla/5.0 (X11; Linux x86_64) AppleWebKit/537.36 (KHTML, like Gecko) Chrome/70.0.3538.77 Safari/537.36"
172.18.0.1 - - [11/Nov/2018:16:18:05 +0000] "GET /root/spring-boot-examples/-/jobs/4/trace.json?state= HTTP/1.1" 200 883 "http://localhost/root/spring-boot-examples/-/jobs/4" "Mozilla/5.0 (X11; Linux x86_64) AppleWebKit/537.36 (KHTML, like Gecko) Chrome/70.0.3538.77 Safari/537.36"
172.18.0.1 - - [11/Nov/2018:16:18:06 +0000] "GET /root/spring-boot-examples/-/jobs/4/status.json HTTP/1.1" 200 643 "http://localhost/root/spring-boot-examples/-/jobs/4" "Mozilla/5.0 (X11; Linux x86_64) AppleWebKit/537.36 (KHTML, like Gecko) Chrome/70.0.3538.77 Safari/537.36"
172.18.0.1 - - [11/Nov/2018:16:18:06 +0000] "GET /root/spring-boot-examples/-/jobs/4.json HTTP/1.1" 200 1346 "http://localhost/root/spring-boot-examples/-/jobs/4" "Mozilla/5.0 (X11; Linux x86_64) AppleWebKit/537.36 (KHTML, like Gecko) Chrome/70.0.3538.77 Safari/537.36"
172.18.0.1 - - [11/Nov/2018:16:18:06 +0000] "GET /root/spring-boot-examples/pipelines/2.json HTTP/1.1" 200 1481 "http://localhost/root/spring-boot-examples/-/jobs/4" "Mozilla/5.0 (X11; Linux x86_64) AppleWebKit/537.36 (KHTML, like Gecko) Chrome/70.0.3538.77 Safari/537.36"
172.18.0.1 - - [11/Nov/2018:16:18:06 +0000] "GET /root/spring-boot-examples/pipelines/2/stage.json?stage=build&retried=1 HTTP/1.1" 200 1473 "http://localhost/root/spring-boot-examples/-/jobs/4" "Mozilla/5.0 (X11; Linux x86_64) AppleWebKit/537.36 (KHTML, like Gecko) Chrome/70.0.3538.77 Safari/537.36"
172.18.0.3 - - [11/Nov/2018:16:18:06 +0000] "POST /api/v4/jobs/request HTTP/1.1" 204 0 "" "gitlab-runner 11.4.2 (11-4-stable; go1.8.7; linux/amd64)"
172.18.0.3 - - [11/Nov/2018:16:18:09 +0000] "POST /api/v4/jobs/request HTTP/1.1" 204 0 "" "gitlab-runner 11.4.2 (11-4-stable; go1.8.7; linux/amd64)"
172.18.0.3 - - [11/Nov/2018:16:18:12 +0000] "POST /api/v4/jobs/request HTTP/1.1" 204 0 "" "gitlab-runner 11.4.2 (11-4-stable; go1.8.7; linux/amd64)"
172.18.0.3 - - [11/Nov/2018:16:18:15 +0000] "POST /api/v4/jobs/request HTTP/1.1" 204 0 "" "gitlab-runner 11.4.2 (11-4-stable; go1.8.7; linux/amd64)"
172.18.0.1 - - [11/Nov/2018:16:18:16 +0000] "GET /root/spring-boot-examples/-/jobs/4.json HTTP/1.1" 200 1346 "http://localhost/root/spring-boot-examples/-/jobs/4" "Mozilla/5.0 (X11; Linux x86_64) AppleWebKit/537.36 (KHTML, like Gecko) Chrome/70.0.3538.77 Safari/537.36"
172.18.0.3 - - [11/Nov/2018:16:18:18 +0000] "POST /api/v4/jobs/request HTTP/1.1" 204 0 "" "gitlab-runner 11.4.2 (11-4-stable; go1.8.7; linux/amd64)"
172.18.0.3 - - [11/Nov/2018:16:18:21 +0000] "POST /api/v4/jobs/request HTTP/1.1" 204 0 "" "gitlab-runner 11.4.2 (11-4-stable; go1.8.7; linux/amd64)"
172.18.0.3 - - [11/Nov/2018:16:18:24 +0000] "POST /api/v4/jobs/request HTTP/1.1" 204 0 "" "gitlab-runner 11.4.2 (11-4-stable; go1.8.7; linux/amd64)"
172.18.0.1 - - [11/Nov/2018:16:18:26 +0000] "GET /root/spring-boot-examples/-/jobs/4.json HTTP/1.1" 200 1346 "http://localhost/root/spring-boot-examples/-/jobs/4" "Mozilla/5.0 (X11; Linux x86_64) AppleWebKit/537.36 (KHTML, like Gecko) Chrome/70.0.3538.77 Safari/537.36"
172.18.0.3 - - [11/Nov/2018:16:18:27 +0000] "POST /api/v4/jobs/request HTTP/1.1" 204 0 "" "gitlab-runner 11.4.2 (11-4-stable; go1.8.7; linux/amd64)"
172.18.0.3 - - [11/Nov/2018:16:18:30 +0000] "POST /api/v4/jobs/request HTTP/1.1" 204 0 "" "gitlab-runner 11.4.2 (11-4-stable; go1.8.7; linux/amd64)"
172.18.0.3 - - [11/Nov/2018:16:18:33 +0000] "POST /api/v4/jobs/request HTTP/1.1" 204 0 "" "gitlab-runner 11.4.2 (11-4-stable; go1.8.7; linux/amd64)"
172.18.0.3 - - [11/Nov/2018:16:18:36 +0000] "POST /api/v4/jobs/request HTTP/1.1" 204 0 "" "gitlab-runner 11.4.2 (11-4-stable; go1.8.7; linux/amd64)"
172.18.0.1 - - [11/Nov/2018:16:18:37 +0000] "GET /root/spring-boot-examples/-/jobs/4.json HTTP/1.1" 200 1346 "http://localhost/root/spring-boot-examples/-/jobs/4" "Mozilla/5.0 (X11; Linux x86_64) AppleWebKit/537.36 (KHTML, like Gecko) Chrome/70.0.3538.77 Safari/537.36"
172.18.0.3 - - [11/Nov/2018:16:18:39 +0000] "POST /api/v4/jobs/request HTTP/1.1" 204 0 "" "gitlab-runner 11.4.2 (11-4-stable; go1.8.7; linux/amd64)"
172.18.0.3 - - [11/Nov/2018:16:18:42 +0000] "POST /api/v4/jobs/request HTTP/1.1" 204 0 "" "gitlab-runner 11.4.2 (11-4-stable; go1.8.7; linux/amd64)"
172.18.0.3 - - [11/Nov/2018:16:18:45 +0000] "POST /api/v4/jobs/request HTTP/1.1" 204 0 "" "gitlab-runner 11.4.2 (11-4-stable; go1.8.7; linux/amd64)"
172.18.0.1 - - [11/Nov/2018:16:18:47 +0000] "GET /root/spring-boot-examples/-/jobs/4.json HTTP/1.1" 200 1346 "http://localhost/root/spring-boot-examples/-/jobs/4" "Mozilla/5.0 (X11; Linux x86_64) AppleWebKit/537.36 (KHTML, like Gecko) Chrome/70.0.3538.77 Safari/537.36"
172.18.0.3 - - [11/Nov/2018:16:18:48 +0000] "POST /api/v4/jobs/request HTTP/1.1" 204 0 "" "gitlab-runner 11.4.2 (11-4-stable; go1.8.7; linux/amd64)"
172.18.0.3 - - [11/Nov/2018:16:18:51 +0000] "POST /api/v4/jobs/request HTTP/1.1" 204 0 "" "gitlab-runner 11.4.2 (11-4-stable; go1.8.7; linux/amd64)"
127.0.0.1 - - [11/Nov/2018:16:18:53 +0000] "GET /help HTTP/1.1" 200 37700 "" "curl/7.59.0"
172.18.0.3 - - [11/Nov/2018:16:18:54 +0000] "POST /api/v4/jobs/request HTTP/1.1" 204 0 "" "gitlab-runner 11.4.2 (11-4-stable; go1.8.7; linux/amd64)"
172.18.0.3 - - [11/Nov/2018:16:18:57 +0000] "POST /api/v4/jobs/request HTTP/1.1" 204 0 "" "gitlab-runner 11.4.2 (11-4-stable; go1.8.7; linux/amd64)"
172.18.0.1 - - [11/Nov/2018:16:18:57 +0000] "GET /root/spring-boot-examples/-/jobs/4.json HTTP/1.1" 200 1346 "http://localhost/root/spring-boot-examples/-/jobs/4" "Mozilla/5.0 (X11; Linux x86_64) AppleWebKit/537.36 (KHTML, like Gecko) Chrome/70.0.3538.77 Safari/537.36"
172.18.0.3 - - [11/Nov/2018:16:19:00 +0000] "POST /api/v4/jobs/request HTTP/1.1" 204 0 "" "gitlab-runner 11.4.2 (11-4-stable; go1.8.7; linux/amd64)"
172.18.0.1 - - [11/Nov/2018:16:20:45 +0000] "GET / HTTP/1.1" 502 2940 "http://localhost/root/spring-boot-examples/-/jobs/4" "Mozilla/5.0 (X11; Linux x86_64) AppleWebKit/537.36 (KHTML, like Gecko) Chrome/70.0.3538.77 Safari/537.36"
172.18.0.1 - - [11/Nov/2018:16:20:45 +0000] "GET /favicon.ico HTTP/1.1" 502 2940 "http://localhost/" "Mozilla/5.0 (X11; Linux x86_64) AppleWebKit/537.36 (KHTML, like Gecko) Chrome/70.0.3538.77 Safari/537.36"
172.18.0.2 - - [11/Nov/2018:16:20:46 +0000] "POST /api/v4/jobs/request HTTP/1.1" 502 24 "" "gitlab-runner 11.4.2 (11-4-stable; go1.8.7; linux/amd64)"
172.18.0.2 - - [11/Nov/2018:16:20:49 +0000] "POST /api/v4/jobs/request HTTP/1.1" 502 24 "" "gitlab-runner 11.4.2 (11-4-stable; go1.8.7; linux/amd64)"
172.18.0.2 - - [11/Nov/2018:16:20:52 +0000] "POST /api/v4/jobs/request HTTP/1.1" 502 24 "" "gitlab-runner 11.4.2 (11-4-stable; go1.8.7; linux/amd64)"
172.18.0.2 - - [11/Nov/2018:16:20:55 +0000] "POST /api/v4/jobs/request HTTP/1.1" 502 24 "" "gitlab-runner 11.4.2 (11-4-stable; go1.8.7; linux/amd64)"
172.18.0.2 - - [11/Nov/2018:16:20:58 +0000] "POST /api/v4/jobs/request HTTP/1.1" 502 24 "" "gitlab-runner 11.4.2 (11-4-stable; go1.8.7; linux/amd64)"
172.18.0.2 - - [11/Nov/2018:16:21:01 +0000] "POST /api/v4/jobs/request HTTP/1.1" 502 24 "" "gitlab-runner 11.4.2 (11-4-stable; go1.8.7; linux/amd64)"
172.18.0.2 - - [11/Nov/2018:16:21:04 +0000] "POST /api/v4/jobs/request HTTP/1.1" 502 24 "" "gitlab-runner 11.4.2 (11-4-stable; go1.8.7; linux/amd64)"
172.18.0.2 - - [11/Nov/2018:16:21:07 +0000] "POST /api/v4/jobs/request HTTP/1.1" 502 24 "" "gitlab-runner 11.4.2 (11-4-stable; go1.8.7; linux/amd64)"
127.0.0.1 - - [11/Nov/2018:16:21:11 +0000] "GET /help HTTP/1.1" 502 2940 "" "curl/7.59.0"
172.18.0.2 - - [11/Nov/2018:16:21:15 +0000] "POST /api/v4/jobs/request HTTP/1.1" 502 24 "" "gitlab-runner 11.4.2 (11-4-stable; go1.8.7; linux/amd64)"
172.18.0.2 - - [11/Nov/2018:16:21:40 +0000] "POST /api/v4/jobs/request HTTP/1.1" 204 0 "" "gitlab-runner 11.4.2 (11-4-stable; go1.8.7; linux/amd64)"
172.18.0.2 - - [11/Nov/2018:16:21:43 +0000] "POST /api/v4/jobs/request HTTP/1.1" 204 0 "" "gitlab-runner 11.4.2 (11-4-stable; go1.8.7; linux/amd64)"
172.18.0.1 - - [11/Nov/2018:16:21:45 +0000] "GET / HTTP/1.1" 200 6929 "http://localhost/root/spring-boot-examples/-/jobs/4" "Mozilla/5.0 (X11; Linux x86_64) AppleWebKit/537.36 (KHTML, like Gecko) Chrome/70.0.3538.77 Safari/537.36"
172.18.0.1 - - [11/Nov/2018:16:21:46 +0000] "GET /assets/favicon-7901bd695fb93edb07975966062049829afb56cf11511236e61bcf425070e36e.png HTTP/1.1" 200 1611 "http://localhost/" "Mozilla/5.0 (X11; Linux x86_64) AppleWebKit/537.36 (KHTML, like Gecko) Chrome/70.0.3538.77 Safari/537.36"
172.18.0.2 - - [11/Nov/2018:16:21:46 +0000] "POST /api/v4/jobs/request HTTP/1.1" 204 0 "" "gitlab-runner 11.4.2 (11-4-stable; go1.8.7; linux/amd64)"
172.18.0.2 - - [11/Nov/2018:16:21:49 +0000] "POST /api/v4/jobs/request HTTP/1.1" 204 0 "" "gitlab-runner 11.4.2 (11-4-stable; go1.8.7; linux/amd64)"
172.18.0.1 - - [11/Nov/2018:16:21:50 +0000] "GET /root/spring-boot-examples HTTP/1.1" 200 15944 "http://localhost/" "Mozilla/5.0 (X11; Linux x86_64) AppleWebKit/537.36 (KHTML, like Gecko) Chrome/70.0.3538.77 Safari/537.36"
172.18.0.1 - - [11/Nov/2018:16:21:51 +0000] "GET /root/spring-boot-examples/refs/master/logs_tree/?format=js HTTP/1.1" 200 872 "http://localhost/root/spring-boot-examples" "Mozilla/5.0 (X11; Linux x86_64) AppleWebKit/537.36 (KHTML, like Gecko) Chrome/70.0.3538.77 Safari/537.36"
172.18.0.1 - - [11/Nov/2018:16:21:52 +0000] "GET /root/spring-boot-examples/commits/master/signatures HTTP/1.1" 200 17 "http://localhost/root/spring-boot-examples" "Mozilla/5.0 (X11; Linux x86_64) AppleWebKit/537.36 (KHTML, like Gecko) Chrome/70.0.3538.77 Safari/537.36"
172.18.0.2 - - [11/Nov/2018:16:21:52 +0000] "POST /api/v4/jobs/request HTTP/1.1" 204 0 "" "gitlab-runner 11.4.2 (11-4-stable; go1.8.7; linux/amd64)"
172.18.0.2 - - [11/Nov/2018:16:21:55 +0000] "POST /api/v4/jobs/request HTTP/1.1" 204 0 "" "gitlab-runner 11.4.2 (11-4-stable; go1.8.7; linux/amd64)"
172.18.0.1 - - [11/Nov/2018:16:21:56 +0000] "GET /root/spring-boot-examples/commit/a49bed968d023940639c84f9eb17cb3d7dd39b58/pipelines?ref=master HTTP/1.1" 200 10354 "http://localhost/root/spring-boot-examples" "Mozilla/5.0 (X11; Linux x86_64) AppleWebKit/537.36 (KHTML, like Gecko) Chrome/70.0.3538.77 Safari/537.36"
172.18.0.1 - - [11/Nov/2018:16:21:57 +0000] "GET /root/spring-boot-examples/commit/a49bed968d023940639c84f9eb17cb3d7dd39b58/pipelines.json HTTP/1.1" 200 1057 "http://localhost/root/spring-boot-examples/commit/a49bed968d023940639c84f9eb17cb3d7dd39b58/pipelines" "Mozilla/5.0 (X11; Linux x86_64) AppleWebKit/537.36 (KHTML, like Gecko) Chrome/70.0.3538.77 Safari/537.36"
172.18.0.1 - - [11/Nov/2018:16:21:57 +0000] "GET /root/spring-boot-examples/commit/a49bed968d023940639c84f9eb17cb3d7dd39b58/branches HTTP/1.1" 200 255 "http://localhost/root/spring-boot-examples/commit/a49bed968d023940639c84f9eb17cb3d7dd39b58/pipelines" "Mozilla/5.0 (X11; Linux x86_64) AppleWebKit/537.36 (KHTML, like Gecko) Chrome/70.0.3538.77 Safari/537.36"
172.18.0.2 - - [11/Nov/2018:16:21:58 +0000] "POST /api/v4/jobs/request HTTP/1.1" 204 0 "" "gitlab-runner 11.4.2 (11-4-stable; go1.8.7; linux/amd64)"
172.18.0.2 - - [11/Nov/2018:16:22:01 +0000] "POST /api/v4/jobs/request HTTP/1.1" 204 0 "" "gitlab-runner 11.4.2 (11-4-stable; go1.8.7; linux/amd64)"
172.18.0.1 - - [11/Nov/2018:16:22:01 +0000] "POST /root/spring-boot-examples/pipelines/2/retry.json HTTP/1.1" 204 0 "http://localhost/root/spring-boot-examples/commit/a49bed968d023940639c84f9eb17cb3d7dd39b58/pipelines" "Mozilla/5.0 (X11; Linux x86_64) AppleWebKit/537.36 (KHTML, like Gecko) Chrome/70.0.3538.77 Safari/537.36"
172.18.0.1 - - [11/Nov/2018:16:22:02 +0000] "GET /root/spring-boot-examples/commit/a49bed968d023940639c84f9eb17cb3d7dd39b58/pipelines.json HTTP/1.1" 200 1124 "http://localhost/root/spring-boot-examples/commit/a49bed968d023940639c84f9eb17cb3d7dd39b58/pipelines" "Mozilla/5.0 (X11; Linux x86_64) AppleWebKit/537.36 (KHTML, like Gecko) Chrome/70.0.3538.77 Safari/537.36"
172.18.0.1 - - [11/Nov/2018:16:22:04 +0000] "GET /root/spring-boot-examples/pipelines/2/stage.json?stage=build HTTP/1.1" 200 1497 "http://localhost/root/spring-boot-examples/commit/a49bed968d023940639c84f9eb17cb3d7dd39b58/pipelines" "Mozilla/5.0 (X11; Linux x86_64) AppleWebKit/537.36 (KHTML, like Gecko) Chrome/70.0.3538.77 Safari/537.36"
172.18.0.2 - - [11/Nov/2018:16:22:04 +0000] "POST /api/v4/jobs/request HTTP/1.1" 204 0 "" "gitlab-runner 11.4.2 (11-4-stable; go1.8.7; linux/amd64)"
172.18.0.1 - - [11/Nov/2018:16:22:04 +0000] "GET /root/spring-boot-examples/commit/a49bed968d023940639c84f9eb17cb3d7dd39b58/pipelines.json HTTP/1.1" 200 1124 "http://localhost/root/spring-boot-examples/commit/a49bed968d023940639c84f9eb17cb3d7dd39b58/pipelines" "Mozilla/5.0 (X11; Linux x86_64) AppleWebKit/537.36 (KHTML, like Gecko) Chrome/70.0.3538.77 Safari/537.36"
172.18.0.1 - - [11/Nov/2018:16:22:05 +0000] "GET /root/spring-boot-examples/commit/a49bed968d023940639c84f9eb17cb3d7dd39b58/pipelines.json HTTP/1.1" 200 1124 "http://localhost/root/spring-boot-examples/commit/a49bed968d023940639c84f9eb17cb3d7dd39b58/pipelines" "Mozilla/5.0 (X11; Linux x86_64) AppleWebKit/537.36 (KHTML, like Gecko) Chrome/70.0.3538.77 Safari/537.36"
172.18.0.1 - - [11/Nov/2018:16:22:06 +0000] "GET /root/spring-boot-examples/-/jobs/7 HTTP/1.1" 200 8500 "http://localhost/root/spring-boot-examples/commit/a49bed968d023940639c84f9eb17cb3d7dd39b58/pipelines" "Mozilla/5.0 (X11; Linux x86_64) AppleWebKit/537.36 (KHTML, like Gecko) Chrome/70.0.3538.77 Safari/537.36"
172.18.0.1 - - [11/Nov/2018:16:22:06 +0000] "GET /root/spring-boot-examples/-/jobs/7/trace.json?state= HTTP/1.1" 200 44 "http://localhost/root/spring-boot-examples/-/jobs/7" "Mozilla/5.0 (X11; Linux x86_64) AppleWebKit/537.36 (KHTML, like Gecko) Chrome/70.0.3538.77 Safari/537.36"
172.18.0.1 - - [11/Nov/2018:16:22:06 +0000] "GET /root/spring-boot-examples/-/jobs/7/status.json HTTP/1.1" 200 712 "http://localhost/root/spring-boot-examples/-/jobs/7" "Mozilla/5.0 (X11; Linux x86_64) AppleWebKit/537.36 (KHTML, like Gecko) Chrome/70.0.3538.77 Safari/537.36"
172.18.0.1 - - [11/Nov/2018:16:22:07 +0000] "GET /root/spring-boot-examples/-/jobs/7.json HTTP/1.1" 200 1280 "http://localhost/root/spring-boot-examples/-/jobs/7" "Mozilla/5.0 (X11; Linux x86_64) AppleWebKit/537.36 (KHTML, like Gecko) Chrome/70.0.3538.77 Safari/537.36"
172.18.0.1 - - [11/Nov/2018:16:22:07 +0000] "GET /assets/illustrations/pending_job_empty-29738dc759d57fdbe413b993ca4286a4865b2811942daf62110feccf6d3246f9.svg HTTP/1.1" 200 1365 "http://localhost/root/spring-boot-examples/-/jobs/7" "Mozilla/5.0 (X11; Linux x86_64) AppleWebKit/537.36 (KHTML, like Gecko) Chrome/70.0.3538.77 Safari/537.36"
172.18.0.2 - - [11/Nov/2018:16:22:08 +0000] "POST /api/v4/jobs/request HTTP/1.1" 201 4216 "" "gitlab-runner 11.4.2 (11-4-stable; go1.8.7; linux/amd64)"
172.18.0.1 - - [11/Nov/2018:16:22:08 +0000] "GET /root/spring-boot-examples/pipelines/2.json HTTP/1.1" 200 1609 "http://localhost/root/spring-boot-examples/-/jobs/7" "Mozilla/5.0 (X11; Linux x86_64) AppleWebKit/537.36 (KHTML, like Gecko) Chrome/70.0.3538.77 Safari/537.36"
172.18.0.1 - - [11/Nov/2018:16:22:08 +0000] "GET /root/spring-boot-examples/pipelines/2/stage.json?stage=build&retried=1 HTTP/1.1" 200 765 "http://localhost/root/spring-boot-examples/-/jobs/7" "Mozilla/5.0 (X11; Linux x86_64) AppleWebKit/537.36 (KHTML, like Gecko) Chrome/70.0.3538.77 Safari/537.36"
172.18.0.1 - - [11/Nov/2018:16:22:10 +0000] "GET /root/spring-boot-examples/-/jobs/7/trace.json?state= HTTP/1.1" 200 44 "http://localhost/root/spring-boot-examples/-/jobs/7" "Mozilla/5.0 (X11; Linux x86_64) AppleWebKit/537.36 (KHTML, like Gecko) Chrome/70.0.3538.77 Safari/537.36"
172.18.0.1 - - [11/Nov/2018:16:22:11 +0000] "GET /root/spring-boot-examples/-/jobs/7/status.json HTTP/1.1" 200 634 "http://localhost/root/spring-boot-examples/-/jobs/7" "Mozilla/5.0 (X11; Linux x86_64) AppleWebKit/537.36 (KHTML, like Gecko) Chrome/70.0.3538.77 Safari/537.36"
172.18.0.2 - - [11/Nov/2018:16:22:11 +0000] "PATCH /api/v4/jobs/7/trace HTTP/1.1" 202 7 "" "gitlab-runner 11.4.2 (11-4-stable; go1.8.7; linux/amd64)"
127.0.0.1 - - [11/Nov/2018:16:22:11 +0000] "GET /help HTTP/1.1" 200 37694 "" "curl/7.59.0"
172.18.0.1 - - [11/Nov/2018:16:22:12 +0000] "GET /root/spring-boot-examples/-/jobs/7 HTTP/1.1" 200 9333 "http://localhost/root/spring-boot-examples/-/jobs/7" "Mozilla/5.0 (X11; Linux x86_64) AppleWebKit/537.36 (KHTML, like Gecko) Chrome/70.0.3538.77 Safari/537.36"
172.18.0.1 - - [11/Nov/2018:16:22:12 +0000] "GET /root/spring-boot-examples/-/jobs/7/trace.json?state= HTTP/1.1" 200 453 "http://localhost/root/spring-boot-examples/-/jobs/7" "Mozilla/5.0 (X11; Linux x86_64) AppleWebKit/537.36 (KHTML, like Gecko) Chrome/70.0.3538.77 Safari/537.36"
172.18.0.1 - - [11/Nov/2018:16:22:12 +0000] "GET /root/spring-boot-examples/-/jobs/7/status.json HTTP/1.1" 200 634 "http://localhost/root/spring-boot-examples/-/jobs/7" "Mozilla/5.0 (X11; Linux x86_64) AppleWebKit/537.36 (KHTML, like Gecko) Chrome/70.0.3538.77 Safari/537.36"
172.18.0.1 - - [11/Nov/2018:16:22:13 +0000] "GET /root/spring-boot-examples/-/jobs/7.json HTTP/1.1" 200 1205 "http://localhost/root/spring-boot-examples/-/jobs/7" "Mozilla/5.0 (X11; Linux x86_64) AppleWebKit/537.36 (KHTML, like Gecko) Chrome/70.0.3538.77 Safari/537.36"
172.18.0.1 - - [11/Nov/2018:16:22:13 +0000] "GET /root/spring-boot-examples/pipelines/2.json HTTP/1.1" 200 1609 "http://localhost/root/spring-boot-examples/-/jobs/7" "Mozilla/5.0 (X11; Linux x86_64) AppleWebKit/537.36 (KHTML, like Gecko) Chrome/70.0.3538.77 Safari/537.36"
172.18.0.1 - - [11/Nov/2018:16:22:13 +0000] "GET /root/spring-boot-examples/pipelines/2/stage.json?stage=build&retried=1 HTTP/1.1" 200 765 "http://localhost/root/spring-boot-examples/-/jobs/7" "Mozilla/5.0 (X11; Linux x86_64) AppleWebKit/537.36 (KHTML, like Gecko) Chrome/70.0.3538.77 Safari/537.36"
172.18.0.2 - - [11/Nov/2018:16:22:14 +0000] "PATCH /api/v4/jobs/7/trace HTTP/1.1" 202 7 "" "gitlab-runner 11.4.2 (11-4-stable; go1.8.7; linux/amd64)"
172.18.0.1 - - [11/Nov/2018:16:22:16 +0000] "GET /root/spring-boot-examples/-/jobs/7/trace.json?state=eyJvZmZzZXQiOjIwMSwibl9vcGVuX3RhZ3MiOjAsImZnX2NvbG9yIjpudWxsLCJiZ19jb2xvciI6bnVsbCwic3R5bGVfbWFzayI6MH0%3D HTTP/1.1" 200 948 "http://localhost/root/spring-boot-examples/-/jobs/7" "Mozilla/5.0 (X11; Linux x86_64) AppleWebKit/537.36 (KHTML, like Gecko) Chrome/70.0.3538.77 Safari/537.36"
172.18.0.1 - - [11/Nov/2018:16:22:17 +0000] "GET /root/spring-boot-examples/-/jobs/7/status.json HTTP/1.1" 200 634 "http://localhost/root/spring-boot-examples/-/jobs/7" "Mozilla/5.0 (X11; Linux x86_64) AppleWebKit/537.36 (KHTML, like Gecko) Chrome/70.0.3538.77 Safari/537.36"
172.18.0.2 - - [11/Nov/2018:16:22:17 +0000] "PATCH /api/v4/jobs/7/trace HTTP/1.1" 202 8 "" "gitlab-runner 11.4.2 (11-4-stable; go1.8.7; linux/amd64)"
172.18.0.2 - - [11/Nov/2018:16:22:17 +0000] "PUT /api/v4/jobs/7 HTTP/1.1" 200 4 "" "gitlab-runner 11.4.2 (11-4-stable; go1.8.7; linux/amd64)"
172.18.0.2 - - [11/Nov/2018:16:22:17 +0000] "POST /api/v4/jobs/request HTTP/1.1" 204 0 "" "gitlab-runner 11.4.2 (11-4-stable; go1.8.7; linux/amd64)"
172.18.0.2 - - [11/Nov/2018:16:22:20 +0000] "POST /api/v4/jobs/request HTTP/1.1" 204 0 "" "gitlab-runner 11.4.2 (11-4-stable; go1.8.7; linux/amd64)"
172.18.0.1 - - [11/Nov/2018:16:22:21 +0000] "GET /root/spring-boot-examples/-/jobs/7/trace.json?state=eyJvZmZzZXQiOjUxOSwibl9vcGVuX3RhZ3MiOjAsImZnX2NvbG9yIjpudWxsLCJiZ19jb2xvciI6bnVsbCwic3R5bGVfbWFzayI6MH0%3D HTTP/1.1" 200 1318 "http://localhost/root/spring-boot-examples/-/jobs/7" "Mozilla/5.0 (X11; Linux x86_64) AppleWebKit/537.36 (KHTML, like Gecko) Chrome/70.0.3538.77 Safari/537.36"
172.18.0.1 - - [11/Nov/2018:16:22:21 +0000] "GET /root/spring-boot-examples/-/jobs/7/status.json HTTP/1.1" 200 643 "http://localhost/root/spring-boot-examples/-/jobs/7" "Mozilla/5.0 (X11; Linux x86_64) AppleWebKit/537.36 (KHTML, like Gecko) Chrome/70.0.3538.77 Safari/537.36"
172.18.0.1 - - [11/Nov/2018:16:22:21 +0000] "GET /root/spring-boot-examples/-/jobs/7 HTTP/1.1" 200 9485 "http://localhost/root/spring-boot-examples/-/jobs/7" "Mozilla/5.0 (X11; Linux x86_64) AppleWebKit/537.36 (KHTML, like Gecko) Chrome/70.0.3538.77 Safari/537.36"
172.18.0.1 - - [11/Nov/2018:16:22:22 +0000] "GET /root/spring-boot-examples/-/jobs/7/trace.json?state= HTTP/1.1" 200 864 "http://localhost/root/spring-boot-examples/-/jobs/7" "Mozilla/5.0 (X11; Linux x86_64) AppleWebKit/537.36 (KHTML, like Gecko) Chrome/70.0.3538.77 Safari/537.36"
172.18.0.1 - - [11/Nov/2018:16:22:22 +0000] "GET /root/spring-boot-examples/-/jobs/7/status.json HTTP/1.1" 200 643 "http://localhost/root/spring-boot-examples/-/jobs/7" "Mozilla/5.0 (X11; Linux x86_64) AppleWebKit/537.36 (KHTML, like Gecko) Chrome/70.0.3538.77 Safari/537.36"
172.18.0.1 - - [11/Nov/2018:16:22:22 +0000] "GET /root/spring-boot-examples/-/jobs/7.json HTTP/1.1" 200 1347 "http://localhost/root/spring-boot-examples/-/jobs/7" "Mozilla/5.0 (X11; Linux x86_64) AppleWebKit/537.36 (KHTML, like Gecko) Chrome/70.0.3538.77 Safari/537.36"
172.18.0.1 - - [11/Nov/2018:16:22:22 +0000] "GET /root/spring-boot-examples/pipelines/2.json HTTP/1.1" 200 1484 "http://localhost/root/spring-boot-examples/-/jobs/7" "Mozilla/5.0 (X11; Linux x86_64) AppleWebKit/537.36 (KHTML, like Gecko) Chrome/70.0.3538.77 Safari/537.36"
172.18.0.1 - - [11/Nov/2018:16:22:23 +0000] "GET /root/spring-boot-examples/pipelines/2/stage.json?stage=build&retried=1 HTTP/1.1" 200 671 "http://localhost/root/spring-boot-examples/-/jobs/7" "Mozilla/5.0 (X11; Linux x86_64) AppleWebKit/537.36 (KHTML, like Gecko) Chrome/70.0.3538.77 Safari/537.36"
172.18.0.2 - - [11/Nov/2018:16:22:23 +0000] "POST /api/v4/jobs/request HTTP/1.1" 204 0 "" "gitlab-runner 11.4.2 (11-4-stable; go1.8.7; linux/amd64)"
172.18.0.2 - - [11/Nov/2018:16:22:26 +0000] "POST /api/v4/jobs/request HTTP/1.1" 204 0 "" "gitlab-runner 11.4.2 (11-4-stable; go1.8.7; linux/amd64)"
172.18.0.2 - - [11/Nov/2018:16:22:29 +0000] "POST /api/v4/jobs/request HTTP/1.1" 204 0 "" "gitlab-runner 11.4.2 (11-4-stable; go1.8.7; linux/amd64)"
172.18.0.2 - - [11/Nov/2018:16:22:32 +0000] "POST /api/v4/jobs/request HTTP/1.1" 204 0 "" "gitlab-runner 11.4.2 (11-4-stable; go1.8.7; linux/amd64)"
172.18.0.1 - - [11/Nov/2018:16:22:33 +0000] "GET /root/spring-boot-examples/-/jobs/7.json HTTP/1.1" 200 1347 "http://localhost/root/spring-boot-examples/-/jobs/7" "Mozilla/5.0 (X11; Linux x86_64) AppleWebKit/537.36 (KHTML, like Gecko) Chrome/70.0.3538.77 Safari/537.36"
172.18.0.2 - - [11/Nov/2018:16:22:35 +0000] "POST /api/v4/jobs/request HTTP/1.1" 204 0 "" "gitlab-runner 11.4.2 (11-4-stable; go1.8.7; linux/amd64)"
172.18.0.2 - - [11/Nov/2018:16:22:38 +0000] "POST /api/v4/jobs/request HTTP/1.1" 204 0 "" "gitlab-runner 11.4.2 (11-4-stable; go1.8.7; linux/amd64)"
172.18.0.2 - - [11/Nov/2018:16:22:41 +0000] "POST /api/v4/jobs/request HTTP/1.1" 204 0 "" "gitlab-runner 11.4.2 (11-4-stable; go1.8.7; linux/amd64)"
172.18.0.1 - - [11/Nov/2018:16:22:44 +0000] "GET /root/spring-boot-examples/-/jobs/7.json HTTP/1.1" 200 1347 "http://localhost/root/spring-boot-examples/-/jobs/7" "Mozilla/5.0 (X11; Linux x86_64) AppleWebKit/537.36 (KHTML, like Gecko) Chrome/70.0.3538.77 Safari/537.36"
172.18.0.2 - - [11/Nov/2018:16:22:44 +0000] "POST /api/v4/jobs/request HTTP/1.1" 204 0 "" "gitlab-runner 11.4.2 (11-4-stable; go1.8.7; linux/amd64)"
172.18.0.2 - - [11/Nov/2018:16:22:47 +0000] "POST /api/v4/jobs/request HTTP/1.1" 204 0 "" "gitlab-runner 11.4.2 (11-4-stable; go1.8.7; linux/amd64)"
172.18.0.2 - - [11/Nov/2018:16:22:50 +0000] "POST /api/v4/jobs/request HTTP/1.1" 204 0 "" "gitlab-runner 11.4.2 (11-4-stable; go1.8.7; linux/amd64)"
172.18.0.2 - - [11/Nov/2018:16:22:53 +0000] "POST /api/v4/jobs/request HTTP/1.1" 204 0 "" "gitlab-runner 11.4.2 (11-4-stable; go1.8.7; linux/amd64)"
172.18.0.1 - - [11/Nov/2018:16:22:54 +0000] "GET /root/spring-boot-examples/-/jobs/7.json HTTP/1.1" 200 1347 "http://localhost/root/spring-boot-examples/-/jobs/7" "Mozilla/5.0 (X11; Linux x86_64) AppleWebKit/537.36 (KHTML, like Gecko) Chrome/70.0.3538.77 Safari/537.36"
172.18.0.2 - - [11/Nov/2018:16:22:56 +0000] "POST /api/v4/jobs/request HTTP/1.1" 204 0 "" "gitlab-runner 11.4.2 (11-4-stable; go1.8.7; linux/amd64)"
172.18.0.2 - - [11/Nov/2018:16:22:59 +0000] "POST /api/v4/jobs/request HTTP/1.1" 204 0 "" "gitlab-runner 11.4.2 (11-4-stable; go1.8.7; linux/amd64)"
172.18.0.2 - - [11/Nov/2018:16:23:02 +0000] "POST /api/v4/jobs/request HTTP/1.1" 204 0 "" "gitlab-runner 11.4.2 (11-4-stable; go1.8.7; linux/amd64)"
172.18.0.1 - - [11/Nov/2018:16:23:04 +0000] "GET /root/spring-boot-examples/-/jobs/7.json HTTP/1.1" 200 1347 "http://localhost/root/spring-boot-examples/-/jobs/7" "Mozilla/5.0 (X11; Linux x86_64) AppleWebKit/537.36 (KHTML, like Gecko) Chrome/70.0.3538.77 Safari/537.36"
172.18.0.2 - - [11/Nov/2018:16:23:05 +0000] "POST /api/v4/jobs/request HTTP/1.1" 204 0 "" "gitlab-runner 11.4.2 (11-4-stable; go1.8.7; linux/amd64)"
172.18.0.2 - - [11/Nov/2018:16:23:08 +0000] "POST /api/v4/jobs/request HTTP/1.1" 204 0 "" "gitlab-runner 11.4.2 (11-4-stable; go1.8.7; linux/amd64)"
172.18.0.2 - - [11/Nov/2018:16:23:11 +0000] "POST /api/v4/jobs/request HTTP/1.1" 204 0 "" "gitlab-runner 11.4.2 (11-4-stable; go1.8.7; linux/amd64)"
127.0.0.1 - - [11/Nov/2018:16:23:12 +0000] "GET /help HTTP/1.1" 200 37694 "" "curl/7.59.0"
172.18.0.2 - - [11/Nov/2018:16:23:14 +0000] "POST /api/v4/jobs/request HTTP/1.1" 204 0 "" "gitlab-runner 11.4.2 (11-4-stable; go1.8.7; linux/amd64)"
172.18.0.2 - - [11/Nov/2018:16:23:17 +0000] "POST /api/v4/jobs/request HTTP/1.1" 204 0 "" "gitlab-runner 11.4.2 (11-4-stable; go1.8.7; linux/amd64)"
172.18.0.2 - - [11/Nov/2018:16:23:20 +0000] "POST /api/v4/jobs/request HTTP/1.1" 204 0 "" "gitlab-runner 11.4.2 (11-4-stable; go1.8.7; linux/amd64)"
172.18.0.2 - - [11/Nov/2018:16:23:23 +0000] "POST /api/v4/jobs/request HTTP/1.1" 204 0 "" "gitlab-runner 11.4.2 (11-4-stable; go1.8.7; linux/amd64)"
172.18.0.2 - - [11/Nov/2018:16:23:26 +0000] "POST /api/v4/jobs/request HTTP/1.1" 204 0 "" "gitlab-runner 11.4.2 (11-4-stable; go1.8.7; linux/amd64)"
172.18.0.2 - - [11/Nov/2018:16:23:29 +0000] "POST /api/v4/jobs/request HTTP/1.1" 204 0 "" "gitlab-runner 11.4.2 (11-4-stable; go1.8.7; linux/amd64)"
172.18.0.2 - - [11/Nov/2018:16:23:32 +0000] "POST /api/v4/jobs/request HTTP/1.1" 204 0 "" "gitlab-runner 11.4.2 (11-4-stable; go1.8.7; linux/amd64)"
172.18.0.2 - - [11/Nov/2018:16:23:35 +0000] "POST /api/v4/jobs/request HTTP/1.1" 204 0 "" "gitlab-runner 11.4.2 (11-4-stable; go1.8.7; linux/amd64)"
172.18.0.2 - - [11/Nov/2018:16:23:38 +0000] "POST /api/v4/jobs/request HTTP/1.1" 204 0 "" "gitlab-runner 11.4.2 (11-4-stable; go1.8.7; linux/amd64)"
172.18.0.2 - - [11/Nov/2018:16:23:41 +0000] "POST /api/v4/jobs/request HTTP/1.1" 204 0 "" "gitlab-runner 11.4.2 (11-4-stable; go1.8.7; linux/amd64)"
172.18.0.2 - - [11/Nov/2018:16:23:44 +0000] "POST /api/v4/jobs/request HTTP/1.1" 204 0 "" "gitlab-runner 11.4.2 (11-4-stable; go1.8.7; linux/amd64)"
172.18.0.2 - - [11/Nov/2018:16:23:47 +0000] "POST /api/v4/jobs/request HTTP/1.1" 204 0 "" "gitlab-runner 11.4.2 (11-4-stable; go1.8.7; linux/amd64)"
172.18.0.2 - - [11/Nov/2018:16:23:50 +0000] "POST /api/v4/jobs/request HTTP/1.1" 204 0 "" "gitlab-runner 11.4.2 (11-4-stable; go1.8.7; linux/amd64)"
172.18.0.2 - - [11/Nov/2018:16:23:53 +0000] "POST /api/v4/jobs/request HTTP/1.1" 204 0 "" "gitlab-runner 11.4.2 (11-4-stable; go1.8.7; linux/amd64)"
172.18.0.2 - - [11/Nov/2018:16:23:56 +0000] "POST /api/v4/jobs/request HTTP/1.1" 204 0 "" "gitlab-runner 11.4.2 (11-4-stable; go1.8.7; linux/amd64)"
172.18.0.2 - - [11/Nov/2018:16:23:59 +0000] "POST /api/v4/jobs/request HTTP/1.1" 204 0 "" "gitlab-runner 11.4.2 (11-4-stable; go1.8.7; linux/amd64)"
172.18.0.2 - - [11/Nov/2018:16:24:02 +0000] "POST /api/v4/jobs/request HTTP/1.1" 204 0 "" "gitlab-runner 11.4.2 (11-4-stable; go1.8.7; linux/amd64)"
172.18.0.2 - - [11/Nov/2018:16:24:05 +0000] "POST /api/v4/jobs/request HTTP/1.1" 204 0 "" "gitlab-runner 11.4.2 (11-4-stable; go1.8.7; linux/amd64)"
172.18.0.2 - - [11/Nov/2018:16:24:08 +0000] "POST /api/v4/jobs/request HTTP/1.1" 204 0 "" "gitlab-runner 11.4.2 (11-4-stable; go1.8.7; linux/amd64)"
172.18.0.2 - - [11/Nov/2018:16:24:11 +0000] "POST /api/v4/jobs/request HTTP/1.1" 204 0 "" "gitlab-runner 11.4.2 (11-4-stable; go1.8.7; linux/amd64)"
127.0.0.1 - - [11/Nov/2018:16:24:13 +0000] "GET /help HTTP/1.1" 200 37694 "" "curl/7.59.0"
172.18.0.2 - - [11/Nov/2018:16:24:14 +0000] "POST /api/v4/jobs/request HTTP/1.1" 204 0 "" "gitlab-runner 11.4.2 (11-4-stable; go1.8.7; linux/amd64)"
172.18.0.2 - - [11/Nov/2018:16:24:17 +0000] "POST /api/v4/jobs/request HTTP/1.1" 204 0 "" "gitlab-runner 11.4.2 (11-4-stable; go1.8.7; linux/amd64)"
172.18.0.2 - - [11/Nov/2018:16:24:20 +0000] "POST /api/v4/jobs/request HTTP/1.1" 204 0 "" "gitlab-runner 11.4.2 (11-4-stable; go1.8.7; linux/amd64)"
172.18.0.2 - - [11/Nov/2018:16:24:23 +0000] "POST /api/v4/jobs/request HTTP/1.1" 204 0 "" "gitlab-runner 11.4.2 (11-4-stable; go1.8.7; linux/amd64)"
172.18.0.2 - - [11/Nov/2018:16:24:26 +0000] "POST /api/v4/jobs/request HTTP/1.1" 204 0 "" "gitlab-runner 11.4.2 (11-4-stable; go1.8.7; linux/amd64)"
172.18.0.2 - - [11/Nov/2018:16:24:29 +0000] "POST /api/v4/jobs/request HTTP/1.1" 204 0 "" "gitlab-runner 11.4.2 (11-4-stable; go1.8.7; linux/amd64)"
172.18.0.2 - - [11/Nov/2018:16:24:32 +0000] "POST /api/v4/jobs/request HTTP/1.1" 204 0 "" "gitlab-runner 11.4.2 (11-4-stable; go1.8.7; linux/amd64)"
172.18.0.2 - - [11/Nov/2018:16:24:35 +0000] "POST /api/v4/jobs/request HTTP/1.1" 204 0 "" "gitlab-runner 11.4.2 (11-4-stable; go1.8.7; linux/amd64)"
172.18.0.2 - - [11/Nov/2018:16:24:38 +0000] "POST /api/v4/jobs/request HTTP/1.1" 204 0 "" "gitlab-runner 11.4.2 (11-4-stable; go1.8.7; linux/amd64)"
172.18.0.2 - - [11/Nov/2018:16:24:41 +0000] "POST /api/v4/jobs/request HTTP/1.1" 204 0 "" "gitlab-runner 11.4.2 (11-4-stable; go1.8.7; linux/amd64)"
172.18.0.2 - - [11/Nov/2018:16:24:44 +0000] "POST /api/v4/jobs/request HTTP/1.1" 204 0 "" "gitlab-runner 11.4.2 (11-4-stable; go1.8.7; linux/amd64)"
172.18.0.2 - - [11/Nov/2018:16:24:47 +0000] "POST /api/v4/jobs/request HTTP/1.1" 204 0 "" "gitlab-runner 11.4.2 (11-4-stable; go1.8.7; linux/amd64)"
172.18.0.2 - - [11/Nov/2018:16:24:50 +0000] "POST /api/v4/jobs/request HTTP/1.1" 204 0 "" "gitlab-runner 11.4.2 (11-4-stable; go1.8.7; linux/amd64)"
172.18.0.2 - - [11/Nov/2018:16:24:53 +0000] "POST /api/v4/jobs/request HTTP/1.1" 204 0 "" "gitlab-runner 11.4.2 (11-4-stable; go1.8.7; linux/amd64)"
172.18.0.2 - - [11/Nov/2018:16:24:56 +0000] "POST /api/v4/jobs/request HTTP/1.1" 204 0 "" "gitlab-runner 11.4.2 (11-4-stable; go1.8.7; linux/amd64)"
172.18.0.2 - - [11/Nov/2018:16:24:59 +0000] "POST /api/v4/jobs/request HTTP/1.1" 204 0 "" "gitlab-runner 11.4.2 (11-4-stable; go1.8.7; linux/amd64)"
172.18.0.2 - - [11/Nov/2018:16:25:02 +0000] "POST /api/v4/jobs/request HTTP/1.1" 204 0 "" "gitlab-runner 11.4.2 (11-4-stable; go1.8.7; linux/amd64)"
172.18.0.2 - - [11/Nov/2018:16:25:05 +0000] "POST /api/v4/jobs/request HTTP/1.1" 204 0 "" "gitlab-runner 11.4.2 (11-4-stable; go1.8.7; linux/amd64)"
172.18.0.2 - - [11/Nov/2018:16:25:08 +0000] "POST /api/v4/jobs/request HTTP/1.1" 204 0 "" "gitlab-runner 11.4.2 (11-4-stable; go1.8.7; linux/amd64)"
172.18.0.2 - - [11/Nov/2018:16:25:11 +0000] "POST /api/v4/jobs/request HTTP/1.1" 204 0 "" "gitlab-runner 11.4.2 (11-4-stable; go1.8.7; linux/amd64)"
127.0.0.1 - - [11/Nov/2018:16:25:14 +0000] "GET /help HTTP/1.1" 200 37694 "" "curl/7.59.0"
172.18.0.2 - - [11/Nov/2018:16:25:14 +0000] "POST /api/v4/jobs/request HTTP/1.1" 204 0 "" "gitlab-runner 11.4.2 (11-4-stable; go1.8.7; linux/amd64)"
172.18.0.2 - - [11/Nov/2018:16:25:17 +0000] "POST /api/v4/jobs/request HTTP/1.1" 204 0 "" "gitlab-runner 11.4.2 (11-4-stable; go1.8.7; linux/amd64)"
172.18.0.2 - - [11/Nov/2018:16:25:20 +0000] "POST /api/v4/jobs/request HTTP/1.1" 204 0 "" "gitlab-runner 11.4.2 (11-4-stable; go1.8.7; linux/amd64)"
172.18.0.2 - - [11/Nov/2018:16:25:23 +0000] "POST /api/v4/jobs/request HTTP/1.1" 204 0 "" "gitlab-runner 11.4.2 (11-4-stable; go1.8.7; linux/amd64)"
172.18.0.2 - - [11/Nov/2018:16:25:26 +0000] "POST /api/v4/jobs/request HTTP/1.1" 204 0 "" "gitlab-runner 11.4.2 (11-4-stable; go1.8.7; linux/amd64)"
172.18.0.2 - - [11/Nov/2018:16:25:29 +0000] "POST /api/v4/jobs/request HTTP/1.1" 204 0 "" "gitlab-runner 11.4.2 (11-4-stable; go1.8.7; linux/amd64)"
172.18.0.2 - - [11/Nov/2018:16:25:32 +0000] "POST /api/v4/jobs/request HTTP/1.1" 204 0 "" "gitlab-runner 11.4.2 (11-4-stable; go1.8.7; linux/amd64)"
172.18.0.2 - - [11/Nov/2018:16:25:35 +0000] "POST /api/v4/jobs/request HTTP/1.1" 204 0 "" "gitlab-runner 11.4.2 (11-4-stable; go1.8.7; linux/amd64)"
172.18.0.2 - - [11/Nov/2018:16:25:38 +0000] "POST /api/v4/jobs/request HTTP/1.1" 204 0 "" "gitlab-runner 11.4.2 (11-4-stable; go1.8.7; linux/amd64)"
172.18.0.2 - - [11/Nov/2018:16:25:41 +0000] "POST /api/v4/jobs/request HTTP/1.1" 204 0 "" "gitlab-runner 11.4.2 (11-4-stable; go1.8.7; linux/amd64)"
172.18.0.2 - - [11/Nov/2018:16:25:44 +0000] "POST /api/v4/jobs/request HTTP/1.1" 204 0 "" "gitlab-runner 11.4.2 (11-4-stable; go1.8.7; linux/amd64)"
172.18.0.2 - - [11/Nov/2018:16:25:47 +0000] "POST /api/v4/jobs/request HTTP/1.1" 204 0 "" "gitlab-runner 11.4.2 (11-4-stable; go1.8.7; linux/amd64)"
172.18.0.2 - - [11/Nov/2018:16:25:50 +0000] "POST /api/v4/jobs/request HTTP/1.1" 204 0 "" "gitlab-runner 11.4.2 (11-4-stable; go1.8.7; linux/amd64)"
172.18.0.2 - - [11/Nov/2018:16:25:53 +0000] "POST /api/v4/jobs/request HTTP/1.1" 204 0 "" "gitlab-runner 11.4.2 (11-4-stable; go1.8.7; linux/amd64)"
172.18.0.2 - - [11/Nov/2018:16:25:56 +0000] "POST /api/v4/jobs/request HTTP/1.1" 204 0 "" "gitlab-runner 11.4.2 (11-4-stable; go1.8.7; linux/amd64)"
172.18.0.2 - - [11/Nov/2018:16:25:59 +0000] "POST /api/v4/jobs/request HTTP/1.1" 204 0 "" "gitlab-runner 11.4.2 (11-4-stable; go1.8.7; linux/amd64)"
172.18.0.2 - - [11/Nov/2018:16:26:02 +0000] "POST /api/v4/jobs/request HTTP/1.1" 204 0 "" "gitlab-runner 11.4.2 (11-4-stable; go1.8.7; linux/amd64)"
172.18.0.2 - - [11/Nov/2018:16:26:05 +0000] "POST /api/v4/jobs/request HTTP/1.1" 204 0 "" "gitlab-runner 11.4.2 (11-4-stable; go1.8.7; linux/amd64)"
172.18.0.2 - - [11/Nov/2018:16:26:08 +0000] "POST /api/v4/jobs/request HTTP/1.1" 204 0 "" "gitlab-runner 11.4.2 (11-4-stable; go1.8.7; linux/amd64)"
172.18.0.2 - - [11/Nov/2018:16:26:11 +0000] "POST /api/v4/jobs/request HTTP/1.1" 204 0 "" "gitlab-runner 11.4.2 (11-4-stable; go1.8.7; linux/amd64)"
172.18.0.2 - - [11/Nov/2018:16:26:14 +0000] "POST /api/v4/jobs/request HTTP/1.1" 204 0 "" "gitlab-runner 11.4.2 (11-4-stable; go1.8.7; linux/amd64)"
127.0.0.1 - - [11/Nov/2018:16:26:15 +0000] "GET /help HTTP/1.1" 200 37694 "" "curl/7.59.0"
172.18.0.2 - - [11/Nov/2018:16:26:17 +0000] "POST /api/v4/jobs/request HTTP/1.1" 204 0 "" "gitlab-runner 11.4.2 (11-4-stable; go1.8.7; linux/amd64)"
172.18.0.2 - - [11/Nov/2018:16:26:20 +0000] "POST /api/v4/jobs/request HTTP/1.1" 204 0 "" "gitlab-runner 11.4.2 (11-4-stable; go1.8.7; linux/amd64)"
172.18.0.2 - - [11/Nov/2018:16:26:23 +0000] "POST /api/v4/jobs/request HTTP/1.1" 204 0 "" "gitlab-runner 11.4.2 (11-4-stable; go1.8.7; linux/amd64)"
172.18.0.2 - - [11/Nov/2018:16:26:26 +0000] "POST /api/v4/jobs/request HTTP/1.1" 204 0 "" "gitlab-runner 11.4.2 (11-4-stable; go1.8.7; linux/amd64)"
172.18.0.2 - - [11/Nov/2018:16:26:29 +0000] "POST /api/v4/jobs/request HTTP/1.1" 204 0 "" "gitlab-runner 11.4.2 (11-4-stable; go1.8.7; linux/amd64)"
172.18.0.2 - - [11/Nov/2018:16:26:32 +0000] "POST /api/v4/jobs/request HTTP/1.1" 204 0 "" "gitlab-runner 11.4.2 (11-4-stable; go1.8.7; linux/amd64)"
172.18.0.2 - - [11/Nov/2018:16:26:35 +0000] "POST /api/v4/jobs/request HTTP/1.1" 204 0 "" "gitlab-runner 11.4.2 (11-4-stable; go1.8.7; linux/amd64)"
172.18.0.2 - - [11/Nov/2018:16:26:38 +0000] "POST /api/v4/jobs/request HTTP/1.1" 204 0 "" "gitlab-runner 11.4.2 (11-4-stable; go1.8.7; linux/amd64)"
172.18.0.2 - - [11/Nov/2018:16:26:41 +0000] "POST /api/v4/jobs/request HTTP/1.1" 204 0 "" "gitlab-runner 11.4.2 (11-4-stable; go1.8.7; linux/amd64)"
172.18.0.2 - - [11/Nov/2018:16:26:44 +0000] "POST /api/v4/jobs/request HTTP/1.1" 204 0 "" "gitlab-runner 11.4.2 (11-4-stable; go1.8.7; linux/amd64)"
172.18.0.2 - - [11/Nov/2018:16:26:47 +0000] "POST /api/v4/jobs/request HTTP/1.1" 204 0 "" "gitlab-runner 11.4.2 (11-4-stable; go1.8.7; linux/amd64)"
172.18.0.1 - - [11/Nov/2018:16:26:48 +0000] "GET /root/spring-boot-examples/-/jobs/7.json HTTP/1.1" 200 1347 "http://localhost/root/spring-boot-examples/-/jobs/7" "Mozilla/5.0 (X11; Linux x86_64) AppleWebKit/537.36 (KHTML, like Gecko) Chrome/70.0.3538.77 Safari/537.36"
172.18.0.2 - - [11/Nov/2018:16:26:50 +0000] "POST /api/v4/jobs/request HTTP/1.1" 204 0 "" "gitlab-runner 11.4.2 (11-4-stable; go1.8.7; linux/amd64)"
172.18.0.2 - - [11/Nov/2018:16:26:53 +0000] "POST /api/v4/jobs/request HTTP/1.1" 204 0 "" "gitlab-runner 11.4.2 (11-4-stable; go1.8.7; linux/amd64)"
172.18.0.1 - - [11/Nov/2018:16:26:54 +0000] "GET /root/spring-boot-examples HTTP/1.1" 200 15944 "http://localhost/root/spring-boot-examples/-/jobs/7" "Mozilla/5.0 (X11; Linux x86_64) AppleWebKit/537.36 (KHTML, like Gecko) Chrome/70.0.3538.77 Safari/537.36"
172.18.0.1 - - [11/Nov/2018:16:26:55 +0000] "GET /root/spring-boot-examples/refs/master/logs_tree/?format=js HTTP/1.1" 200 872 "http://localhost/root/spring-boot-examples" "Mozilla/5.0 (X11; Linux x86_64) AppleWebKit/537.36 (KHTML, like Gecko) Chrome/70.0.3538.77 Safari/537.36"
172.18.0.1 - - [11/Nov/2018:16:26:55 +0000] "GET /root/spring-boot-examples/commits/master/signatures HTTP/1.1" 200 17 "http://localhost/root/spring-boot-examples" "Mozilla/5.0 (X11; Linux x86_64) AppleWebKit/537.36 (KHTML, like Gecko) Chrome/70.0.3538.77 Safari/537.36"
172.18.0.2 - - [11/Nov/2018:16:26:56 +0000] "POST /api/v4/jobs/request HTTP/1.1" 204 0 "" "gitlab-runner 11.4.2 (11-4-stable; go1.8.7; linux/amd64)"
172.18.0.2 - - [11/Nov/2018:16:26:59 +0000] "POST /api/v4/jobs/request HTTP/1.1" 204 0 "" "gitlab-runner 11.4.2 (11-4-stable; go1.8.7; linux/amd64)"
172.18.0.1 - - [11/Nov/2018:16:26:59 +0000] "GET /root/spring-boot-examples/blob/master/.gitlab-ci.yml HTTP/1.1" 200 11796 "http://localhost/root/spring-boot-examples" "Mozilla/5.0 (X11; Linux x86_64) AppleWebKit/537.36 (KHTML, like Gecko) Chrome/70.0.3538.77 Safari/537.36"
172.18.0.1 - - [11/Nov/2018:16:26:59 +0000] "GET /assets/webpack/pages.projects.blob.show.df2ae132.chunk.js HTTP/1.1" 200 9997 "http://localhost/root/spring-boot-examples/blob/master/.gitlab-ci.yml" "Mozilla/5.0 (X11; Linux x86_64) AppleWebKit/537.36 (KHTML, like Gecko) Chrome/70.0.3538.77 Safari/537.36"
172.18.0.1 - - [11/Nov/2018:16:27:00 +0000] "GET /root/spring-boot-examples/blob/master/.gitlab-ci.yml?format=json&viewer=auxiliary HTTP/1.1" 200 986 "http://localhost/root/spring-boot-examples/blob/master/.gitlab-ci.yml" "Mozilla/5.0 (X11; Linux x86_64) AppleWebKit/537.36 (KHTML, like Gecko) Chrome/70.0.3538.77 Safari/537.36"
172.18.0.1 - - [11/Nov/2018:16:27:00 +0000] "GET /root/spring-boot-examples/blob/master/.gitlab-ci.yml?format=json&viewer=simple HTTP/1.1" 200 1303 "http://localhost/root/spring-boot-examples/blob/master/.gitlab-ci.yml" "Mozilla/5.0 (X11; Linux x86_64) AppleWebKit/537.36 (KHTML, like Gecko) Chrome/70.0.3538.77 Safari/537.36"
172.18.0.1 - - [11/Nov/2018:16:27:00 +0000] "GET /root/spring-boot-examples/commit/a49bed968d023940639c84f9eb17cb3d7dd39b58/pipelines?ref=master HTTP/1.1" 200 1056 "http://localhost/root/spring-boot-examples/blob/master/.gitlab-ci.yml" "Mozilla/5.0 (X11; Linux x86_64) AppleWebKit/537.36 (KHTML, like Gecko) Chrome/70.0.3538.77 Safari/537.36"
172.18.0.1 - - [11/Nov/2018:16:27:00 +0000] "GET /root/spring-boot-examples/commits/a49bed968d023940639c84f9eb17cb3d7dd39b58/signatures HTTP/1.1" 200 17 "http://localhost/root/spring-boot-examples/blob/master/.gitlab-ci.yml" "Mozilla/5.0 (X11; Linux x86_64) AppleWebKit/537.36 (KHTML, like Gecko) Chrome/70.0.3538.77 Safari/537.36"
172.18.0.2 - - [11/Nov/2018:16:27:02 +0000] "POST /api/v4/jobs/request HTTP/1.1" 204 0 "" "gitlab-runner 11.4.2 (11-4-stable; go1.8.7; linux/amd64)"
172.18.0.2 - - [11/Nov/2018:16:27:05 +0000] "POST /api/v4/jobs/request HTTP/1.1" 204 0 "" "gitlab-runner 11.4.2 (11-4-stable; go1.8.7; linux/amd64)"
172.18.0.2 - - [11/Nov/2018:16:27:08 +0000] "POST /api/v4/jobs/request HTTP/1.1" 204 0 "" "gitlab-runner 11.4.2 (11-4-stable; go1.8.7; linux/amd64)"
172.18.0.1 - - [11/Nov/2018:16:27:10 +0000] "GET /root/spring-boot-examples/commit/a49bed968d023940639c84f9eb17cb3d7dd39b58/pipelines?ref=master HTTP/1.1" 200 1056 "http://localhost/root/spring-boot-examples/blob/master/.gitlab-ci.yml" "Mozilla/5.0 (X11; Linux x86_64) AppleWebKit/537.36 (KHTML, like Gecko) Chrome/70.0.3538.77 Safari/537.36"
172.18.0.2 - - [11/Nov/2018:16:27:11 +0000] "POST /api/v4/jobs/request HTTP/1.1" 204 0 "" "gitlab-runner 11.4.2 (11-4-stable; go1.8.7; linux/amd64)"
172.18.0.2 - - [11/Nov/2018:16:27:14 +0000] "POST /api/v4/jobs/request HTTP/1.1" 204 0 "" "gitlab-runner 11.4.2 (11-4-stable; go1.8.7; linux/amd64)"
127.0.0.1 - - [11/Nov/2018:16:27:15 +0000] "GET /help HTTP/1.1" 200 37694 "" "curl/7.59.0"
172.18.0.2 - - [11/Nov/2018:16:27:17 +0000] "POST /api/v4/jobs/request HTTP/1.1" 204 0 "" "gitlab-runner 11.4.2 (11-4-stable; go1.8.7; linux/amd64)"
172.18.0.2 - - [11/Nov/2018:16:27:20 +0000] "POST /api/v4/jobs/request HTTP/1.1" 204 0 "" "gitlab-runner 11.4.2 (11-4-stable; go1.8.7; linux/amd64)"
172.18.0.2 - - [11/Nov/2018:16:27:23 +0000] "POST /api/v4/jobs/request HTTP/1.1" 204 0 "" "gitlab-runner 11.4.2 (11-4-stable; go1.8.7; linux/amd64)"
