172.17.0.1 - - [11/Nov/2018:15:49:42 +0000] "GET / HTTP/1.1" 502 2940 "" "Mozilla/5.0 (X11; Linux x86_64) AppleWebKit/537.36 (KHTML, like Gecko) Chrome/70.0.3538.77 Safari/537.36"
172.17.0.1 - - [11/Nov/2018:15:49:42 +0000] "GET /favicon.ico HTTP/1.1" 502 2940 "http://localhost/" "Mozilla/5.0 (X11; Linux x86_64) AppleWebKit/537.36 (KHTML, like Gecko) Chrome/70.0.3538.77 Safari/537.36"
172.17.0.1 - - [11/Nov/2018:15:49:58 +0000] "GET / HTTP/1.1" 502 2940 "" "Mozilla/5.0 (X11; Linux x86_64) AppleWebKit/537.36 (KHTML, like Gecko) Chrome/70.0.3538.77 Safari/537.36"
172.17.0.1 - - [11/Nov/2018:15:49:58 +0000] "GET /favicon.ico HTTP/1.1" 502 2940 "http://localhost/" "Mozilla/5.0 (X11; Linux x86_64) AppleWebKit/537.36 (KHTML, like Gecko) Chrome/70.0.3538.77 Safari/537.36"
172.17.0.1 - - [11/Nov/2018:15:49:59 +0000] "GET / HTTP/1.1" 502 2940 "" "Mozilla/5.0 (X11; Linux x86_64) AppleWebKit/537.36 (KHTML, like Gecko) Chrome/70.0.3538.77 Safari/537.36"
172.17.0.1 - - [11/Nov/2018:15:50:00 +0000] "GET /favicon.ico HTTP/1.1" 502 2940 "http://localhost/" "Mozilla/5.0 (X11; Linux x86_64) AppleWebKit/537.36 (KHTML, like Gecko) Chrome/70.0.3538.77 Safari/537.36"
127.0.0.1 - - [11/Nov/2018:15:50:08 +0000] "GET /help HTTP/1.1" 200 37700 "" "curl/7.59.0"
172.17.0.1 - - [11/Nov/2018:15:50:30 +0000] "GET / HTTP/1.1" 302 96 "" "Mozilla/5.0 (X11; Linux x86_64) AppleWebKit/537.36 (KHTML, like Gecko) Chrome/70.0.3538.77 Safari/537.36"
172.17.0.1 - - [11/Nov/2018:15:50:31 +0000] "GET /users/sign_in HTTP/1.1" 302 144 "" "Mozilla/5.0 (X11; Linux x86_64) AppleWebKit/537.36 (KHTML, like Gecko) Chrome/70.0.3538.77 Safari/537.36"
172.17.0.1 - - [11/Nov/2018:15:50:31 +0000] "GET /users/password/edit?reset_password_token=FFFvcTLntJCpKo4u1GSF HTTP/1.1" 502 2940 "" "Mozilla/5.0 (X11; Linux x86_64) AppleWebKit/537.36 (KHTML, like Gecko) Chrome/70.0.3538.77 Safari/537.36"
172.17.0.1 - - [11/Nov/2018:15:50:32 +0000] "GET /favicon.ico HTTP/1.1" 301 166 "http://localhost/users/password/edit" "Mozilla/5.0 (X11; Linux x86_64) AppleWebKit/537.36 (KHTML, like Gecko) Chrome/70.0.3538.77 Safari/537.36"
172.17.0.1 - - [11/Nov/2018:15:50:45 +0000] "GET /users/password/edit?reset_password_token=FFFvcTLntJCpKo4u1GSF HTTP/1.1" 200 3447 "" "Mozilla/5.0 (X11; Linux x86_64) AppleWebKit/537.36 (KHTML, like Gecko) Chrome/70.0.3538.77 Safari/537.36"
172.17.0.1 - - [11/Nov/2018:15:50:46 +0000] "GET /assets/favicon-7901bd695fb93edb07975966062049829afb56cf11511236e61bcf425070e36e.png HTTP/1.1" 200 1611 "http://localhost/users/password/edit" "Mozilla/5.0 (X11; Linux x86_64) AppleWebKit/537.36 (KHTML, like Gecko) Chrome/70.0.3538.77 Safari/537.36"
172.17.0.1 - - [11/Nov/2018:15:50:51 +0000] "POST /users/password HTTP/1.1" 302 96 "http://localhost/users/password/edit" "Mozilla/5.0 (X11; Linux x86_64) AppleWebKit/537.36 (KHTML, like Gecko) Chrome/70.0.3538.77 Safari/537.36"
172.17.0.1 - - [11/Nov/2018:15:50:51 +0000] "GET /users/sign_in HTTP/1.1" 200 4248 "http://localhost/users/password/edit" "Mozilla/5.0 (X11; Linux x86_64) AppleWebKit/537.36 (KHTML, like Gecko) Chrome/70.0.3538.77 Safari/537.36"
172.17.0.1 - - [11/Nov/2018:15:50:56 +0000] "POST /users/sign_in HTTP/1.1" 302 83 "http://localhost/users/sign_in" "Mozilla/5.0 (X11; Linux x86_64) AppleWebKit/537.36 (KHTML, like Gecko) Chrome/70.0.3538.77 Safari/537.36"
172.17.0.1 - - [11/Nov/2018:15:50:57 +0000] "GET / HTTP/1.1" 200 8096 "http://localhost/users/sign_in" "Mozilla/5.0 (X11; Linux x86_64) AppleWebKit/537.36 (KHTML, like Gecko) Chrome/70.0.3538.77 Safari/537.36"
127.0.0.1 - - [11/Nov/2018:15:51:09 +0000] "GET /help HTTP/1.1" 200 37700 "" "curl/7.59.0"
172.17.0.1 - - [11/Nov/2018:15:51:52 +0000] "GET /admin HTTP/1.1" 200 8020 "http://localhost/" "Mozilla/5.0 (X11; Linux x86_64) AppleWebKit/537.36 (KHTML, like Gecko) Chrome/70.0.3538.77 Safari/537.36"
172.17.0.1 - - [11/Nov/2018:15:51:54 +0000] "GET /admin/runners HTTP/1.1" 200 9342 "http://localhost/admin" "Mozilla/5.0 (X11; Linux x86_64) AppleWebKit/537.36 (KHTML, like Gecko) Chrome/70.0.3538.77 Safari/537.36"
127.0.0.1 - - [11/Nov/2018:15:52:09 +0000] "GET /help HTTP/1.1" 200 37700 "" "curl/7.59.0"
127.0.0.1 - - [11/Nov/2018:15:53:10 +0000] "GET /help HTTP/1.1" 200 37700 "" "curl/7.59.0"
127.0.0.1 - - [11/Nov/2018:15:54:11 +0000] "GET /help HTTP/1.1" 200 37700 "" "curl/7.59.0"
172.18.0.1 - - [11/Nov/2018:15:55:57 +0000] "GET /admin/runners HTTP/1.1" 502 2940 "http://localhost/admin" "Mozilla/5.0 (X11; Linux x86_64) AppleWebKit/537.36 (KHTML, like Gecko) Chrome/70.0.3538.77 Safari/537.36"
172.18.0.1 - - [11/Nov/2018:15:55:57 +0000] "GET /favicon.ico HTTP/1.1" 502 2940 "http://localhost/admin/runners" "Mozilla/5.0 (X11; Linux x86_64) AppleWebKit/537.36 (KHTML, like Gecko) Chrome/70.0.3538.77 Safari/537.36"
172.18.0.1 - - [11/Nov/2018:15:56:19 +0000] "GET /admin/runners HTTP/1.1" 502 2940 "http://localhost/admin" "Mozilla/5.0 (X11; Linux x86_64) AppleWebKit/537.36 (KHTML, like Gecko) Chrome/70.0.3538.77 Safari/537.36"
172.18.0.1 - - [11/Nov/2018:15:56:19 +0000] "GET /favicon.ico HTTP/1.1" 502 2940 "http://localhost/admin/runners" "Mozilla/5.0 (X11; Linux x86_64) AppleWebKit/537.36 (KHTML, like Gecko) Chrome/70.0.3538.77 Safari/537.36"
127.0.0.1 - - [11/Nov/2018:15:56:20 +0000] "GET /help HTTP/1.1" 502 2940 "" "curl/7.59.0"
172.18.0.1 - - [11/Nov/2018:15:56:21 +0000] "GET /admin/runners HTTP/1.1" 502 2940 "http://localhost/admin" "Mozilla/5.0 (X11; Linux x86_64) AppleWebKit/537.36 (KHTML, like Gecko) Chrome/70.0.3538.77 Safari/537.36"
172.18.0.1 - - [11/Nov/2018:15:56:21 +0000] "GET /favicon.ico HTTP/1.1" 502 2940 "http://localhost/admin/runners" "Mozilla/5.0 (X11; Linux x86_64) AppleWebKit/537.36 (KHTML, like Gecko) Chrome/70.0.3538.77 Safari/537.36"
172.18.0.1 - - [11/Nov/2018:15:56:22 +0000] "GET /admin/runners HTTP/1.1" 502 2940 "http://localhost/admin" "Mozilla/5.0 (X11; Linux x86_64) AppleWebKit/537.36 (KHTML, like Gecko) Chrome/70.0.3538.77 Safari/537.36"
172.18.0.1 - - [11/Nov/2018:15:56:22 +0000] "GET /favicon.ico HTTP/1.1" 502 2940 "http://localhost/admin/runners" "Mozilla/5.0 (X11; Linux x86_64) AppleWebKit/537.36 (KHTML, like Gecko) Chrome/70.0.3538.77 Safari/537.36"
172.18.0.1 - - [11/Nov/2018:15:56:36 +0000] "GET /admin/runners HTTP/1.1" 200 9344 "http://localhost/admin" "Mozilla/5.0 (X11; Linux x86_64) AppleWebKit/537.36 (KHTML, like Gecko) Chrome/70.0.3538.77 Safari/537.36"
172.18.0.1 - - [11/Nov/2018:15:56:37 +0000] "GET /assets/favicon-7901bd695fb93edb07975966062049829afb56cf11511236e61bcf425070e36e.png HTTP/1.1" 200 1611 "http://localhost/admin/runners" "Mozilla/5.0 (X11; Linux x86_64) AppleWebKit/537.36 (KHTML, like Gecko) Chrome/70.0.3538.77 Safari/537.36"
172.18.0.2 - - [11/Nov/2018:15:56:56 +0000] "POST /api/v4/runners HTTP/1.1" 201 49 "" "gitlab-runner 11.4.2 (11-4-stable; go1.8.7; linux/amd64)"
172.18.0.2 - - [11/Nov/2018:15:57:08 +0000] "POST /api/v4/jobs/request HTTP/1.1" 204 0 "" "gitlab-runner 11.4.2 (11-4-stable; go1.8.7; linux/amd64)"
172.18.0.2 - - [11/Nov/2018:15:57:11 +0000] "POST /api/v4/jobs/request HTTP/1.1" 204 0 "" "gitlab-runner 11.4.2 (11-4-stable; go1.8.7; linux/amd64)"
172.18.0.1 - - [11/Nov/2018:15:57:11 +0000] "GET /admin/runners HTTP/1.1" 200 9971 "http://localhost/admin" "Mozilla/5.0 (X11; Linux x86_64) AppleWebKit/537.36 (KHTML, like Gecko) Chrome/70.0.3538.77 Safari/537.36"
172.18.0.1 - - [11/Nov/2018:15:57:12 +0000] "GET /assets/favicon-7901bd695fb93edb07975966062049829afb56cf11511236e61bcf425070e36e.png HTTP/1.1" 200 1611 "http://localhost/admin/runners" "Mozilla/5.0 (X11; Linux x86_64) AppleWebKit/537.36 (KHTML, like Gecko) Chrome/70.0.3538.77 Safari/537.36"
172.18.0.2 - - [11/Nov/2018:15:57:14 +0000] "POST /api/v4/jobs/request HTTP/1.1" 204 0 "" "gitlab-runner 11.4.2 (11-4-stable; go1.8.7; linux/amd64)"
172.18.0.2 - - [11/Nov/2018:15:57:17 +0000] "POST /api/v4/jobs/request HTTP/1.1" 204 0 "" "gitlab-runner 11.4.2 (11-4-stable; go1.8.7; linux/amd64)"
172.18.0.2 - - [11/Nov/2018:15:57:20 +0000] "POST /api/v4/jobs/request HTTP/1.1" 204 0 "" "gitlab-runner 11.4.2 (11-4-stable; go1.8.7; linux/amd64)"
127.0.0.1 - - [11/Nov/2018:15:57:21 +0000] "GET /help HTTP/1.1" 200 37700 "" "curl/7.59.0"
172.18.0.2 - - [11/Nov/2018:15:57:23 +0000] "POST /api/v4/jobs/request HTTP/1.1" 204 0 "" "gitlab-runner 11.4.2 (11-4-stable; go1.8.7; linux/amd64)"
172.18.0.2 - - [11/Nov/2018:15:59:36 +0000] "POST /api/v4/jobs/request HTTP/1.1" 502 24 "" "gitlab-runner 11.4.2 (11-4-stable; go1.8.7; linux/amd64)"
172.18.0.2 - - [11/Nov/2018:15:59:39 +0000] "POST /api/v4/jobs/request HTTP/1.1" 502 24 "" "gitlab-runner 11.4.2 (11-4-stable; go1.8.7; linux/amd64)"
172.18.0.2 - - [11/Nov/2018:15:59:42 +0000] "POST /api/v4/jobs/request HTTP/1.1" 502 24 "" "gitlab-runner 11.4.2 (11-4-stable; go1.8.7; linux/amd64)"
172.18.0.2 - - [11/Nov/2018:15:59:45 +0000] "POST /api/v4/jobs/request HTTP/1.1" 502 24 "" "gitlab-runner 11.4.2 (11-4-stable; go1.8.7; linux/amd64)"
172.18.0.2 - - [11/Nov/2018:15:59:48 +0000] "POST /api/v4/jobs/request HTTP/1.1" 502 24 "" "gitlab-runner 11.4.2 (11-4-stable; go1.8.7; linux/amd64)"
172.18.0.2 - - [11/Nov/2018:15:59:51 +0000] "POST /api/v4/jobs/request HTTP/1.1" 502 24 "" "gitlab-runner 11.4.2 (11-4-stable; go1.8.7; linux/amd64)"
172.18.0.2 - - [11/Nov/2018:15:59:54 +0000] "POST /api/v4/jobs/request HTTP/1.1" 502 24 "" "gitlab-runner 11.4.2 (11-4-stable; go1.8.7; linux/amd64)"
172.18.0.2 - - [11/Nov/2018:15:59:57 +0000] "POST /api/v4/jobs/request HTTP/1.1" 502 24 "" "gitlab-runner 11.4.2 (11-4-stable; go1.8.7; linux/amd64)"
172.18.0.1 - - [11/Nov/2018:16:00:01 +0000] "GET /admin/runners HTTP/1.1" 502 2940 "http://localhost/admin" "Mozilla/5.0 (X11; Linux x86_64) AppleWebKit/537.36 (KHTML, like Gecko) Chrome/70.0.3538.77 Safari/537.36"
172.18.0.1 - - [11/Nov/2018:16:00:02 +0000] "GET /favicon.ico HTTP/1.1" 502 2940 "http://localhost/admin/runners" "Mozilla/5.0 (X11; Linux x86_64) AppleWebKit/537.36 (KHTML, like Gecko) Chrome/70.0.3538.77 Safari/537.36"
172.18.0.2 - - [11/Nov/2018:16:00:02 +0000] "POST /api/v4/jobs/request HTTP/1.1" 502 24 "" "gitlab-runner 11.4.2 (11-4-stable; go1.8.7; linux/amd64)"
172.18.0.1 - - [11/Nov/2018:16:00:03 +0000] "GET /admin/runners HTTP/1.1" 502 2940 "http://localhost/admin" "Mozilla/5.0 (X11; Linux x86_64) AppleWebKit/537.36 (KHTML, like Gecko) Chrome/70.0.3538.77 Safari/537.36"
172.18.0.1 - - [11/Nov/2018:16:00:03 +0000] "GET /favicon.ico HTTP/1.1" 502 2940 "http://localhost/admin/runners" "Mozilla/5.0 (X11; Linux x86_64) AppleWebKit/537.36 (KHTML, like Gecko) Chrome/70.0.3538.77 Safari/537.36"
172.18.0.2 - - [11/Nov/2018:16:00:17 +0000] "POST /api/v4/jobs/request HTTP/1.1" 204 0 "" "gitlab-runner 11.4.2 (11-4-stable; go1.8.7; linux/amd64)"
172.18.0.1 - - [11/Nov/2018:16:00:19 +0000] "GET /admin/runners HTTP/1.1" 200 9970 "http://localhost/admin" "Mozilla/5.0 (X11; Linux x86_64) AppleWebKit/537.36 (KHTML, like Gecko) Chrome/70.0.3538.77 Safari/537.36"
127.0.0.1 - - [11/Nov/2018:16:00:19 +0000] "GET /help HTTP/1.1" 200 37700 "" "curl/7.59.0"
172.18.0.1 - - [11/Nov/2018:16:00:20 +0000] "GET /assets/favicon-7901bd695fb93edb07975966062049829afb56cf11511236e61bcf425070e36e.png HTTP/1.1" 200 1611 "http://localhost/admin/runners" "Mozilla/5.0 (X11; Linux x86_64) AppleWebKit/537.36 (KHTML, like Gecko) Chrome/70.0.3538.77 Safari/537.36"
172.18.0.2 - - [11/Nov/2018:16:00:20 +0000] "POST /api/v4/jobs/request HTTP/1.1" 204 0 "" "gitlab-runner 11.4.2 (11-4-stable; go1.8.7; linux/amd64)"
172.18.0.2 - - [11/Nov/2018:16:00:23 +0000] "POST /api/v4/jobs/request HTTP/1.1" 204 0 "" "gitlab-runner 11.4.2 (11-4-stable; go1.8.7; linux/amd64)"
172.18.0.2 - - [11/Nov/2018:16:00:26 +0000] "POST /api/v4/jobs/request HTTP/1.1" 204 0 "" "gitlab-runner 11.4.2 (11-4-stable; go1.8.7; linux/amd64)"
172.18.0.2 - - [11/Nov/2018:16:00:29 +0000] "POST /api/v4/jobs/request HTTP/1.1" 204 0 "" "gitlab-runner 11.4.2 (11-4-stable; go1.8.7; linux/amd64)"
172.18.0.1 - - [11/Nov/2018:16:00:31 +0000] "GET /users/sign_out HTTP/1.1" 302 96 "http://localhost/admin/runners" "Mozilla/5.0 (X11; Linux x86_64) AppleWebKit/537.36 (KHTML, like Gecko) Chrome/70.0.3538.77 Safari/537.36"
172.18.0.1 - - [11/Nov/2018:16:00:31 +0000] "GET /users/sign_in HTTP/1.1" 200 4539 "http://localhost/admin/runners" "Mozilla/5.0 (X11; Linux x86_64) AppleWebKit/537.36 (KHTML, like Gecko) Chrome/70.0.3538.77 Safari/537.36"
172.18.0.2 - - [11/Nov/2018:16:00:32 +0000] "POST /api/v4/jobs/request HTTP/1.1" 204 0 "" "gitlab-runner 11.4.2 (11-4-stable; go1.8.7; linux/amd64)"
172.18.0.1 - - [11/Nov/2018:16:00:33 +0000] "POST /users/auth/google_oauth2 HTTP/1.1" 302 334 "http://localhost/users/sign_in" "Mozilla/5.0 (X11; Linux x86_64) AppleWebKit/537.36 (KHTML, like Gecko) Chrome/70.0.3538.77 Safari/537.36"
172.18.0.2 - - [11/Nov/2018:16:00:35 +0000] "POST /api/v4/jobs/request HTTP/1.1" 204 0 "" "gitlab-runner 11.4.2 (11-4-stable; go1.8.7; linux/amd64)"
172.18.0.2 - - [11/Nov/2018:16:00:38 +0000] "POST /api/v4/jobs/request HTTP/1.1" 204 0 "" "gitlab-runner 11.4.2 (11-4-stable; go1.8.7; linux/amd64)"
172.18.0.1 - - [11/Nov/2018:16:00:40 +0000] "GET /users/auth/google_oauth2/callback?state=21a93899880f6ec1ad79810d6849e0b7010090f5a1abee67&code=4/kgCE5sLRmraHtNMqjJppIoRWEq8TULynKmIuFtKkWTWtBd-lTwElZFhiv4NF6pOc9LYd0MXe_gnYpsXv5hrSLVc&scope=email+profile+https://www.googleapis.com/auth/userinfo.email+https://www.googleapis.com/auth/userinfo.profile HTTP/1.1" 302 96 "http://localhost/" "Mozilla/5.0 (X11; Linux x86_64) AppleWebKit/537.36 (KHTML, like Gecko) Chrome/70.0.3538.77 Safari/537.36"
172.18.0.1 - - [11/Nov/2018:16:00:40 +0000] "GET /users/sign_in HTTP/1.1" 200 4633 "http://localhost/" "Mozilla/5.0 (X11; Linux x86_64) AppleWebKit/537.36 (KHTML, like Gecko) Chrome/70.0.3538.77 Safari/537.36"
172.18.0.2 - - [11/Nov/2018:16:00:41 +0000] "POST /api/v4/jobs/request HTTP/1.1" 204 0 "" "gitlab-runner 11.4.2 (11-4-stable; go1.8.7; linux/amd64)"
172.18.0.2 - - [11/Nov/2018:16:00:44 +0000] "POST /api/v4/jobs/request HTTP/1.1" 204 0 "" "gitlab-runner 11.4.2 (11-4-stable; go1.8.7; linux/amd64)"
172.18.0.2 - - [11/Nov/2018:16:00:47 +0000] "POST /api/v4/jobs/request HTTP/1.1" 204 0 "" "gitlab-runner 11.4.2 (11-4-stable; go1.8.7; linux/amd64)"
172.18.0.2 - - [11/Nov/2018:16:00:50 +0000] "POST /api/v4/jobs/request HTTP/1.1" 204 0 "" "gitlab-runner 11.4.2 (11-4-stable; go1.8.7; linux/amd64)"
172.18.0.2 - - [11/Nov/2018:16:00:53 +0000] "POST /api/v4/jobs/request HTTP/1.1" 204 0 "" "gitlab-runner 11.4.2 (11-4-stable; go1.8.7; linux/amd64)"
172.18.0.2 - - [11/Nov/2018:16:00:56 +0000] "POST /api/v4/jobs/request HTTP/1.1" 204 0 "" "gitlab-runner 11.4.2 (11-4-stable; go1.8.7; linux/amd64)"
172.18.0.1 - - [11/Nov/2018:16:00:57 +0000] "POST /users/sign_in HTTP/1.1" 302 390 "http://localhost/users/sign_in" "Mozilla/5.0 (X11; Linux x86_64) AppleWebKit/537.36 (KHTML, like Gecko) Chrome/70.0.3538.77 Safari/537.36"
172.18.0.1 - - [11/Nov/2018:16:00:57 +0000] "GET /users/auth/google_oauth2/callback?state=21a93899880f6ec1ad79810d6849e0b7010090f5a1abee67&code=4/kgCE5sLRmraHtNMqjJppIoRWEq8TULynKmIuFtKkWTWtBd-lTwElZFhiv4NF6pOc9LYd0MXe_gnYpsXv5hrSLVc&scope=email+profile+https://www.googleapis.com/auth/userinfo.email+https://www.googleapis.com/auth/userinfo.profile HTTP/1.1" 302 96 "http://localhost/users/sign_in" "Mozilla/5.0 (X11; Linux x86_64) AppleWebKit/537.36 (KHTML, like Gecko) Chrome/70.0.3538.77 Safari/537.36"
172.18.0.1 - - [11/Nov/2018:16:00:57 +0000] "GET /users/sign_in HTTP/1.1" 302 83 "http://localhost/users/sign_in" "Mozilla/5.0 (X11; Linux x86_64) AppleWebKit/537.36 (KHTML, like Gecko) Chrome/70.0.3538.77 Safari/537.36"
172.18.0.1 - - [11/Nov/2018:16:00:58 +0000] "GET / HTTP/1.1" 200 8125 "http://localhost/users/sign_in" "Mozilla/5.0 (X11; Linux x86_64) AppleWebKit/537.36 (KHTML, like Gecko) Chrome/70.0.3538.77 Safari/537.36"
172.18.0.2 - - [11/Nov/2018:16:00:59 +0000] "POST /api/v4/jobs/request HTTP/1.1" 204 0 "" "gitlab-runner 11.4.2 (11-4-stable; go1.8.7; linux/amd64)"
172.18.0.1 - - [11/Nov/2018:16:01:00 +0000] "GET /-/instance_statistics HTTP/1.1" 301 137 "http://localhost/" "Mozilla/5.0 (X11; Linux x86_64) AppleWebKit/537.36 (KHTML, like Gecko) Chrome/70.0.3538.77 Safari/537.36"
172.18.0.1 - - [11/Nov/2018:16:01:00 +0000] "GET /-/instance_statistics/conversational_development_index HTTP/1.1" 499 0 "http://localhost/" "Mozilla/5.0 (X11; Linux x86_64) AppleWebKit/537.36 (KHTML, like Gecko) Chrome/70.0.3538.77 Safari/537.36"
172.18.0.2 - - [11/Nov/2018:16:01:02 +0000] "POST /api/v4/jobs/request HTTP/1.1" 204 0 "" "gitlab-runner 11.4.2 (11-4-stable; go1.8.7; linux/amd64)"
172.18.0.1 - - [11/Nov/2018:16:01:02 +0000] "GET /admin HTTP/1.1" 200 8068 "http://localhost/" "Mozilla/5.0 (X11; Linux x86_64) AppleWebKit/537.36 (KHTML, like Gecko) Chrome/70.0.3538.77 Safari/537.36"
172.18.0.2 - - [11/Nov/2018:16:01:05 +0000] "POST /api/v4/jobs/request HTTP/1.1" 204 0 "" "gitlab-runner 11.4.2 (11-4-stable; go1.8.7; linux/amd64)"
172.18.0.1 - - [11/Nov/2018:16:01:06 +0000] "GET /admin/users HTTP/1.1" 200 7958 "http://localhost/admin" "Mozilla/5.0 (X11; Linux x86_64) AppleWebKit/537.36 (KHTML, like Gecko) Chrome/70.0.3538.77 Safari/537.36"
172.18.0.2 - - [11/Nov/2018:16:01:08 +0000] "POST /api/v4/jobs/request HTTP/1.1" 204 0 "" "gitlab-runner 11.4.2 (11-4-stable; go1.8.7; linux/amd64)"
172.18.0.1 - - [11/Nov/2018:16:01:09 +0000] "GET /admin/users?filter=two_factor_disabled HTTP/1.1" 200 8339 "http://localhost/admin/users" "Mozilla/5.0 (X11; Linux x86_64) AppleWebKit/537.36 (KHTML, like Gecko) Chrome/70.0.3538.77 Safari/537.36"
172.18.0.2 - - [11/Nov/2018:16:01:11 +0000] "POST /api/v4/jobs/request HTTP/1.1" 204 0 "" "gitlab-runner 11.4.2 (11-4-stable; go1.8.7; linux/amd64)"
172.18.0.1 - - [11/Nov/2018:16:01:11 +0000] "GET /admin/users?filter=admins HTTP/1.1" 200 7997 "http://localhost/admin/users" "Mozilla/5.0 (X11; Linux x86_64) AppleWebKit/537.36 (KHTML, like Gecko) Chrome/70.0.3538.77 Safari/537.36"
172.18.0.1 - - [11/Nov/2018:16:01:12 +0000] "GET /admin/users?filter=two_factor_disabled HTTP/1.1" 200 8339 "http://localhost/admin/users" "Mozilla/5.0 (X11; Linux x86_64) AppleWebKit/537.36 (KHTML, like Gecko) Chrome/70.0.3538.77 Safari/537.36"
172.18.0.2 - - [11/Nov/2018:16:01:14 +0000] "POST /api/v4/jobs/request HTTP/1.1" 204 0 "" "gitlab-runner 11.4.2 (11-4-stable; go1.8.7; linux/amd64)"
172.18.0.1 - - [11/Nov/2018:16:01:15 +0000] "GET /admin/users?filter=blocked HTTP/1.1" 200 8247 "http://localhost/admin/users" "Mozilla/5.0 (X11; Linux x86_64) AppleWebKit/537.36 (KHTML, like Gecko) Chrome/70.0.3538.77 Safari/537.36"
172.18.0.2 - - [11/Nov/2018:16:01:17 +0000] "POST /api/v4/jobs/request HTTP/1.1" 204 0 "" "gitlab-runner 11.4.2 (11-4-stable; go1.8.7; linux/amd64)"
172.18.0.2 - - [11/Nov/2018:16:01:20 +0000] "POST /api/v4/jobs/request HTTP/1.1" 204 0 "" "gitlab-runner 11.4.2 (11-4-stable; go1.8.7; linux/amd64)"
127.0.0.1 - - [11/Nov/2018:16:01:20 +0000] "GET /help HTTP/1.1" 200 37700 "" "curl/7.59.0"
172.18.0.1 - - [11/Nov/2018:16:01:22 +0000] "POST /admin/users/chn566?hard_delete=true HTTP/1.1" 302 94 "http://localhost/admin/users" "Mozilla/5.0 (X11; Linux x86_64) AppleWebKit/537.36 (KHTML, like Gecko) Chrome/70.0.3538.77 Safari/537.36"
172.18.0.1 - - [11/Nov/2018:16:01:22 +0000] "GET /admin/users HTTP/1.1" 200 7994 "http://localhost/admin/users" "Mozilla/5.0 (X11; Linux x86_64) AppleWebKit/537.36 (KHTML, like Gecko) Chrome/70.0.3538.77 Safari/537.36"
172.18.0.2 - - [11/Nov/2018:16:01:23 +0000] "POST /api/v4/jobs/request HTTP/1.1" 204 0 "" "gitlab-runner 11.4.2 (11-4-stable; go1.8.7; linux/amd64)"
172.18.0.2 - - [11/Nov/2018:16:01:26 +0000] "POST /api/v4/jobs/request HTTP/1.1" 204 0 "" "gitlab-runner 11.4.2 (11-4-stable; go1.8.7; linux/amd64)"
172.18.0.1 - - [11/Nov/2018:16:01:28 +0000] "GET /users/sign_out HTTP/1.1" 302 96 "http://localhost/admin/users" "Mozilla/5.0 (X11; Linux x86_64) AppleWebKit/537.36 (KHTML, like Gecko) Chrome/70.0.3538.77 Safari/537.36"
172.18.0.1 - - [11/Nov/2018:16:01:28 +0000] "GET /users/sign_in HTTP/1.1" 200 4544 "http://localhost/admin/users" "Mozilla/5.0 (X11; Linux x86_64) AppleWebKit/537.36 (KHTML, like Gecko) Chrome/70.0.3538.77 Safari/537.36"
172.18.0.2 - - [11/Nov/2018:16:01:29 +0000] "POST /api/v4/jobs/request HTTP/1.1" 204 0 "" "gitlab-runner 11.4.2 (11-4-stable; go1.8.7; linux/amd64)"
172.18.0.3 - - [11/Nov/2018:16:02:00 +0000] "POST /api/v4/jobs/request HTTP/1.1" 502 24 "" "gitlab-runner 11.4.2 (11-4-stable; go1.8.7; linux/amd64)"
172.18.0.3 - - [11/Nov/2018:16:02:03 +0000] "POST /api/v4/jobs/request HTTP/1.1" 502 24 "" "gitlab-runner 11.4.2 (11-4-stable; go1.8.7; linux/amd64)"
172.18.0.3 - - [11/Nov/2018:16:02:06 +0000] "POST /api/v4/jobs/request HTTP/1.1" 502 24 "" "gitlab-runner 11.4.2 (11-4-stable; go1.8.7; linux/amd64)"
172.18.0.3 - - [11/Nov/2018:16:02:09 +0000] "POST /api/v4/jobs/request HTTP/1.1" 502 24 "" "gitlab-runner 11.4.2 (11-4-stable; go1.8.7; linux/amd64)"
172.18.0.3 - - [11/Nov/2018:16:02:12 +0000] "POST /api/v4/jobs/request HTTP/1.1" 502 24 "" "gitlab-runner 11.4.2 (11-4-stable; go1.8.7; linux/amd64)"
172.18.0.3 - - [11/Nov/2018:16:02:15 +0000] "POST /api/v4/jobs/request HTTP/1.1" 502 24 "" "gitlab-runner 11.4.2 (11-4-stable; go1.8.7; linux/amd64)"
172.18.0.3 - - [11/Nov/2018:16:02:18 +0000] "POST /api/v4/jobs/request HTTP/1.1" 502 24 "" "gitlab-runner 11.4.2 (11-4-stable; go1.8.7; linux/amd64)"
172.18.0.1 - - [11/Nov/2018:16:02:21 +0000] "GET /users/sign_in HTTP/1.1" 502 2940 "http://localhost/admin/users" "Mozilla/5.0 (X11; Linux x86_64) AppleWebKit/537.36 (KHTML, like Gecko) Chrome/70.0.3538.77 Safari/537.36"
172.18.0.1 - - [11/Nov/2018:16:02:21 +0000] "GET /favicon.ico HTTP/1.1" 502 2940 "http://localhost/users/sign_in" "Mozilla/5.0 (X11; Linux x86_64) AppleWebKit/537.36 (KHTML, like Gecko) Chrome/70.0.3538.77 Safari/537.36"
172.18.0.3 - - [11/Nov/2018:16:02:21 +0000] "POST /api/v4/jobs/request HTTP/1.1" 502 24 "" "gitlab-runner 11.4.2 (11-4-stable; go1.8.7; linux/amd64)"
172.18.0.3 - - [11/Nov/2018:16:02:26 +0000] "POST /api/v4/jobs/request HTTP/1.1" 502 24 "" "gitlab-runner 11.4.2 (11-4-stable; go1.8.7; linux/amd64)"
172.18.0.3 - - [11/Nov/2018:16:02:41 +0000] "POST /api/v4/jobs/request HTTP/1.1" 204 0 "" "gitlab-runner 11.4.2 (11-4-stable; go1.8.7; linux/amd64)"
127.0.0.1 - - [11/Nov/2018:16:02:43 +0000] "GET /help HTTP/1.1" 200 37700 "" "curl/7.59.0"
172.18.0.3 - - [11/Nov/2018:16:02:44 +0000] "POST /api/v4/jobs/request HTTP/1.1" 204 0 "" "gitlab-runner 11.4.2 (11-4-stable; go1.8.7; linux/amd64)"
172.18.0.3 - - [11/Nov/2018:16:02:47 +0000] "POST /api/v4/jobs/request HTTP/1.1" 204 0 "" "gitlab-runner 11.4.2 (11-4-stable; go1.8.7; linux/amd64)"
172.18.0.3 - - [11/Nov/2018:16:02:50 +0000] "POST /api/v4/jobs/request HTTP/1.1" 204 0 "" "gitlab-runner 11.4.2 (11-4-stable; go1.8.7; linux/amd64)"
172.18.0.3 - - [11/Nov/2018:16:02:53 +0000] "POST /api/v4/jobs/request HTTP/1.1" 204 0 "" "gitlab-runner 11.4.2 (11-4-stable; go1.8.7; linux/amd64)"
172.18.0.3 - - [11/Nov/2018:16:02:56 +0000] "POST /api/v4/jobs/request HTTP/1.1" 204 0 "" "gitlab-runner 11.4.2 (11-4-stable; go1.8.7; linux/amd64)"
192.168.43.236 - - [11/Nov/2018:16:02:59 +0000] "GET / HTTP/1.1" 302 100 "" "Mozilla/5.0 (Android 8.0.0; Mobile; rv:63.0) Gecko/63.0 Firefox/63.0"
172.18.0.3 - - [11/Nov/2018:16:02:59 +0000] "POST /api/v4/jobs/request HTTP/1.1" 204 0 "" "gitlab-runner 11.4.2 (11-4-stable; go1.8.7; linux/amd64)"
192.168.43.236 - - [11/Nov/2018:16:03:00 +0000] "GET /users/sign_in HTTP/1.1" 200 4558 "" "Mozilla/5.0 (Android 8.0.0; Mobile; rv:63.0) Gecko/63.0 Firefox/63.0"
172.18.0.3 - - [11/Nov/2018:16:03:02 +0000] "POST /api/v4/jobs/request HTTP/1.1" 204 0 "" "gitlab-runner 11.4.2 (11-4-stable; go1.8.7; linux/amd64)"
192.168.43.236 - - [11/Nov/2018:16:03:02 +0000] "GET /assets/webpack/runtime.5866806a.bundle.js HTTP/1.1" 200 1922 "http://192.168.43.88/users/sign_in" "Mozilla/5.0 (Android 8.0.0; Mobile; rv:63.0) Gecko/63.0 Firefox/63.0"
192.168.43.236 - - [11/Nov/2018:16:03:02 +0000] "GET /assets/print-c8ff536271f8974b8a9a5f75c0ca25d2b8c1dceb4cff3c01d1603862a0bdcbfc.css HTTP/1.1" 200 384 "http://192.168.43.88/users/sign_in" "Mozilla/5.0 (Android 8.0.0; Mobile; rv:63.0) Gecko/63.0 Firefox/63.0"
192.168.43.236 - - [11/Nov/2018:16:03:03 +0000] "GET /assets/webpack/commons~pages.ldap.omniauth_callbacks~pages.omniauth_callbacks~pages.sessions~pages.sessions.new.f426f7b9.chunk.js HTTP/1.1" 200 3635 "http://192.168.43.88/users/sign_in" "Mozilla/5.0 (Android 8.0.0; Mobile; rv:63.0) Gecko/63.0 Firefox/63.0"
192.168.43.236 - - [11/Nov/2018:16:03:03 +0000] "GET /assets/webpack/pages.sessions.new.901760b7.chunk.js HTTP/1.1" 200 1754 "http://192.168.43.88/users/sign_in" "Mozilla/5.0 (Android 8.0.0; Mobile; rv:63.0) Gecko/63.0 Firefox/63.0"
172.18.0.1 - - [11/Nov/2018:16:03:05 +0000] "GET /users/sign_in HTTP/1.1" 200 4542 "http://localhost/admin/users" "Mozilla/5.0 (X11; Linux x86_64) AppleWebKit/537.36 (KHTML, like Gecko) Chrome/70.0.3538.77 Safari/537.36"
172.18.0.3 - - [11/Nov/2018:16:03:05 +0000] "POST /api/v4/jobs/request HTTP/1.1" 204 0 "" "gitlab-runner 11.4.2 (11-4-stable; go1.8.7; linux/amd64)"
192.168.43.236 - - [11/Nov/2018:16:03:05 +0000] "GET /assets/webpack/main.9751ed6c.chunk.js HTTP/1.1" 200 250185 "http://192.168.43.88/users/sign_in" "Mozilla/5.0 (Android 8.0.0; Mobile; rv:63.0) Gecko/63.0 Firefox/63.0"
192.168.43.236 - - [11/Nov/2018:16:03:05 +0000] "GET /assets/application-5e11f017cc719f3e7c77f1024cdea9381ee9b21f47fe391ef5d29a7f3c94ce4a.css HTTP/1.1" 200 125318 "http://192.168.43.88/users/sign_in" "Mozilla/5.0 (Android 8.0.0; Mobile; rv:63.0) Gecko/63.0 Firefox/63.0"
172.18.0.1 - - [11/Nov/2018:16:03:05 +0000] "GET /assets/favicon-7901bd695fb93edb07975966062049829afb56cf11511236e61bcf425070e36e.png HTTP/1.1" 200 1611 "http://localhost/users/sign_in" "Mozilla/5.0 (X11; Linux x86_64) AppleWebKit/537.36 (KHTML, like Gecko) Chrome/70.0.3538.77 Safari/537.36"
192.168.43.236 - - [11/Nov/2018:16:03:07 +0000] "GET /assets/webpack/emoji.af419848.chunk.js HTTP/1.1" 200 109881 "http://192.168.43.88/users/sign_in" "Mozilla/5.0 (Android 8.0.0; Mobile; rv:63.0) Gecko/63.0 Firefox/63.0"
192.168.43.236 - - [11/Nov/2018:16:03:08 +0000] "GET /assets/touch-icon-ipad-retina-8ebe416f5313483d9c1bc772b5bbe03ecad52a54eba443e5215a22caed2a16a2.png HTTP/1.1" 200 5662 "" "Mozilla/5.0 (Android 8.0.0; Mobile; rv:63.0.2) Gecko/63.0.2 Firefox/63.0.2"
192.168.43.236 - - [11/Nov/2018:16:03:08 +0000] "GET /assets/auth_buttons/google_64-9ab7462cd2115e11f80171018d8c39bd493fc375e83202fbb6d37a487ad01908.png HTTP/1.1" 200 1625 "http://192.168.43.88/users/sign_in" "Mozilla/5.0 (Android 8.0.0; Mobile; rv:63.0) Gecko/63.0 Firefox/63.0"
172.18.0.3 - - [11/Nov/2018:16:03:08 +0000] "POST /api/v4/jobs/request HTTP/1.1" 204 0 "" "gitlab-runner 11.4.2 (11-4-stable; go1.8.7; linux/amd64)"
192.168.43.236 - - [11/Nov/2018:16:03:10 +0000] "POST /users/auth/google_oauth2 HTTP/1.1" 302 334 "http://192.168.43.88/users/sign_in" "Mozilla/5.0 (Android 8.0.0; Mobile; rv:63.0) Gecko/63.0 Firefox/63.0"
172.18.0.3 - - [11/Nov/2018:16:03:11 +0000] "POST /api/v4/jobs/request HTTP/1.1" 204 0 "" "gitlab-runner 11.4.2 (11-4-stable; go1.8.7; linux/amd64)"
172.18.0.3 - - [11/Nov/2018:16:03:14 +0000] "POST /api/v4/jobs/request HTTP/1.1" 204 0 "" "gitlab-runner 11.4.2 (11-4-stable; go1.8.7; linux/amd64)"
172.18.0.3 - - [11/Nov/2018:16:03:17 +0000] "POST /api/v4/jobs/request HTTP/1.1" 204 0 "" "gitlab-runner 11.4.2 (11-4-stable; go1.8.7; linux/amd64)"
172.18.0.3 - - [11/Nov/2018:16:03:20 +0000] "POST /api/v4/jobs/request HTTP/1.1" 204 0 "" "gitlab-runner 11.4.2 (11-4-stable; go1.8.7; linux/amd64)"
172.18.0.3 - - [11/Nov/2018:16:03:23 +0000] "POST /api/v4/jobs/request HTTP/1.1" 204 0 "" "gitlab-runner 11.4.2 (11-4-stable; go1.8.7; linux/amd64)"
172.18.0.3 - - [11/Nov/2018:16:03:26 +0000] "POST /api/v4/jobs/request HTTP/1.1" 204 0 "" "gitlab-runner 11.4.2 (11-4-stable; go1.8.7; linux/amd64)"
172.18.0.3 - - [11/Nov/2018:16:03:29 +0000] "POST /api/v4/jobs/request HTTP/1.1" 204 0 "" "gitlab-runner 11.4.2 (11-4-stable; go1.8.7; linux/amd64)"
172.18.0.1 - - [11/Nov/2018:16:03:30 +0000] "POST /users/auth/google_oauth2 HTTP/1.1" 302 334 "http://localhost/users/sign_in" "Mozilla/5.0 (X11; Linux x86_64) AppleWebKit/537.36 (KHTML, like Gecko) Chrome/70.0.3538.77 Safari/537.36"
172.18.0.3 - - [11/Nov/2018:16:03:32 +0000] "POST /api/v4/jobs/request HTTP/1.1" 204 0 "" "gitlab-runner 11.4.2 (11-4-stable; go1.8.7; linux/amd64)"
172.18.0.1 - - [11/Nov/2018:16:03:33 +0000] "GET /users/auth/google_oauth2/callback?state=ce88a6807129903f879b15ba4d1d9db2fd0ced0ce63f6dbf&code=4/kgDqUfObanHnJEssnLhUmf4MkZkTnZgHLlF7vXaLgCjtRecp4srtlDmAVUAR9OwdZpartKQNgpCMU_Q7dhvjS5c&scope=email+profile+https://www.googleapis.com/auth/userinfo.profile+https://www.googleapis.com/auth/userinfo.email HTTP/1.1" 302 83 "http://localhost/" "Mozilla/5.0 (X11; Linux x86_64) AppleWebKit/537.36 (KHTML, like Gecko) Chrome/70.0.3538.77 Safari/537.36"
172.18.0.3 - - [11/Nov/2018:16:03:35 +0000] "POST /api/v4/jobs/request HTTP/1.1" 204 0 "" "gitlab-runner 11.4.2 (11-4-stable; go1.8.7; linux/amd64)"
172.18.0.1 - - [11/Nov/2018:16:03:35 +0000] "GET / HTTP/1.1" 200 7574 "http://localhost/" "Mozilla/5.0 (X11; Linux x86_64) AppleWebKit/537.36 (KHTML, like Gecko) Chrome/70.0.3538.77 Safari/537.36"
172.18.0.3 - - [11/Nov/2018:16:03:38 +0000] "POST /api/v4/jobs/request HTTP/1.1" 204 0 "" "gitlab-runner 11.4.2 (11-4-stable; go1.8.7; linux/amd64)"
172.18.0.3 - - [11/Nov/2018:16:03:41 +0000] "POST /api/v4/jobs/request HTTP/1.1" 204 0 "" "gitlab-runner 11.4.2 (11-4-stable; go1.8.7; linux/amd64)"
127.0.0.1 - - [11/Nov/2018:16:03:44 +0000] "GET /help HTTP/1.1" 200 37700 "" "curl/7.59.0"
172.18.0.3 - - [11/Nov/2018:16:03:44 +0000] "POST /api/v4/jobs/request HTTP/1.1" 204 0 "" "gitlab-runner 11.4.2 (11-4-stable; go1.8.7; linux/amd64)"
172.18.0.3 - - [11/Nov/2018:16:03:47 +0000] "POST /api/v4/jobs/request HTTP/1.1" 204 0 "" "gitlab-runner 11.4.2 (11-4-stable; go1.8.7; linux/amd64)"
172.18.0.3 - - [11/Nov/2018:16:03:50 +0000] "POST /api/v4/jobs/request HTTP/1.1" 204 0 "" "gitlab-runner 11.4.2 (11-4-stable; go1.8.7; linux/amd64)"
172.18.0.3 - - [11/Nov/2018:16:03:53 +0000] "POST /api/v4/jobs/request HTTP/1.1" 204 0 "" "gitlab-runner 11.4.2 (11-4-stable; go1.8.7; linux/amd64)"
172.18.0.3 - - [11/Nov/2018:16:03:56 +0000] "POST /api/v4/jobs/request HTTP/1.1" 204 0 "" "gitlab-runner 11.4.2 (11-4-stable; go1.8.7; linux/amd64)"
172.18.0.3 - - [11/Nov/2018:16:03:59 +0000] "POST /api/v4/jobs/request HTTP/1.1" 204 0 "" "gitlab-runner 11.4.2 (11-4-stable; go1.8.7; linux/amd64)"
172.18.0.3 - - [11/Nov/2018:16:04:02 +0000] "POST /api/v4/jobs/request HTTP/1.1" 204 0 "" "gitlab-runner 11.4.2 (11-4-stable; go1.8.7; linux/amd64)"
172.18.0.3 - - [11/Nov/2018:16:04:05 +0000] "POST /api/v4/jobs/request HTTP/1.1" 204 0 "" "gitlab-runner 11.4.2 (11-4-stable; go1.8.7; linux/amd64)"
172.18.0.3 - - [11/Nov/2018:16:04:08 +0000] "POST /api/v4/jobs/request HTTP/1.1" 204 0 "" "gitlab-runner 11.4.2 (11-4-stable; go1.8.7; linux/amd64)"
172.18.0.3 - - [11/Nov/2018:16:04:11 +0000] "POST /api/v4/jobs/request HTTP/1.1" 204 0 "" "gitlab-runner 11.4.2 (11-4-stable; go1.8.7; linux/amd64)"
172.18.0.3 - - [11/Nov/2018:16:04:14 +0000] "POST /api/v4/jobs/request HTTP/1.1" 204 0 "" "gitlab-runner 11.4.2 (11-4-stable; go1.8.7; linux/amd64)"
172.18.0.1 - - [11/Nov/2018:16:04:16 +0000] "POST /users/sign_in HTTP/1.1" 302 83 "http://localhost/users/sign_in" "Mozilla/5.0 (X11; Linux x86_64) AppleWebKit/537.36 (KHTML, like Gecko) Chrome/70.0.3538.77 Safari/537.36"
172.18.0.3 - - [11/Nov/2018:16:04:17 +0000] "POST /api/v4/jobs/request HTTP/1.1" 204 0 "" "gitlab-runner 11.4.2 (11-4-stable; go1.8.7; linux/amd64)"
172.18.0.1 - - [11/Nov/2018:16:04:17 +0000] "GET / HTTP/1.1" 200 7576 "http://localhost/users/sign_in" "Mozilla/5.0 (X11; Linux x86_64) AppleWebKit/537.36 (KHTML, like Gecko) Chrome/70.0.3538.77 Safari/537.36"
172.18.0.3 - - [11/Nov/2018:16:04:20 +0000] "POST /api/v4/jobs/request HTTP/1.1" 204 0 "" "gitlab-runner 11.4.2 (11-4-stable; go1.8.7; linux/amd64)"
172.18.0.3 - - [11/Nov/2018:16:04:23 +0000] "POST /api/v4/jobs/request HTTP/1.1" 204 0 "" "gitlab-runner 11.4.2 (11-4-stable; go1.8.7; linux/amd64)"
172.18.0.1 - - [11/Nov/2018:16:04:25 +0000] "GET /users/sign_out HTTP/1.1" 302 96 "http://localhost/" "Mozilla/5.0 (X11; Linux x86_64) AppleWebKit/537.36 (KHTML, like Gecko) Chrome/70.0.3538.77 Safari/537.36"
172.18.0.3 - - [11/Nov/2018:16:04:26 +0000] "POST /api/v4/jobs/request HTTP/1.1" 204 0 "" "gitlab-runner 11.4.2 (11-4-stable; go1.8.7; linux/amd64)"
172.18.0.1 - - [11/Nov/2018:16:04:26 +0000] "GET /users/sign_in HTTP/1.1" 200 4545 "http://localhost/" "Mozilla/5.0 (X11; Linux x86_64) AppleWebKit/537.36 (KHTML, like Gecko) Chrome/70.0.3538.77 Safari/537.36"
172.18.0.3 - - [11/Nov/2018:16:04:29 +0000] "POST /api/v4/jobs/request HTTP/1.1" 204 0 "" "gitlab-runner 11.4.2 (11-4-stable; go1.8.7; linux/amd64)"
172.18.0.1 - - [11/Nov/2018:16:04:32 +0000] "POST /users/sign_in HTTP/1.1" 302 83 "http://localhost/users/sign_in" "Mozilla/5.0 (X11; Linux x86_64) AppleWebKit/537.36 (KHTML, like Gecko) Chrome/70.0.3538.77 Safari/537.36"
172.18.0.3 - - [11/Nov/2018:16:04:32 +0000] "POST /api/v4/jobs/request HTTP/1.1" 204 0 "" "gitlab-runner 11.4.2 (11-4-stable; go1.8.7; linux/amd64)"
172.18.0.1 - - [11/Nov/2018:16:04:32 +0000] "GET / HTTP/1.1" 200 8093 "http://localhost/users/sign_in" "Mozilla/5.0 (X11; Linux x86_64) AppleWebKit/537.36 (KHTML, like Gecko) Chrome/70.0.3538.77 Safari/537.36"
172.18.0.3 - - [11/Nov/2018:16:04:35 +0000] "POST /api/v4/jobs/request HTTP/1.1" 204 0 "" "gitlab-runner 11.4.2 (11-4-stable; go1.8.7; linux/amd64)"
172.18.0.3 - - [11/Nov/2018:16:04:38 +0000] "POST /api/v4/jobs/request HTTP/1.1" 204 0 "" "gitlab-runner 11.4.2 (11-4-stable; go1.8.7; linux/amd64)"
172.18.0.1 - - [11/Nov/2018:16:04:39 +0000] "GET /admin HTTP/1.1" 200 8067 "http://localhost/" "Mozilla/5.0 (X11; Linux x86_64) AppleWebKit/537.36 (KHTML, like Gecko) Chrome/70.0.3538.77 Safari/537.36"
172.18.0.3 - - [11/Nov/2018:16:04:41 +0000] "POST /api/v4/jobs/request HTTP/1.1" 204 0 "" "gitlab-runner 11.4.2 (11-4-stable; go1.8.7; linux/amd64)"
172.18.0.3 - - [11/Nov/2018:16:04:44 +0000] "POST /api/v4/jobs/request HTTP/1.1" 204 0 "" "gitlab-runner 11.4.2 (11-4-stable; go1.8.7; linux/amd64)"
127.0.0.1 - - [11/Nov/2018:16:04:44 +0000] "GET /help HTTP/1.1" 200 37700 "" "curl/7.59.0"
172.18.0.3 - - [11/Nov/2018:16:04:47 +0000] "POST /api/v4/jobs/request HTTP/1.1" 204 0 "" "gitlab-runner 11.4.2 (11-4-stable; go1.8.7; linux/amd64)"
172.18.0.3 - - [11/Nov/2018:16:04:50 +0000] "POST /api/v4/jobs/request HTTP/1.1" 204 0 "" "gitlab-runner 11.4.2 (11-4-stable; go1.8.7; linux/amd64)"
172.18.0.3 - - [11/Nov/2018:16:04:53 +0000] "POST /api/v4/jobs/request HTTP/1.1" 204 0 "" "gitlab-runner 11.4.2 (11-4-stable; go1.8.7; linux/amd64)"
172.18.0.3 - - [11/Nov/2018:16:04:56 +0000] "POST /api/v4/jobs/request HTTP/1.1" 204 0 "" "gitlab-runner 11.4.2 (11-4-stable; go1.8.7; linux/amd64)"
172.18.0.3 - - [11/Nov/2018:16:04:59 +0000] "POST /api/v4/jobs/request HTTP/1.1" 204 0 "" "gitlab-runner 11.4.2 (11-4-stable; go1.8.7; linux/amd64)"
172.18.0.1 - - [11/Nov/2018:16:05:00 +0000] "GET /admin/users HTTP/1.1" 200 8315 "http://localhost/admin" "Mozilla/5.0 (X11; Linux x86_64) AppleWebKit/537.36 (KHTML, like Gecko) Chrome/70.0.3538.77 Safari/537.36"
172.18.0.1 - - [11/Nov/2018:16:05:02 +0000] "GET /admin/users?filter=two_factor_disabled HTTP/1.1" 200 8372 "http://localhost/admin/users" "Mozilla/5.0 (X11; Linux x86_64) AppleWebKit/537.36 (KHTML, like Gecko) Chrome/70.0.3538.77 Safari/537.36"
172.18.0.3 - - [11/Nov/2018:16:05:02 +0000] "POST /api/v4/jobs/request HTTP/1.1" 204 0 "" "gitlab-runner 11.4.2 (11-4-stable; go1.8.7; linux/amd64)"
172.18.0.3 - - [11/Nov/2018:16:05:05 +0000] "POST /api/v4/jobs/request HTTP/1.1" 204 0 "" "gitlab-runner 11.4.2 (11-4-stable; go1.8.7; linux/amd64)"
172.18.0.1 - - [11/Nov/2018:16:05:05 +0000] "GET /admin/users/chn566/edit HTTP/1.1" 200 8492 "http://localhost/admin/users" "Mozilla/5.0 (X11; Linux x86_64) AppleWebKit/537.36 (KHTML, like Gecko) Chrome/70.0.3538.77 Safari/537.36"
172.18.0.3 - - [11/Nov/2018:16:05:08 +0000] "POST /api/v4/jobs/request HTTP/1.1" 204 0 "" "gitlab-runner 11.4.2 (11-4-stable; go1.8.7; linux/amd64)"
172.18.0.3 - - [11/Nov/2018:16:05:11 +0000] "POST /api/v4/jobs/request HTTP/1.1" 204 0 "" "gitlab-runner 11.4.2 (11-4-stable; go1.8.7; linux/amd64)"
172.18.0.1 - - [11/Nov/2018:16:05:12 +0000] "POST /admin/users/chn566 HTTP/1.1" 302 101 "http://localhost/admin/users/chn566/edit" "Mozilla/5.0 (X11; Linux x86_64) AppleWebKit/537.36 (KHTML, like Gecko) Chrome/70.0.3538.77 Safari/537.36"
172.18.0.1 - - [11/Nov/2018:16:05:12 +0000] "GET /admin/users/chn566 HTTP/1.1" 200 8619 "http://localhost/admin/users/chn566/edit" "Mozilla/5.0 (X11; Linux x86_64) AppleWebKit/537.36 (KHTML, like Gecko) Chrome/70.0.3538.77 Safari/537.36"
172.18.0.3 - - [11/Nov/2018:16:05:14 +0000] "POST /api/v4/jobs/request HTTP/1.1" 204 0 "" "gitlab-runner 11.4.2 (11-4-stable; go1.8.7; linux/amd64)"
172.18.0.3 - - [11/Nov/2018:16:05:17 +0000] "POST /api/v4/jobs/request HTTP/1.1" 204 0 "" "gitlab-runner 11.4.2 (11-4-stable; go1.8.7; linux/amd64)"
172.18.0.1 - - [11/Nov/2018:16:05:19 +0000] "GET / HTTP/1.1" 302 96 "" "Mozilla/5.0 (X11; Linux x86_64) AppleWebKit/537.36 (KHTML, like Gecko) Chrome/70.0.3538.77 Safari/537.36"
172.18.0.1 - - [11/Nov/2018:16:05:19 +0000] "GET /users/sign_in HTTP/1.1" 200 4541 "" "Mozilla/5.0 (X11; Linux x86_64) AppleWebKit/537.36 (KHTML, like Gecko) Chrome/70.0.3538.77 Safari/537.36"
172.18.0.1 - - [11/Nov/2018:16:05:19 +0000] "GET /assets/application-5e11f017cc719f3e7c77f1024cdea9381ee9b21f47fe391ef5d29a7f3c94ce4a.css HTTP/1.1" 200 125318 "http://localhost/users/sign_in" "Mozilla/5.0 (X11; Linux x86_64) AppleWebKit/537.36 (KHTML, like Gecko) Chrome/70.0.3538.77 Safari/537.36"
172.18.0.1 - - [11/Nov/2018:16:05:19 +0000] "GET /assets/webpack/runtime.5866806a.bundle.js HTTP/1.1" 200 1922 "http://localhost/users/sign_in" "Mozilla/5.0 (X11; Linux x86_64) AppleWebKit/537.36 (KHTML, like Gecko) Chrome/70.0.3538.77 Safari/537.36"
172.18.0.1 - - [11/Nov/2018:16:05:19 +0000] "GET /assets/webpack/main.9751ed6c.chunk.js HTTP/1.1" 200 250185 "http://localhost/users/sign_in" "Mozilla/5.0 (X11; Linux x86_64) AppleWebKit/537.36 (KHTML, like Gecko) Chrome/70.0.3538.77 Safari/537.36"
172.18.0.1 - - [11/Nov/2018:16:05:19 +0000] "GET /assets/webpack/commons~pages.ldap.omniauth_callbacks~pages.omniauth_callbacks~pages.sessions~pages.sessions.new.f426f7b9.chunk.js HTTP/1.1" 200 3635 "http://localhost/users/sign_in" "Mozilla/5.0 (X11; Linux x86_64) AppleWebKit/537.36 (KHTML, like Gecko) Chrome/70.0.3538.77 Safari/537.36"
172.18.0.1 - - [11/Nov/2018:16:05:19 +0000] "GET /assets/webpack/pages.sessions.new.901760b7.chunk.js HTTP/1.1" 200 1754 "http://localhost/users/sign_in" "Mozilla/5.0 (X11; Linux x86_64) AppleWebKit/537.36 (KHTML, like Gecko) Chrome/70.0.3538.77 Safari/537.36"
172.18.0.1 - - [11/Nov/2018:16:05:19 +0000] "GET /assets/print-c8ff536271f8974b8a9a5f75c0ca25d2b8c1dceb4cff3c01d1603862a0bdcbfc.css HTTP/1.1" 200 384 "http://localhost/users/sign_in" "Mozilla/5.0 (X11; Linux x86_64) AppleWebKit/537.36 (KHTML, like Gecko) Chrome/70.0.3538.77 Safari/537.36"
172.18.0.1 - - [11/Nov/2018:16:05:20 +0000] "GET /assets/webpack/emoji.af419848.chunk.js HTTP/1.1" 200 109881 "http://localhost/users/sign_in" "Mozilla/5.0 (X11; Linux x86_64) AppleWebKit/537.36 (KHTML, like Gecko) Chrome/70.0.3538.77 Safari/537.36"
172.18.0.3 - - [11/Nov/2018:16:05:20 +0000] "POST /api/v4/jobs/request HTTP/1.1" 204 0 "" "gitlab-runner 11.4.2 (11-4-stable; go1.8.7; linux/amd64)"
172.18.0.1 - - [11/Nov/2018:16:05:20 +0000] "GET /assets/auth_buttons/google_64-9ab7462cd2115e11f80171018d8c39bd493fc375e83202fbb6d37a487ad01908.png HTTP/1.1" 200 1625 "http://localhost/users/sign_in" "Mozilla/5.0 (X11; Linux x86_64) AppleWebKit/537.36 (KHTML, like Gecko) Chrome/70.0.3538.77 Safari/537.36"
172.18.0.1 - - [11/Nov/2018:16:05:22 +0000] "POST /users/auth/google_oauth2 HTTP/1.1" 302 334 "http://localhost/users/sign_in" "Mozilla/5.0 (X11; Linux x86_64) AppleWebKit/537.36 (KHTML, like Gecko) Chrome/70.0.3538.77 Safari/537.36"
172.18.0.3 - - [11/Nov/2018:16:05:23 +0000] "POST /api/v4/jobs/request HTTP/1.1" 204 0 "" "gitlab-runner 11.4.2 (11-4-stable; go1.8.7; linux/amd64)"
172.18.0.3 - - [11/Nov/2018:16:05:26 +0000] "POST /api/v4/jobs/request HTTP/1.1" 204 0 "" "gitlab-runner 11.4.2 (11-4-stable; go1.8.7; linux/amd64)"
172.18.0.3 - - [11/Nov/2018:16:05:29 +0000] "POST /api/v4/jobs/request HTTP/1.1" 204 0 "" "gitlab-runner 11.4.2 (11-4-stable; go1.8.7; linux/amd64)"
172.18.0.3 - - [11/Nov/2018:16:05:32 +0000] "POST /api/v4/jobs/request HTTP/1.1" 204 0 "" "gitlab-runner 11.4.2 (11-4-stable; go1.8.7; linux/amd64)"
172.18.0.3 - - [11/Nov/2018:16:05:35 +0000] "POST /api/v4/jobs/request HTTP/1.1" 204 0 "" "gitlab-runner 11.4.2 (11-4-stable; go1.8.7; linux/amd64)"
172.18.0.1 - - [11/Nov/2018:16:05:37 +0000] "GET / HTTP/1.1" 200 8091 "http://localhost/admin/users/chn566" "Mozilla/5.0 (X11; Linux x86_64) AppleWebKit/537.36 (KHTML, like Gecko) Chrome/70.0.3538.77 Safari/537.36"
172.18.0.3 - - [11/Nov/2018:16:05:38 +0000] "POST /api/v4/jobs/request HTTP/1.1" 204 0 "" "gitlab-runner 11.4.2 (11-4-stable; go1.8.7; linux/amd64)"
172.18.0.3 - - [11/Nov/2018:16:05:41 +0000] "POST /api/v4/jobs/request HTTP/1.1" 204 0 "" "gitlab-runner 11.4.2 (11-4-stable; go1.8.7; linux/amd64)"
172.18.0.3 - - [11/Nov/2018:16:05:44 +0000] "POST /api/v4/jobs/request HTTP/1.1" 204 0 "" "gitlab-runner 11.4.2 (11-4-stable; go1.8.7; linux/amd64)"
127.0.0.1 - - [11/Nov/2018:16:05:45 +0000] "GET /help HTTP/1.1" 200 37700 "" "curl/7.59.0"
172.18.0.3 - - [11/Nov/2018:16:05:47 +0000] "POST /api/v4/jobs/request HTTP/1.1" 204 0 "" "gitlab-runner 11.4.2 (11-4-stable; go1.8.7; linux/amd64)"
172.18.0.1 - - [11/Nov/2018:16:05:47 +0000] "GET /projects/new HTTP/1.1" 200 13592 "http://localhost/" "Mozilla/5.0 (X11; Linux x86_64) AppleWebKit/537.36 (KHTML, like Gecko) Chrome/70.0.3538.77 Safari/537.36"
172.18.0.1 - - [11/Nov/2018:16:05:47 +0000] "GET /assets/select2-d6b5d8d83dbc18fb8d77c8761d331cd9e5123c9684950bab0406e98a24ac5ae8.png HTTP/1.1" 200 613 "http://localhost/assets/application-5e11f017cc719f3e7c77f1024cdea9381ee9b21f47fe391ef5d29a7f3c94ce4a.css" "Mozilla/5.0 (X11; Linux x86_64) AppleWebKit/537.36 (KHTML, like Gecko) Chrome/70.0.3538.77 Safari/537.36"
172.18.0.3 - - [11/Nov/2018:16:05:50 +0000] "POST /api/v4/jobs/request HTTP/1.1" 204 0 "" "gitlab-runner 11.4.2 (11-4-stable; go1.8.7; linux/amd64)"
172.18.0.3 - - [11/Nov/2018:16:05:53 +0000] "POST /api/v4/jobs/request HTTP/1.1" 204 0 "" "gitlab-runner 11.4.2 (11-4-stable; go1.8.7; linux/amd64)"
172.18.0.3 - - [11/Nov/2018:16:05:56 +0000] "POST /api/v4/jobs/request HTTP/1.1" 204 0 "" "gitlab-runner 11.4.2 (11-4-stable; go1.8.7; linux/amd64)"
172.18.0.3 - - [11/Nov/2018:16:05:59 +0000] "POST /api/v4/jobs/request HTTP/1.1" 204 0 "" "gitlab-runner 11.4.2 (11-4-stable; go1.8.7; linux/amd64)"
172.18.0.3 - - [11/Nov/2018:16:06:02 +0000] "POST /api/v4/jobs/request HTTP/1.1" 204 0 "" "gitlab-runner 11.4.2 (11-4-stable; go1.8.7; linux/amd64)"
172.18.0.3 - - [11/Nov/2018:16:06:05 +0000] "POST /api/v4/jobs/request HTTP/1.1" 204 0 "" "gitlab-runner 11.4.2 (11-4-stable; go1.8.7; linux/amd64)"
172.18.0.1 - - [11/Nov/2018:16:06:06 +0000] "POST /projects HTTP/1.1" 302 108 "http://localhost/projects/new" "Mozilla/5.0 (X11; Linux x86_64) AppleWebKit/537.36 (KHTML, like Gecko) Chrome/70.0.3538.77 Safari/537.36"
172.18.0.1 - - [11/Nov/2018:16:06:06 +0000] "GET /root/spring-boot-examples HTTP/1.1" 302 115 "http://localhost/projects/new" "Mozilla/5.0 (X11; Linux x86_64) AppleWebKit/537.36 (KHTML, like Gecko) Chrome/70.0.3538.77 Safari/537.36"
172.18.0.1 - - [11/Nov/2018:16:06:07 +0000] "GET /root/spring-boot-examples/import HTTP/1.1" 200 7995 "http://localhost/projects/new" "Mozilla/5.0 (X11; Linux x86_64) AppleWebKit/537.36 (KHTML, like Gecko) Chrome/70.0.3538.77 Safari/537.36"
172.18.0.3 - - [11/Nov/2018:16:06:08 +0000] "POST /api/v4/jobs/request HTTP/1.1" 204 0 "" "gitlab-runner 11.4.2 (11-4-stable; go1.8.7; linux/amd64)"
172.18.0.1 - - [11/Nov/2018:16:06:10 +0000] "GET /admin HTTP/1.1" 200 8128 "http://localhost/root/spring-boot-examples/import" "Mozilla/5.0 (X11; Linux x86_64) AppleWebKit/537.36 (KHTML, like Gecko) Chrome/70.0.3538.77 Safari/537.36"
172.18.0.3 - - [11/Nov/2018:16:06:11 +0000] "POST /api/v4/jobs/request HTTP/1.1" 204 0 "" "gitlab-runner 11.4.2 (11-4-stable; go1.8.7; linux/amd64)"
172.18.0.1 - - [11/Nov/2018:16:06:12 +0000] "GET /admin/runners HTTP/1.1" 200 9969 "http://localhost/admin" "Mozilla/5.0 (X11; Linux x86_64) AppleWebKit/537.36 (KHTML, like Gecko) Chrome/70.0.3538.77 Safari/537.36"
172.18.0.3 - - [11/Nov/2018:16:06:14 +0000] "POST /api/v4/jobs/request HTTP/1.1" 204 0 "" "gitlab-runner 11.4.2 (11-4-stable; go1.8.7; linux/amd64)"
172.18.0.3 - - [11/Nov/2018:16:06:17 +0000] "POST /api/v4/jobs/request HTTP/1.1" 204 0 "" "gitlab-runner 11.4.2 (11-4-stable; go1.8.7; linux/amd64)"
172.18.0.1 - - [11/Nov/2018:16:06:20 +0000] "GET /admin/runners HTTP/1.1" 200 9968 "http://localhost/admin/runners" "Mozilla/5.0 (X11; Linux x86_64) AppleWebKit/537.36 (KHTML, like Gecko) Chrome/70.0.3538.77 Safari/537.36"
172.18.0.3 - - [11/Nov/2018:16:06:20 +0000] "POST /api/v4/jobs/request HTTP/1.1" 204 0 "" "gitlab-runner 11.4.2 (11-4-stable; go1.8.7; linux/amd64)"
172.18.0.3 - - [11/Nov/2018:16:06:23 +0000] "POST /api/v4/jobs/request HTTP/1.1" 204 0 "" "gitlab-runner 11.4.2 (11-4-stable; go1.8.7; linux/amd64)"
172.18.0.1 - - [11/Nov/2018:16:06:25 +0000] "GET /admin/runners/1 HTTP/1.1" 200 8805 "http://localhost/admin/runners" "Mozilla/5.0 (X11; Linux x86_64) AppleWebKit/537.36 (KHTML, like Gecko) Chrome/70.0.3538.77 Safari/537.36"
172.18.0.3 - - [11/Nov/2018:16:06:26 +0000] "POST /api/v4/jobs/request HTTP/1.1" 204 0 "" "gitlab-runner 11.4.2 (11-4-stable; go1.8.7; linux/amd64)"
172.18.0.3 - - [11/Nov/2018:16:06:29 +0000] "POST /api/v4/jobs/request HTTP/1.1" 204 0 "" "gitlab-runner 11.4.2 (11-4-stable; go1.8.7; linux/amd64)"
172.18.0.3 - - [11/Nov/2018:16:06:32 +0000] "POST /api/v4/jobs/request HTTP/1.1" 204 0 "" "gitlab-runner 11.4.2 (11-4-stable; go1.8.7; linux/amd64)"
172.18.0.3 - - [11/Nov/2018:16:06:35 +0000] "POST /api/v4/jobs/request HTTP/1.1" 204 0 "" "gitlab-runner 11.4.2 (11-4-stable; go1.8.7; linux/amd64)"
172.18.0.3 - - [11/Nov/2018:16:06:38 +0000] "POST /api/v4/jobs/request HTTP/1.1" 204 0 "" "gitlab-runner 11.4.2 (11-4-stable; go1.8.7; linux/amd64)"
172.18.0.1 - - [11/Nov/2018:16:06:39 +0000] "POST /admin/runners/1 HTTP/1.1" 302 98 "http://localhost/admin/runners/1" "Mozilla/5.0 (X11; Linux x86_64) AppleWebKit/537.36 (KHTML, like Gecko) Chrome/70.0.3538.77 Safari/537.36"
172.18.0.1 - - [11/Nov/2018:16:06:39 +0000] "GET /admin/runners/1 HTTP/1.1" 200 8807 "http://localhost/admin/runners/1" "Mozilla/5.0 (X11; Linux x86_64) AppleWebKit/537.36 (KHTML, like Gecko) Chrome/70.0.3538.77 Safari/537.36"
172.18.0.3 - - [11/Nov/2018:16:06:41 +0000] "POST /api/v4/jobs/request HTTP/1.1" 204 0 "" "gitlab-runner 11.4.2 (11-4-stable; go1.8.7; linux/amd64)"
172.18.0.3 - - [11/Nov/2018:16:06:44 +0000] "POST /api/v4/jobs/request HTTP/1.1" 204 0 "" "gitlab-runner 11.4.2 (11-4-stable; go1.8.7; linux/amd64)"
172.18.0.1 - - [11/Nov/2018:16:06:45 +0000] "GET /dashboard/projects HTTP/1.1" 200 6819 "http://localhost/admin/runners/1" "Mozilla/5.0 (X11; Linux x86_64) AppleWebKit/537.36 (KHTML, like Gecko) Chrome/70.0.3538.77 Safari/537.36"
127.0.0.1 - - [11/Nov/2018:16:06:46 +0000] "GET /help HTTP/1.1" 200 37700 "" "curl/7.59.0"
172.18.0.1 - - [11/Nov/2018:16:06:46 +0000] "GET /root/spring-boot-examples HTTP/1.1" 302 115 "http://localhost/dashboard/projects" "Mozilla/5.0 (X11; Linux x86_64) AppleWebKit/537.36 (KHTML, like Gecko) Chrome/70.0.3538.77 Safari/537.36"
172.18.0.1 - - [11/Nov/2018:16:06:47 +0000] "GET /root/spring-boot-examples/import HTTP/1.1" 200 8007 "http://localhost/dashboard/projects" "Mozilla/5.0 (X11; Linux x86_64) AppleWebKit/537.36 (KHTML, like Gecko) Chrome/70.0.3538.77 Safari/537.36"
172.18.0.3 - - [11/Nov/2018:16:06:47 +0000] "POST /api/v4/jobs/request HTTP/1.1" 204 0 "" "gitlab-runner 11.4.2 (11-4-stable; go1.8.7; linux/amd64)"
172.18.0.3 - - [11/Nov/2018:16:06:50 +0000] "POST /api/v4/jobs/request HTTP/1.1" 204 0 "" "gitlab-runner 11.4.2 (11-4-stable; go1.8.7; linux/amd64)"
172.18.0.1 - - [11/Nov/2018:16:06:52 +0000] "GET /root/spring-boot-examples/import HTTP/1.1" 499 0 "http://localhost/root/spring-boot-examples/import" "Mozilla/5.0 (X11; Linux x86_64) AppleWebKit/537.36 (KHTML, like Gecko) Chrome/70.0.3538.77 Safari/537.36"
172.18.0.3 - - [11/Nov/2018:16:06:53 +0000] "POST /api/v4/jobs/request HTTP/1.1" 204 0 "" "gitlab-runner 11.4.2 (11-4-stable; go1.8.7; linux/amd64)"
172.18.0.1 - - [11/Nov/2018:16:06:53 +0000] "GET /root/spring-boot-examples/edit HTTP/1.1" 200 12921 "http://localhost/root/spring-boot-examples/import" "Mozilla/5.0 (X11; Linux x86_64) AppleWebKit/537.36 (KHTML, like Gecko) Chrome/70.0.3538.77 Safari/537.36"
172.18.0.1 - - [11/Nov/2018:16:06:53 +0000] "GET /assets/webpack/commons~pages.groups.edit~pages.groups.settings.badges~pages.projects.edit.3b67a6af.chunk.js HTTP/1.1" 200 5813 "http://localhost/root/spring-boot-examples/edit" "Mozilla/5.0 (X11; Linux x86_64) AppleWebKit/537.36 (KHTML, like Gecko) Chrome/70.0.3538.77 Safari/537.36"
172.18.0.1 - - [11/Nov/2018:16:06:53 +0000] "GET /assets/webpack/pages.projects.edit.ee8fe85a.chunk.js HTTP/1.1" 200 4909 "http://localhost/root/spring-boot-examples/edit" "Mozilla/5.0 (X11; Linux x86_64) AppleWebKit/537.36 (KHTML, like Gecko) Chrome/70.0.3538.77 Safari/537.36"
172.18.0.1 - - [11/Nov/2018:16:06:54 +0000] "GET /api/v4/projects/1/badges HTTP/1.1" 200 2 "http://localhost/root/spring-boot-examples/edit" "Mozilla/5.0 (X11; Linux x86_64) AppleWebKit/537.36 (KHTML, like Gecko) Chrome/70.0.3538.77 Safari/537.36"
172.18.0.3 - - [11/Nov/2018:16:06:56 +0000] "POST /api/v4/jobs/request HTTP/1.1" 204 0 "" "gitlab-runner 11.4.2 (11-4-stable; go1.8.7; linux/amd64)"
