172.18.0.1 - - [11/Nov/2018:17:12:24 +0000] "GET /root/spring-boot-examples/-/jobs/8.json HTTP/1.1" 200 1357 "http://localhost/root/spring-boot-examples/-/jobs/8" "Mozilla/5.0 (X11; Linux x86_64) AppleWebKit/537.36 (KHTML, like Gecko) Chrome/70.0.3538.77 Safari/537.36"
172.18.0.2 - - [11/Nov/2018:17:12:26 +0000] "POST /api/v4/jobs/request HTTP/1.1" 204 0 "" "gitlab-runner 11.4.2 (11-4-stable; go1.8.7; linux/amd64)"
172.18.0.2 - - [11/Nov/2018:17:12:29 +0000] "POST /api/v4/jobs/request HTTP/1.1" 204 0 "" "gitlab-runner 11.4.2 (11-4-stable; go1.8.7; linux/amd64)"
172.18.0.2 - - [11/Nov/2018:17:12:32 +0000] "POST /api/v4/jobs/request HTTP/1.1" 204 0 "" "gitlab-runner 11.4.2 (11-4-stable; go1.8.7; linux/amd64)"
172.18.0.1 - - [11/Nov/2018:17:12:34 +0000] "GET /root/spring-boot-examples/-/jobs/8.json HTTP/1.1" 200 1357 "http://localhost/root/spring-boot-examples/-/jobs/8" "Mozilla/5.0 (X11; Linux x86_64) AppleWebKit/537.36 (KHTML, like Gecko) Chrome/70.0.3538.77 Safari/537.36"
172.18.0.2 - - [11/Nov/2018:17:12:35 +0000] "POST /api/v4/jobs/request HTTP/1.1" 204 0 "" "gitlab-runner 11.4.2 (11-4-stable; go1.8.7; linux/amd64)"
172.18.0.2 - - [11/Nov/2018:17:12:38 +0000] "POST /api/v4/jobs/request HTTP/1.1" 204 0 "" "gitlab-runner 11.4.2 (11-4-stable; go1.8.7; linux/amd64)"
172.18.0.2 - - [11/Nov/2018:17:12:41 +0000] "POST /api/v4/jobs/request HTTP/1.1" 204 0 "" "gitlab-runner 11.4.2 (11-4-stable; go1.8.7; linux/amd64)"
127.0.0.1 - - [11/Nov/2018:17:12:44 +0000] "GET /help HTTP/1.1" 200 37702 "" "curl/7.59.0"
172.18.0.2 - - [11/Nov/2018:17:12:44 +0000] "POST /api/v4/jobs/request HTTP/1.1" 204 0 "" "gitlab-runner 11.4.2 (11-4-stable; go1.8.7; linux/amd64)"
172.18.0.1 - - [11/Nov/2018:17:12:44 +0000] "GET /root/spring-boot-examples/-/jobs/8.json HTTP/1.1" 200 1357 "http://localhost/root/spring-boot-examples/-/jobs/8" "Mozilla/5.0 (X11; Linux x86_64) AppleWebKit/537.36 (KHTML, like Gecko) Chrome/70.0.3538.77 Safari/537.36"
172.18.0.2 - - [11/Nov/2018:17:12:47 +0000] "POST /api/v4/jobs/request HTTP/1.1" 204 0 "" "gitlab-runner 11.4.2 (11-4-stable; go1.8.7; linux/amd64)"
172.18.0.1 - - [11/Nov/2018:17:12:49 +0000] "GET /root/spring-boot-examples/issues/new?issue%5Bdescription%5D=Job+%5B%238%5D%28http%3A%2F%2F172.17.0.2%2Froot%2Fspring-boot-examples%2F-%2Fjobs%2F8%29+failed+for+a49bed968d023940639c84f9eb17cb3d7dd39b58%3A%0A&issue%5Btitle%5D=Job+Failed+%238 HTTP/1.1" 200 12477 "http://localhost/root/spring-boot-examples/-/jobs/8" "Mozilla/5.0 (X11; Linux x86_64) AppleWebKit/537.36 (KHTML, like Gecko) Chrome/70.0.3538.77 Safari/537.36"
172.18.0.1 - - [11/Nov/2018:17:12:49 +0000] "GET /assets/webpack/pages.projects.issues.new.f0d919ce.chunk.js HTTP/1.1" 200 21575 "http://localhost/root/spring-boot-examples/issues/new" "Mozilla/5.0 (X11; Linux x86_64) AppleWebKit/537.36 (KHTML, like Gecko) Chrome/70.0.3538.77 Safari/537.36"
172.18.0.2 - - [11/Nov/2018:17:12:50 +0000] "POST /api/v4/jobs/request HTTP/1.1" 204 0 "" "gitlab-runner 11.4.2 (11-4-stable; go1.8.7; linux/amd64)"
172.18.0.1 - - [11/Nov/2018:17:12:52 +0000] "GET /root/spring-boot-examples/-/jobs/8 HTTP/1.1" 200 9491 "http://localhost/root/spring-boot-examples/-/jobs/8" "Mozilla/5.0 (X11; Linux x86_64) AppleWebKit/537.36 (KHTML, like Gecko) Chrome/70.0.3538.77 Safari/537.36"
172.18.0.2 - - [11/Nov/2018:17:12:53 +0000] "POST /api/v4/jobs/request HTTP/1.1" 204 0 "" "gitlab-runner 11.4.2 (11-4-stable; go1.8.7; linux/amd64)"
172.18.0.1 - - [11/Nov/2018:17:12:53 +0000] "GET /root/spring-boot-examples/-/jobs/8.json HTTP/1.1" 200 1357 "http://localhost/root/spring-boot-examples/-/jobs/8" "Mozilla/5.0 (X11; Linux x86_64) AppleWebKit/537.36 (KHTML, like Gecko) Chrome/70.0.3538.77 Safari/537.36"
172.18.0.1 - - [11/Nov/2018:17:12:53 +0000] "GET /root/spring-boot-examples/-/jobs/8/trace.json?state= HTTP/1.1" 200 884 "http://localhost/root/spring-boot-examples/-/jobs/8" "Mozilla/5.0 (X11; Linux x86_64) AppleWebKit/537.36 (KHTML, like Gecko) Chrome/70.0.3538.77 Safari/537.36"
172.18.0.1 - - [11/Nov/2018:17:12:53 +0000] "GET /root/spring-boot-examples/-/jobs/8/status.json HTTP/1.1" 200 643 "http://localhost/root/spring-boot-examples/-/jobs/8" "Mozilla/5.0 (X11; Linux x86_64) AppleWebKit/537.36 (KHTML, like Gecko) Chrome/70.0.3538.77 Safari/537.36"
172.18.0.1 - - [11/Nov/2018:17:12:53 +0000] "GET /root/spring-boot-examples/pipelines/2.json HTTP/1.1" 200 1501 "http://localhost/root/spring-boot-examples/-/jobs/8" "Mozilla/5.0 (X11; Linux x86_64) AppleWebKit/537.36 (KHTML, like Gecko) Chrome/70.0.3538.77 Safari/537.36"
172.18.0.1 - - [11/Nov/2018:17:12:54 +0000] "GET /root/spring-boot-examples/pipelines/2/stage.json?stage=build&retried=1 HTTP/1.1" 200 734 "http://localhost/root/spring-boot-examples/-/jobs/8" "Mozilla/5.0 (X11; Linux x86_64) AppleWebKit/537.36 (KHTML, like Gecko) Chrome/70.0.3538.77 Safari/537.36"
172.18.0.2 - - [11/Nov/2018:17:12:56 +0000] "POST /api/v4/jobs/request HTTP/1.1" 204 0 "" "gitlab-runner 11.4.2 (11-4-stable; go1.8.7; linux/amd64)"
172.18.0.2 - - [11/Nov/2018:17:12:59 +0000] "POST /api/v4/jobs/request HTTP/1.1" 204 0 "" "gitlab-runner 11.4.2 (11-4-stable; go1.8.7; linux/amd64)"
172.18.0.2 - - [11/Nov/2018:17:13:02 +0000] "POST /api/v4/jobs/request HTTP/1.1" 204 0 "" "gitlab-runner 11.4.2 (11-4-stable; go1.8.7; linux/amd64)"
172.18.0.1 - - [11/Nov/2018:17:13:03 +0000] "GET /root/spring-boot-examples/-/jobs/8.json HTTP/1.1" 200 1357 "http://localhost/root/spring-boot-examples/-/jobs/8" "Mozilla/5.0 (X11; Linux x86_64) AppleWebKit/537.36 (KHTML, like Gecko) Chrome/70.0.3538.77 Safari/537.36"
172.18.0.2 - - [11/Nov/2018:17:13:05 +0000] "POST /api/v4/jobs/request HTTP/1.1" 204 0 "" "gitlab-runner 11.4.2 (11-4-stable; go1.8.7; linux/amd64)"
172.18.0.2 - - [11/Nov/2018:17:13:08 +0000] "POST /api/v4/jobs/request HTTP/1.1" 204 0 "" "gitlab-runner 11.4.2 (11-4-stable; go1.8.7; linux/amd64)"
172.18.0.2 - - [11/Nov/2018:17:13:11 +0000] "POST /api/v4/jobs/request HTTP/1.1" 204 0 "" "gitlab-runner 11.4.2 (11-4-stable; go1.8.7; linux/amd64)"
172.18.0.1 - - [11/Nov/2018:17:13:13 +0000] "GET /root/spring-boot-examples/-/jobs/8.json HTTP/1.1" 200 1357 "http://localhost/root/spring-boot-examples/-/jobs/8" "Mozilla/5.0 (X11; Linux x86_64) AppleWebKit/537.36 (KHTML, like Gecko) Chrome/70.0.3538.77 Safari/537.36"
172.18.0.2 - - [11/Nov/2018:17:13:14 +0000] "POST /api/v4/jobs/request HTTP/1.1" 204 0 "" "gitlab-runner 11.4.2 (11-4-stable; go1.8.7; linux/amd64)"
172.18.0.2 - - [11/Nov/2018:17:13:17 +0000] "POST /api/v4/jobs/request HTTP/1.1" 204 0 "" "gitlab-runner 11.4.2 (11-4-stable; go1.8.7; linux/amd64)"
172.18.0.2 - - [11/Nov/2018:17:13:20 +0000] "POST /api/v4/jobs/request HTTP/1.1" 204 0 "" "gitlab-runner 11.4.2 (11-4-stable; go1.8.7; linux/amd64)"
172.18.0.2 - - [11/Nov/2018:17:13:23 +0000] "POST /api/v4/jobs/request HTTP/1.1" 204 0 "" "gitlab-runner 11.4.2 (11-4-stable; go1.8.7; linux/amd64)"
172.18.0.1 - - [11/Nov/2018:17:13:23 +0000] "GET /root/spring-boot-examples/-/jobs/8.json HTTP/1.1" 200 1357 "http://localhost/root/spring-boot-examples/-/jobs/8" "Mozilla/5.0 (X11; Linux x86_64) AppleWebKit/537.36 (KHTML, like Gecko) Chrome/70.0.3538.77 Safari/537.36"
172.18.0.2 - - [11/Nov/2018:17:13:26 +0000] "POST /api/v4/jobs/request HTTP/1.1" 204 0 "" "gitlab-runner 11.4.2 (11-4-stable; go1.8.7; linux/amd64)"
172.18.0.2 - - [11/Nov/2018:17:13:29 +0000] "POST /api/v4/jobs/request HTTP/1.1" 204 0 "" "gitlab-runner 11.4.2 (11-4-stable; go1.8.7; linux/amd64)"
172.18.0.2 - - [11/Nov/2018:17:13:32 +0000] "POST /api/v4/jobs/request HTTP/1.1" 204 0 "" "gitlab-runner 11.4.2 (11-4-stable; go1.8.7; linux/amd64)"
172.18.0.1 - - [11/Nov/2018:17:13:33 +0000] "GET /root/spring-boot-examples/-/jobs/8.json HTTP/1.1" 200 1357 "http://localhost/root/spring-boot-examples/-/jobs/8" "Mozilla/5.0 (X11; Linux x86_64) AppleWebKit/537.36 (KHTML, like Gecko) Chrome/70.0.3538.77 Safari/537.36"
172.18.0.2 - - [11/Nov/2018:17:13:35 +0000] "POST /api/v4/jobs/request HTTP/1.1" 204 0 "" "gitlab-runner 11.4.2 (11-4-stable; go1.8.7; linux/amd64)"
172.18.0.2 - - [11/Nov/2018:17:13:38 +0000] "POST /api/v4/jobs/request HTTP/1.1" 204 0 "" "gitlab-runner 11.4.2 (11-4-stable; go1.8.7; linux/amd64)"
172.18.0.2 - - [11/Nov/2018:17:13:41 +0000] "POST /api/v4/jobs/request HTTP/1.1" 204 0 "" "gitlab-runner 11.4.2 (11-4-stable; go1.8.7; linux/amd64)"
172.18.0.2 - - [11/Nov/2018:17:13:44 +0000] "POST /api/v4/jobs/request HTTP/1.1" 204 0 "" "gitlab-runner 11.4.2 (11-4-stable; go1.8.7; linux/amd64)"
172.18.0.1 - - [11/Nov/2018:17:13:44 +0000] "GET /root/spring-boot-examples/-/jobs/8.json HTTP/1.1" 200 1357 "http://localhost/root/spring-boot-examples/-/jobs/8" "Mozilla/5.0 (X11; Linux x86_64) AppleWebKit/537.36 (KHTML, like Gecko) Chrome/70.0.3538.77 Safari/537.36"
127.0.0.1 - - [11/Nov/2018:17:13:44 +0000] "GET /help HTTP/1.1" 200 37702 "" "curl/7.59.0"
172.18.0.2 - - [11/Nov/2018:17:13:47 +0000] "POST /api/v4/jobs/request HTTP/1.1" 204 0 "" "gitlab-runner 11.4.2 (11-4-stable; go1.8.7; linux/amd64)"
172.18.0.2 - - [11/Nov/2018:17:13:50 +0000] "POST /api/v4/jobs/request HTTP/1.1" 204 0 "" "gitlab-runner 11.4.2 (11-4-stable; go1.8.7; linux/amd64)"
172.18.0.2 - - [11/Nov/2018:17:13:53 +0000] "POST /api/v4/jobs/request HTTP/1.1" 204 0 "" "gitlab-runner 11.4.2 (11-4-stable; go1.8.7; linux/amd64)"
172.18.0.1 - - [11/Nov/2018:17:13:54 +0000] "GET /root/spring-boot-examples/-/jobs/8.json HTTP/1.1" 200 1357 "http://localhost/root/spring-boot-examples/-/jobs/8" "Mozilla/5.0 (X11; Linux x86_64) AppleWebKit/537.36 (KHTML, like Gecko) Chrome/70.0.3538.77 Safari/537.36"
172.18.0.2 - - [11/Nov/2018:17:13:56 +0000] "POST /api/v4/jobs/request HTTP/1.1" 204 0 "" "gitlab-runner 11.4.2 (11-4-stable; go1.8.7; linux/amd64)"
172.18.0.2 - - [11/Nov/2018:17:13:59 +0000] "POST /api/v4/jobs/request HTTP/1.1" 204 0 "" "gitlab-runner 11.4.2 (11-4-stable; go1.8.7; linux/amd64)"
172.18.0.2 - - [11/Nov/2018:17:14:02 +0000] "POST /api/v4/jobs/request HTTP/1.1" 204 0 "" "gitlab-runner 11.4.2 (11-4-stable; go1.8.7; linux/amd64)"
172.18.0.1 - - [11/Nov/2018:17:14:04 +0000] "GET /root/spring-boot-examples/-/jobs/8.json HTTP/1.1" 200 1357 "http://localhost/root/spring-boot-examples/-/jobs/8" "Mozilla/5.0 (X11; Linux x86_64) AppleWebKit/537.36 (KHTML, like Gecko) Chrome/70.0.3538.77 Safari/537.36"
172.18.0.2 - - [11/Nov/2018:17:14:05 +0000] "POST /api/v4/jobs/request HTTP/1.1" 204 0 "" "gitlab-runner 11.4.2 (11-4-stable; go1.8.7; linux/amd64)"
172.18.0.2 - - [11/Nov/2018:17:14:08 +0000] "POST /api/v4/jobs/request HTTP/1.1" 204 0 "" "gitlab-runner 11.4.2 (11-4-stable; go1.8.7; linux/amd64)"
172.18.0.2 - - [11/Nov/2018:17:14:11 +0000] "POST /api/v4/jobs/request HTTP/1.1" 204 0 "" "gitlab-runner 11.4.2 (11-4-stable; go1.8.7; linux/amd64)"
172.18.0.2 - - [11/Nov/2018:17:14:15 +0000] "POST /api/v4/jobs/request HTTP/1.1" 204 0 "" "gitlab-runner 11.4.2 (11-4-stable; go1.8.7; linux/amd64)"
172.18.0.1 - - [11/Nov/2018:17:14:16 +0000] "GET /root/spring-boot-examples/-/jobs/8.json HTTP/1.1" 200 1357 "http://localhost/root/spring-boot-examples/-/jobs/8" "Mozilla/5.0 (X11; Linux x86_64) AppleWebKit/537.36 (KHTML, like Gecko) Chrome/70.0.3538.77 Safari/537.36"
172.18.0.2 - - [11/Nov/2018:17:14:18 +0000] "POST /api/v4/jobs/request HTTP/1.1" 204 0 "" "gitlab-runner 11.4.2 (11-4-stable; go1.8.7; linux/amd64)"
172.18.0.2 - - [11/Nov/2018:17:14:21 +0000] "POST /api/v4/jobs/request HTTP/1.1" 204 0 "" "gitlab-runner 11.4.2 (11-4-stable; go1.8.7; linux/amd64)"
172.18.0.2 - - [11/Nov/2018:17:14:24 +0000] "POST /api/v4/jobs/request HTTP/1.1" 204 0 "" "gitlab-runner 11.4.2 (11-4-stable; go1.8.7; linux/amd64)"
172.18.0.1 - - [11/Nov/2018:17:14:26 +0000] "GET /root/spring-boot-examples/-/jobs/8.json HTTP/1.1" 200 1357 "http://localhost/root/spring-boot-examples/-/jobs/8" "Mozilla/5.0 (X11; Linux x86_64) AppleWebKit/537.36 (KHTML, like Gecko) Chrome/70.0.3538.77 Safari/537.36"
172.18.0.2 - - [11/Nov/2018:17:14:27 +0000] "POST /api/v4/jobs/request HTTP/1.1" 204 0 "" "gitlab-runner 11.4.2 (11-4-stable; go1.8.7; linux/amd64)"
172.18.0.2 - - [11/Nov/2018:17:14:30 +0000] "POST /api/v4/jobs/request HTTP/1.1" 204 0 "" "gitlab-runner 11.4.2 (11-4-stable; go1.8.7; linux/amd64)"
172.18.0.2 - - [11/Nov/2018:17:14:33 +0000] "POST /api/v4/jobs/request HTTP/1.1" 204 0 "" "gitlab-runner 11.4.2 (11-4-stable; go1.8.7; linux/amd64)"
172.18.0.2 - - [11/Nov/2018:17:14:36 +0000] "POST /api/v4/jobs/request HTTP/1.1" 204 0 "" "gitlab-runner 11.4.2 (11-4-stable; go1.8.7; linux/amd64)"
172.18.0.1 - - [11/Nov/2018:17:14:37 +0000] "GET /root/spring-boot-examples/-/jobs/8.json HTTP/1.1" 200 1357 "http://localhost/root/spring-boot-examples/-/jobs/8" "Mozilla/5.0 (X11; Linux x86_64) AppleWebKit/537.36 (KHTML, like Gecko) Chrome/70.0.3538.77 Safari/537.36"
172.18.0.2 - - [11/Nov/2018:17:14:39 +0000] "POST /api/v4/jobs/request HTTP/1.1" 204 0 "" "gitlab-runner 11.4.2 (11-4-stable; go1.8.7; linux/amd64)"
172.18.0.2 - - [11/Nov/2018:17:14:42 +0000] "POST /api/v4/jobs/request HTTP/1.1" 204 0 "" "gitlab-runner 11.4.2 (11-4-stable; go1.8.7; linux/amd64)"
172.18.0.2 - - [11/Nov/2018:17:14:45 +0000] "POST /api/v4/jobs/request HTTP/1.1" 204 0 "" "gitlab-runner 11.4.2 (11-4-stable; go1.8.7; linux/amd64)"
127.0.0.1 - - [11/Nov/2018:17:14:46 +0000] "GET /help HTTP/1.1" 200 37702 "" "curl/7.59.0"
172.18.0.2 - - [11/Nov/2018:17:14:48 +0000] "POST /api/v4/jobs/request HTTP/1.1" 204 0 "" "gitlab-runner 11.4.2 (11-4-stable; go1.8.7; linux/amd64)"
172.18.0.2 - - [11/Nov/2018:17:14:51 +0000] "POST /api/v4/jobs/request HTTP/1.1" 204 0 "" "gitlab-runner 11.4.2 (11-4-stable; go1.8.7; linux/amd64)"
172.18.0.2 - - [11/Nov/2018:17:14:54 +0000] "POST /api/v4/jobs/request HTTP/1.1" 204 0 "" "gitlab-runner 11.4.2 (11-4-stable; go1.8.7; linux/amd64)"
172.18.0.2 - - [11/Nov/2018:17:14:57 +0000] "POST /api/v4/jobs/request HTTP/1.1" 204 0 "" "gitlab-runner 11.4.2 (11-4-stable; go1.8.7; linux/amd64)"
172.18.0.2 - - [11/Nov/2018:17:15:00 +0000] "POST /api/v4/jobs/request HTTP/1.1" 204 0 "" "gitlab-runner 11.4.2 (11-4-stable; go1.8.7; linux/amd64)"
172.18.0.2 - - [11/Nov/2018:17:15:03 +0000] "POST /api/v4/jobs/request HTTP/1.1" 204 0 "" "gitlab-runner 11.4.2 (11-4-stable; go1.8.7; linux/amd64)"
172.18.0.2 - - [11/Nov/2018:17:15:06 +0000] "POST /api/v4/jobs/request HTTP/1.1" 204 0 "" "gitlab-runner 11.4.2 (11-4-stable; go1.8.7; linux/amd64)"
172.18.0.2 - - [11/Nov/2018:17:15:09 +0000] "POST /api/v4/jobs/request HTTP/1.1" 204 0 "" "gitlab-runner 11.4.2 (11-4-stable; go1.8.7; linux/amd64)"
172.18.0.2 - - [11/Nov/2018:17:15:12 +0000] "POST /api/v4/jobs/request HTTP/1.1" 204 0 "" "gitlab-runner 11.4.2 (11-4-stable; go1.8.7; linux/amd64)"
172.18.0.2 - - [11/Nov/2018:17:15:15 +0000] "POST /api/v4/jobs/request HTTP/1.1" 204 0 "" "gitlab-runner 11.4.2 (11-4-stable; go1.8.7; linux/amd64)"
172.18.0.2 - - [11/Nov/2018:17:15:18 +0000] "POST /api/v4/jobs/request HTTP/1.1" 204 0 "" "gitlab-runner 11.4.2 (11-4-stable; go1.8.7; linux/amd64)"
172.18.0.2 - - [11/Nov/2018:17:15:21 +0000] "POST /api/v4/jobs/request HTTP/1.1" 204 0 "" "gitlab-runner 11.4.2 (11-4-stable; go1.8.7; linux/amd64)"
172.18.0.2 - - [11/Nov/2018:17:15:24 +0000] "POST /api/v4/jobs/request HTTP/1.1" 204 0 "" "gitlab-runner 11.4.2 (11-4-stable; go1.8.7; linux/amd64)"
172.18.0.2 - - [11/Nov/2018:17:15:27 +0000] "POST /api/v4/jobs/request HTTP/1.1" 204 0 "" "gitlab-runner 11.4.2 (11-4-stable; go1.8.7; linux/amd64)"
172.18.0.2 - - [11/Nov/2018:17:15:30 +0000] "POST /api/v4/jobs/request HTTP/1.1" 204 0 "" "gitlab-runner 11.4.2 (11-4-stable; go1.8.7; linux/amd64)"
172.18.0.2 - - [11/Nov/2018:17:15:33 +0000] "POST /api/v4/jobs/request HTTP/1.1" 204 0 "" "gitlab-runner 11.4.2 (11-4-stable; go1.8.7; linux/amd64)"
172.18.0.2 - - [11/Nov/2018:17:15:36 +0000] "POST /api/v4/jobs/request HTTP/1.1" 204 0 "" "gitlab-runner 11.4.2 (11-4-stable; go1.8.7; linux/amd64)"
172.18.0.2 - - [11/Nov/2018:17:15:39 +0000] "POST /api/v4/jobs/request HTTP/1.1" 204 0 "" "gitlab-runner 11.4.2 (11-4-stable; go1.8.7; linux/amd64)"
172.18.0.2 - - [11/Nov/2018:17:15:42 +0000] "POST /api/v4/jobs/request HTTP/1.1" 204 0 "" "gitlab-runner 11.4.2 (11-4-stable; go1.8.7; linux/amd64)"
172.18.0.2 - - [11/Nov/2018:17:15:45 +0000] "POST /api/v4/jobs/request HTTP/1.1" 204 0 "" "gitlab-runner 11.4.2 (11-4-stable; go1.8.7; linux/amd64)"
127.0.0.1 - - [11/Nov/2018:17:15:47 +0000] "GET /help HTTP/1.1" 200 37702 "" "curl/7.59.0"
172.18.0.2 - - [11/Nov/2018:17:15:48 +0000] "POST /api/v4/jobs/request HTTP/1.1" 204 0 "" "gitlab-runner 11.4.2 (11-4-stable; go1.8.7; linux/amd64)"
172.18.0.2 - - [11/Nov/2018:17:15:51 +0000] "POST /api/v4/jobs/request HTTP/1.1" 204 0 "" "gitlab-runner 11.4.2 (11-4-stable; go1.8.7; linux/amd64)"
172.18.0.2 - - [11/Nov/2018:17:15:54 +0000] "POST /api/v4/jobs/request HTTP/1.1" 204 0 "" "gitlab-runner 11.4.2 (11-4-stable; go1.8.7; linux/amd64)"
172.18.0.2 - - [11/Nov/2018:17:15:57 +0000] "POST /api/v4/jobs/request HTTP/1.1" 204 0 "" "gitlab-runner 11.4.2 (11-4-stable; go1.8.7; linux/amd64)"
172.18.0.2 - - [11/Nov/2018:17:16:00 +0000] "POST /api/v4/jobs/request HTTP/1.1" 204 0 "" "gitlab-runner 11.4.2 (11-4-stable; go1.8.7; linux/amd64)"
172.18.0.2 - - [11/Nov/2018:17:16:03 +0000] "POST /api/v4/jobs/request HTTP/1.1" 204 0 "" "gitlab-runner 11.4.2 (11-4-stable; go1.8.7; linux/amd64)"
172.18.0.2 - - [11/Nov/2018:17:16:06 +0000] "POST /api/v4/jobs/request HTTP/1.1" 204 0 "" "gitlab-runner 11.4.2 (11-4-stable; go1.8.7; linux/amd64)"
172.18.0.2 - - [11/Nov/2018:17:16:09 +0000] "POST /api/v4/jobs/request HTTP/1.1" 204 0 "" "gitlab-runner 11.4.2 (11-4-stable; go1.8.7; linux/amd64)"
172.18.0.2 - - [11/Nov/2018:17:16:12 +0000] "POST /api/v4/jobs/request HTTP/1.1" 204 0 "" "gitlab-runner 11.4.2 (11-4-stable; go1.8.7; linux/amd64)"
172.18.0.2 - - [11/Nov/2018:17:16:15 +0000] "POST /api/v4/jobs/request HTTP/1.1" 204 0 "" "gitlab-runner 11.4.2 (11-4-stable; go1.8.7; linux/amd64)"
172.18.0.2 - - [11/Nov/2018:17:16:18 +0000] "POST /api/v4/jobs/request HTTP/1.1" 204 0 "" "gitlab-runner 11.4.2 (11-4-stable; go1.8.7; linux/amd64)"
172.18.0.2 - - [11/Nov/2018:17:16:21 +0000] "POST /api/v4/jobs/request HTTP/1.1" 204 0 "" "gitlab-runner 11.4.2 (11-4-stable; go1.8.7; linux/amd64)"
172.18.0.2 - - [11/Nov/2018:17:16:24 +0000] "POST /api/v4/jobs/request HTTP/1.1" 204 0 "" "gitlab-runner 11.4.2 (11-4-stable; go1.8.7; linux/amd64)"
172.18.0.2 - - [11/Nov/2018:17:16:27 +0000] "POST /api/v4/jobs/request HTTP/1.1" 204 0 "" "gitlab-runner 11.4.2 (11-4-stable; go1.8.7; linux/amd64)"
172.18.0.2 - - [11/Nov/2018:17:16:30 +0000] "POST /api/v4/jobs/request HTTP/1.1" 204 0 "" "gitlab-runner 11.4.2 (11-4-stable; go1.8.7; linux/amd64)"
172.18.0.2 - - [11/Nov/2018:17:16:33 +0000] "POST /api/v4/jobs/request HTTP/1.1" 204 0 "" "gitlab-runner 11.4.2 (11-4-stable; go1.8.7; linux/amd64)"
172.18.0.2 - - [11/Nov/2018:17:16:36 +0000] "POST /api/v4/jobs/request HTTP/1.1" 204 0 "" "gitlab-runner 11.4.2 (11-4-stable; go1.8.7; linux/amd64)"
172.18.0.2 - - [11/Nov/2018:17:16:39 +0000] "POST /api/v4/jobs/request HTTP/1.1" 204 0 "" "gitlab-runner 11.4.2 (11-4-stable; go1.8.7; linux/amd64)"
172.18.0.2 - - [11/Nov/2018:17:16:42 +0000] "POST /api/v4/jobs/request HTTP/1.1" 204 0 "" "gitlab-runner 11.4.2 (11-4-stable; go1.8.7; linux/amd64)"
172.18.0.2 - - [11/Nov/2018:17:16:45 +0000] "POST /api/v4/jobs/request HTTP/1.1" 204 0 "" "gitlab-runner 11.4.2 (11-4-stable; go1.8.7; linux/amd64)"
127.0.0.1 - - [11/Nov/2018:17:16:47 +0000] "GET /help HTTP/1.1" 200 37702 "" "curl/7.59.0"
172.18.0.2 - - [11/Nov/2018:17:16:48 +0000] "POST /api/v4/jobs/request HTTP/1.1" 204 0 "" "gitlab-runner 11.4.2 (11-4-stable; go1.8.7; linux/amd64)"
172.18.0.2 - - [11/Nov/2018:17:16:51 +0000] "POST /api/v4/jobs/request HTTP/1.1" 204 0 "" "gitlab-runner 11.4.2 (11-4-stable; go1.8.7; linux/amd64)"
172.18.0.2 - - [11/Nov/2018:17:16:54 +0000] "POST /api/v4/jobs/request HTTP/1.1" 204 0 "" "gitlab-runner 11.4.2 (11-4-stable; go1.8.7; linux/amd64)"
172.18.0.2 - - [11/Nov/2018:17:16:57 +0000] "POST /api/v4/jobs/request HTTP/1.1" 204 0 "" "gitlab-runner 11.4.2 (11-4-stable; go1.8.7; linux/amd64)"
172.18.0.2 - - [11/Nov/2018:17:17:00 +0000] "POST /api/v4/jobs/request HTTP/1.1" 204 0 "" "gitlab-runner 11.4.2 (11-4-stable; go1.8.7; linux/amd64)"
172.18.0.2 - - [11/Nov/2018:17:17:03 +0000] "POST /api/v4/jobs/request HTTP/1.1" 204 0 "" "gitlab-runner 11.4.2 (11-4-stable; go1.8.7; linux/amd64)"
172.18.0.2 - - [11/Nov/2018:17:17:06 +0000] "POST /api/v4/jobs/request HTTP/1.1" 204 0 "" "gitlab-runner 11.4.2 (11-4-stable; go1.8.7; linux/amd64)"
172.18.0.2 - - [11/Nov/2018:17:17:09 +0000] "POST /api/v4/jobs/request HTTP/1.1" 204 0 "" "gitlab-runner 11.4.2 (11-4-stable; go1.8.7; linux/amd64)"
172.18.0.2 - - [11/Nov/2018:17:17:12 +0000] "POST /api/v4/jobs/request HTTP/1.1" 204 0 "" "gitlab-runner 11.4.2 (11-4-stable; go1.8.7; linux/amd64)"
172.18.0.2 - - [11/Nov/2018:17:17:15 +0000] "POST /api/v4/jobs/request HTTP/1.1" 204 0 "" "gitlab-runner 11.4.2 (11-4-stable; go1.8.7; linux/amd64)"
172.18.0.2 - - [11/Nov/2018:17:17:18 +0000] "POST /api/v4/jobs/request HTTP/1.1" 204 0 "" "gitlab-runner 11.4.2 (11-4-stable; go1.8.7; linux/amd64)"
172.18.0.2 - - [11/Nov/2018:17:17:21 +0000] "POST /api/v4/jobs/request HTTP/1.1" 204 0 "" "gitlab-runner 11.4.2 (11-4-stable; go1.8.7; linux/amd64)"
172.18.0.2 - - [11/Nov/2018:17:17:24 +0000] "POST /api/v4/jobs/request HTTP/1.1" 204 0 "" "gitlab-runner 11.4.2 (11-4-stable; go1.8.7; linux/amd64)"
172.18.0.2 - - [11/Nov/2018:17:17:27 +0000] "POST /api/v4/jobs/request HTTP/1.1" 204 0 "" "gitlab-runner 11.4.2 (11-4-stable; go1.8.7; linux/amd64)"
172.18.0.2 - - [11/Nov/2018:17:17:30 +0000] "POST /api/v4/jobs/request HTTP/1.1" 204 0 "" "gitlab-runner 11.4.2 (11-4-stable; go1.8.7; linux/amd64)"
172.18.0.2 - - [11/Nov/2018:17:17:33 +0000] "POST /api/v4/jobs/request HTTP/1.1" 204 0 "" "gitlab-runner 11.4.2 (11-4-stable; go1.8.7; linux/amd64)"
172.18.0.2 - - [11/Nov/2018:17:17:36 +0000] "POST /api/v4/jobs/request HTTP/1.1" 204 0 "" "gitlab-runner 11.4.2 (11-4-stable; go1.8.7; linux/amd64)"
172.18.0.2 - - [11/Nov/2018:17:17:39 +0000] "POST /api/v4/jobs/request HTTP/1.1" 204 0 "" "gitlab-runner 11.4.2 (11-4-stable; go1.8.7; linux/amd64)"
172.18.0.2 - - [11/Nov/2018:17:17:42 +0000] "POST /api/v4/jobs/request HTTP/1.1" 204 0 "" "gitlab-runner 11.4.2 (11-4-stable; go1.8.7; linux/amd64)"
172.18.0.2 - - [11/Nov/2018:17:17:45 +0000] "POST /api/v4/jobs/request HTTP/1.1" 204 0 "" "gitlab-runner 11.4.2 (11-4-stable; go1.8.7; linux/amd64)"
172.18.0.2 - - [11/Nov/2018:17:17:48 +0000] "POST /api/v4/jobs/request HTTP/1.1" 204 0 "" "gitlab-runner 11.4.2 (11-4-stable; go1.8.7; linux/amd64)"
127.0.0.1 - - [11/Nov/2018:17:17:48 +0000] "GET /help HTTP/1.1" 200 37702 "" "curl/7.59.0"
172.18.0.2 - - [11/Nov/2018:17:17:51 +0000] "POST /api/v4/jobs/request HTTP/1.1" 204 0 "" "gitlab-runner 11.4.2 (11-4-stable; go1.8.7; linux/amd64)"
172.18.0.2 - - [11/Nov/2018:17:17:54 +0000] "POST /api/v4/jobs/request HTTP/1.1" 204 0 "" "gitlab-runner 11.4.2 (11-4-stable; go1.8.7; linux/amd64)"
172.18.0.2 - - [11/Nov/2018:17:17:57 +0000] "POST /api/v4/jobs/request HTTP/1.1" 204 0 "" "gitlab-runner 11.4.2 (11-4-stable; go1.8.7; linux/amd64)"
172.18.0.2 - - [11/Nov/2018:17:18:00 +0000] "POST /api/v4/jobs/request HTTP/1.1" 204 0 "" "gitlab-runner 11.4.2 (11-4-stable; go1.8.7; linux/amd64)"
172.18.0.2 - - [11/Nov/2018:17:18:03 +0000] "POST /api/v4/jobs/request HTTP/1.1" 204 0 "" "gitlab-runner 11.4.2 (11-4-stable; go1.8.7; linux/amd64)"
172.18.0.2 - - [11/Nov/2018:17:18:06 +0000] "POST /api/v4/jobs/request HTTP/1.1" 204 0 "" "gitlab-runner 11.4.2 (11-4-stable; go1.8.7; linux/amd64)"
172.18.0.2 - - [11/Nov/2018:17:18:09 +0000] "POST /api/v4/jobs/request HTTP/1.1" 204 0 "" "gitlab-runner 11.4.2 (11-4-stable; go1.8.7; linux/amd64)"
172.18.0.2 - - [11/Nov/2018:17:18:12 +0000] "POST /api/v4/jobs/request HTTP/1.1" 204 0 "" "gitlab-runner 11.4.2 (11-4-stable; go1.8.7; linux/amd64)"
172.18.0.2 - - [11/Nov/2018:17:18:15 +0000] "POST /api/v4/jobs/request HTTP/1.1" 204 0 "" "gitlab-runner 11.4.2 (11-4-stable; go1.8.7; linux/amd64)"
172.18.0.2 - - [11/Nov/2018:17:18:18 +0000] "POST /api/v4/jobs/request HTTP/1.1" 204 0 "" "gitlab-runner 11.4.2 (11-4-stable; go1.8.7; linux/amd64)"
172.18.0.2 - - [11/Nov/2018:17:18:21 +0000] "POST /api/v4/jobs/request HTTP/1.1" 204 0 "" "gitlab-runner 11.4.2 (11-4-stable; go1.8.7; linux/amd64)"
172.18.0.2 - - [11/Nov/2018:17:18:24 +0000] "POST /api/v4/jobs/request HTTP/1.1" 204 0 "" "gitlab-runner 11.4.2 (11-4-stable; go1.8.7; linux/amd64)"
172.18.0.2 - - [11/Nov/2018:17:18:27 +0000] "POST /api/v4/jobs/request HTTP/1.1" 204 0 "" "gitlab-runner 11.4.2 (11-4-stable; go1.8.7; linux/amd64)"
172.18.0.2 - - [11/Nov/2018:17:18:30 +0000] "POST /api/v4/jobs/request HTTP/1.1" 204 0 "" "gitlab-runner 11.4.2 (11-4-stable; go1.8.7; linux/amd64)"
172.18.0.2 - - [11/Nov/2018:17:18:33 +0000] "POST /api/v4/jobs/request HTTP/1.1" 204 0 "" "gitlab-runner 11.4.2 (11-4-stable; go1.8.7; linux/amd64)"
172.18.0.2 - - [11/Nov/2018:17:18:36 +0000] "POST /api/v4/jobs/request HTTP/1.1" 204 0 "" "gitlab-runner 11.4.2 (11-4-stable; go1.8.7; linux/amd64)"
172.18.0.2 - - [11/Nov/2018:17:18:39 +0000] "POST /api/v4/jobs/request HTTP/1.1" 204 0 "" "gitlab-runner 11.4.2 (11-4-stable; go1.8.7; linux/amd64)"
172.18.0.2 - - [11/Nov/2018:17:18:42 +0000] "POST /api/v4/jobs/request HTTP/1.1" 204 0 "" "gitlab-runner 11.4.2 (11-4-stable; go1.8.7; linux/amd64)"
172.18.0.2 - - [11/Nov/2018:17:18:45 +0000] "POST /api/v4/jobs/request HTTP/1.1" 204 0 "" "gitlab-runner 11.4.2 (11-4-stable; go1.8.7; linux/amd64)"
172.18.0.2 - - [11/Nov/2018:17:18:48 +0000] "POST /api/v4/jobs/request HTTP/1.1" 204 0 "" "gitlab-runner 11.4.2 (11-4-stable; go1.8.7; linux/amd64)"
127.0.0.1 - - [11/Nov/2018:17:18:49 +0000] "GET /help HTTP/1.1" 200 37702 "" "curl/7.59.0"
172.18.0.2 - - [11/Nov/2018:17:18:51 +0000] "POST /api/v4/jobs/request HTTP/1.1" 204 0 "" "gitlab-runner 11.4.2 (11-4-stable; go1.8.7; linux/amd64)"
172.18.0.2 - - [11/Nov/2018:17:18:54 +0000] "POST /api/v4/jobs/request HTTP/1.1" 204 0 "" "gitlab-runner 11.4.2 (11-4-stable; go1.8.7; linux/amd64)"
172.18.0.2 - - [11/Nov/2018:17:18:57 +0000] "POST /api/v4/jobs/request HTTP/1.1" 204 0 "" "gitlab-runner 11.4.2 (11-4-stable; go1.8.7; linux/amd64)"
172.18.0.2 - - [11/Nov/2018:17:19:00 +0000] "POST /api/v4/jobs/request HTTP/1.1" 204 0 "" "gitlab-runner 11.4.2 (11-4-stable; go1.8.7; linux/amd64)"
172.18.0.2 - - [11/Nov/2018:17:19:03 +0000] "POST /api/v4/jobs/request HTTP/1.1" 204 0 "" "gitlab-runner 11.4.2 (11-4-stable; go1.8.7; linux/amd64)"
172.18.0.2 - - [11/Nov/2018:17:19:06 +0000] "POST /api/v4/jobs/request HTTP/1.1" 204 0 "" "gitlab-runner 11.4.2 (11-4-stable; go1.8.7; linux/amd64)"
172.18.0.2 - - [11/Nov/2018:17:19:09 +0000] "POST /api/v4/jobs/request HTTP/1.1" 204 0 "" "gitlab-runner 11.4.2 (11-4-stable; go1.8.7; linux/amd64)"
172.18.0.2 - - [11/Nov/2018:17:19:12 +0000] "POST /api/v4/jobs/request HTTP/1.1" 204 0 "" "gitlab-runner 11.4.2 (11-4-stable; go1.8.7; linux/amd64)"
172.18.0.2 - - [11/Nov/2018:17:19:15 +0000] "POST /api/v4/jobs/request HTTP/1.1" 204 0 "" "gitlab-runner 11.4.2 (11-4-stable; go1.8.7; linux/amd64)"
172.18.0.2 - - [11/Nov/2018:17:19:18 +0000] "POST /api/v4/jobs/request HTTP/1.1" 204 0 "" "gitlab-runner 11.4.2 (11-4-stable; go1.8.7; linux/amd64)"
172.18.0.2 - - [11/Nov/2018:17:19:21 +0000] "POST /api/v4/jobs/request HTTP/1.1" 204 0 "" "gitlab-runner 11.4.2 (11-4-stable; go1.8.7; linux/amd64)"
172.18.0.2 - - [11/Nov/2018:17:19:24 +0000] "POST /api/v4/jobs/request HTTP/1.1" 204 0 "" "gitlab-runner 11.4.2 (11-4-stable; go1.8.7; linux/amd64)"
172.18.0.2 - - [11/Nov/2018:17:19:27 +0000] "POST /api/v4/jobs/request HTTP/1.1" 204 0 "" "gitlab-runner 11.4.2 (11-4-stable; go1.8.7; linux/amd64)"
172.18.0.2 - - [11/Nov/2018:17:19:30 +0000] "POST /api/v4/jobs/request HTTP/1.1" 204 0 "" "gitlab-runner 11.4.2 (11-4-stable; go1.8.7; linux/amd64)"
172.18.0.2 - - [11/Nov/2018:17:19:33 +0000] "POST /api/v4/jobs/request HTTP/1.1" 204 0 "" "gitlab-runner 11.4.2 (11-4-stable; go1.8.7; linux/amd64)"
172.18.0.2 - - [11/Nov/2018:17:19:36 +0000] "POST /api/v4/jobs/request HTTP/1.1" 204 0 "" "gitlab-runner 11.4.2 (11-4-stable; go1.8.7; linux/amd64)"
172.18.0.2 - - [11/Nov/2018:17:19:39 +0000] "POST /api/v4/jobs/request HTTP/1.1" 204 0 "" "gitlab-runner 11.4.2 (11-4-stable; go1.8.7; linux/amd64)"
172.18.0.2 - - [11/Nov/2018:17:19:42 +0000] "POST /api/v4/jobs/request HTTP/1.1" 204 0 "" "gitlab-runner 11.4.2 (11-4-stable; go1.8.7; linux/amd64)"
172.18.0.2 - - [11/Nov/2018:17:19:45 +0000] "POST /api/v4/jobs/request HTTP/1.1" 204 0 "" "gitlab-runner 11.4.2 (11-4-stable; go1.8.7; linux/amd64)"
172.18.0.2 - - [11/Nov/2018:17:19:48 +0000] "POST /api/v4/jobs/request HTTP/1.1" 204 0 "" "gitlab-runner 11.4.2 (11-4-stable; go1.8.7; linux/amd64)"
127.0.0.1 - - [11/Nov/2018:17:19:50 +0000] "GET /help HTTP/1.1" 200 37702 "" "curl/7.59.0"
172.18.0.2 - - [11/Nov/2018:17:19:51 +0000] "POST /api/v4/jobs/request HTTP/1.1" 204 0 "" "gitlab-runner 11.4.2 (11-4-stable; go1.8.7; linux/amd64)"
172.18.0.2 - - [11/Nov/2018:17:19:54 +0000] "POST /api/v4/jobs/request HTTP/1.1" 204 0 "" "gitlab-runner 11.4.2 (11-4-stable; go1.8.7; linux/amd64)"
172.18.0.2 - - [11/Nov/2018:17:19:57 +0000] "POST /api/v4/jobs/request HTTP/1.1" 204 0 "" "gitlab-runner 11.4.2 (11-4-stable; go1.8.7; linux/amd64)"
172.18.0.2 - - [11/Nov/2018:17:20:00 +0000] "POST /api/v4/jobs/request HTTP/1.1" 204 0 "" "gitlab-runner 11.4.2 (11-4-stable; go1.8.7; linux/amd64)"
172.18.0.2 - - [11/Nov/2018:17:20:03 +0000] "POST /api/v4/jobs/request HTTP/1.1" 204 0 "" "gitlab-runner 11.4.2 (11-4-stable; go1.8.7; linux/amd64)"
172.18.0.2 - - [11/Nov/2018:17:20:06 +0000] "POST /api/v4/jobs/request HTTP/1.1" 204 0 "" "gitlab-runner 11.4.2 (11-4-stable; go1.8.7; linux/amd64)"
172.18.0.2 - - [11/Nov/2018:17:20:09 +0000] "POST /api/v4/jobs/request HTTP/1.1" 204 0 "" "gitlab-runner 11.4.2 (11-4-stable; go1.8.7; linux/amd64)"
172.18.0.2 - - [11/Nov/2018:17:20:12 +0000] "POST /api/v4/jobs/request HTTP/1.1" 204 0 "" "gitlab-runner 11.4.2 (11-4-stable; go1.8.7; linux/amd64)"
172.18.0.2 - - [11/Nov/2018:17:20:15 +0000] "POST /api/v4/jobs/request HTTP/1.1" 204 0 "" "gitlab-runner 11.4.2 (11-4-stable; go1.8.7; linux/amd64)"
172.18.0.2 - - [11/Nov/2018:17:20:18 +0000] "POST /api/v4/jobs/request HTTP/1.1" 204 0 "" "gitlab-runner 11.4.2 (11-4-stable; go1.8.7; linux/amd64)"
172.18.0.2 - - [11/Nov/2018:17:20:21 +0000] "POST /api/v4/jobs/request HTTP/1.1" 204 0 "" "gitlab-runner 11.4.2 (11-4-stable; go1.8.7; linux/amd64)"
172.18.0.2 - - [11/Nov/2018:17:20:24 +0000] "POST /api/v4/jobs/request HTTP/1.1" 204 0 "" "gitlab-runner 11.4.2 (11-4-stable; go1.8.7; linux/amd64)"
172.18.0.2 - - [11/Nov/2018:17:20:27 +0000] "POST /api/v4/jobs/request HTTP/1.1" 204 0 "" "gitlab-runner 11.4.2 (11-4-stable; go1.8.7; linux/amd64)"
172.18.0.2 - - [11/Nov/2018:17:20:30 +0000] "POST /api/v4/jobs/request HTTP/1.1" 204 0 "" "gitlab-runner 11.4.2 (11-4-stable; go1.8.7; linux/amd64)"
172.18.0.2 - - [11/Nov/2018:17:20:33 +0000] "POST /api/v4/jobs/request HTTP/1.1" 204 0 "" "gitlab-runner 11.4.2 (11-4-stable; go1.8.7; linux/amd64)"
172.18.0.2 - - [11/Nov/2018:17:20:36 +0000] "POST /api/v4/jobs/request HTTP/1.1" 204 0 "" "gitlab-runner 11.4.2 (11-4-stable; go1.8.7; linux/amd64)"
172.18.0.2 - - [11/Nov/2018:17:20:39 +0000] "POST /api/v4/jobs/request HTTP/1.1" 204 0 "" "gitlab-runner 11.4.2 (11-4-stable; go1.8.7; linux/amd64)"
172.18.0.2 - - [11/Nov/2018:17:20:42 +0000] "POST /api/v4/jobs/request HTTP/1.1" 204 0 "" "gitlab-runner 11.4.2 (11-4-stable; go1.8.7; linux/amd64)"
172.18.0.2 - - [11/Nov/2018:17:20:45 +0000] "POST /api/v4/jobs/request HTTP/1.1" 204 0 "" "gitlab-runner 11.4.2 (11-4-stable; go1.8.7; linux/amd64)"
172.18.0.2 - - [11/Nov/2018:17:20:48 +0000] "POST /api/v4/jobs/request HTTP/1.1" 204 0 "" "gitlab-runner 11.4.2 (11-4-stable; go1.8.7; linux/amd64)"
127.0.0.1 - - [11/Nov/2018:17:20:50 +0000] "GET /help HTTP/1.1" 200 37702 "" "curl/7.59.0"
172.18.0.2 - - [11/Nov/2018:17:21:26 +0000] "POST /api/v4/jobs/request HTTP/1.1" 502 24 "" "gitlab-runner 11.4.2 (11-4-stable; go1.8.7; linux/amd64)"
172.18.0.2 - - [11/Nov/2018:17:21:29 +0000] "POST /api/v4/jobs/request HTTP/1.1" 502 24 "" "gitlab-runner 11.4.2 (11-4-stable; go1.8.7; linux/amd64)"
172.18.0.2 - - [11/Nov/2018:17:21:32 +0000] "POST /api/v4/jobs/request HTTP/1.1" 502 24 "" "gitlab-runner 11.4.2 (11-4-stable; go1.8.7; linux/amd64)"
172.18.0.2 - - [11/Nov/2018:17:21:35 +0000] "POST /api/v4/jobs/request HTTP/1.1" 502 24 "" "gitlab-runner 11.4.2 (11-4-stable; go1.8.7; linux/amd64)"
172.18.0.2 - - [11/Nov/2018:17:21:38 +0000] "POST /api/v4/jobs/request HTTP/1.1" 502 24 "" "gitlab-runner 11.4.2 (11-4-stable; go1.8.7; linux/amd64)"
172.18.0.2 - - [11/Nov/2018:17:21:41 +0000] "POST /api/v4/jobs/request HTTP/1.1" 502 24 "" "gitlab-runner 11.4.2 (11-4-stable; go1.8.7; linux/amd64)"
172.18.0.2 - - [11/Nov/2018:17:21:44 +0000] "POST /api/v4/jobs/request HTTP/1.1" 502 24 "" "gitlab-runner 11.4.2 (11-4-stable; go1.8.7; linux/amd64)"
172.18.0.2 - - [11/Nov/2018:17:21:47 +0000] "POST /api/v4/jobs/request HTTP/1.1" 502 24 "" "gitlab-runner 11.4.2 (11-4-stable; go1.8.7; linux/amd64)"
172.18.0.2 - - [11/Nov/2018:17:21:52 +0000] "POST /api/v4/jobs/request HTTP/1.1" 502 24 "" "gitlab-runner 11.4.2 (11-4-stable; go1.8.7; linux/amd64)"
172.18.0.1 - - [11/Nov/2018:17:21:54 +0000] "GET /root/spring-boot-examples/-/jobs/8.json HTTP/1.1" 502 2940 "http://localhost/root/spring-boot-examples/-/jobs/8" "Mozilla/5.0 (X11; Linux x86_64) AppleWebKit/537.36 (KHTML, like Gecko) Chrome/70.0.3538.77 Safari/537.36"
172.18.0.1 - - [11/Nov/2018:17:21:56 +0000] "GET /root/spring-boot-examples/-/jobs/8 HTTP/1.1" 502 2940 "http://localhost/root/spring-boot-examples/issues/new" "Mozilla/5.0 (X11; Linux x86_64) AppleWebKit/537.36 (KHTML, like Gecko) Chrome/70.0.3538.77 Safari/537.36"
172.18.0.1 - - [11/Nov/2018:17:21:56 +0000] "GET /favicon.ico HTTP/1.1" 502 2940 "http://localhost/root/spring-boot-examples/-/jobs/8" "Mozilla/5.0 (X11; Linux x86_64) AppleWebKit/537.36 (KHTML, like Gecko) Chrome/70.0.3538.77 Safari/537.36"
172.18.0.1 - - [11/Nov/2018:17:22:01 +0000] "GET /root/spring-boot-examples/-/jobs/8 HTTP/1.1" 200 9491 "http://localhost/root/spring-boot-examples/issues/new" "Mozilla/5.0 (X11; Linux x86_64) AppleWebKit/537.36 (KHTML, like Gecko) Chrome/70.0.3538.77 Safari/537.36"
172.18.0.1 - - [11/Nov/2018:17:22:01 +0000] "GET /assets/favicon-7901bd695fb93edb07975966062049829afb56cf11511236e61bcf425070e36e.png HTTP/1.1" 200 1611 "http://localhost/root/spring-boot-examples/-/jobs/8" "Mozilla/5.0 (X11; Linux x86_64) AppleWebKit/537.36 (KHTML, like Gecko) Chrome/70.0.3538.77 Safari/537.36"
172.18.0.1 - - [11/Nov/2018:17:22:02 +0000] "GET /root/spring-boot-examples/-/jobs/8/trace.json?state= HTTP/1.1" 200 884 "http://localhost/root/spring-boot-examples/-/jobs/8" "Mozilla/5.0 (X11; Linux x86_64) AppleWebKit/537.36 (KHTML, like Gecko) Chrome/70.0.3538.77 Safari/537.36"
172.18.0.1 - - [11/Nov/2018:17:22:02 +0000] "GET /root/spring-boot-examples/-/jobs/8.json HTTP/1.1" 200 1357 "http://localhost/root/spring-boot-examples/-/jobs/8" "Mozilla/5.0 (X11; Linux x86_64) AppleWebKit/537.36 (KHTML, like Gecko) Chrome/70.0.3538.77 Safari/537.36"
172.18.0.1 - - [11/Nov/2018:17:22:02 +0000] "GET /root/spring-boot-examples/-/jobs/8/status.json HTTP/1.1" 200 643 "http://localhost/root/spring-boot-examples/-/jobs/8" "Mozilla/5.0 (X11; Linux x86_64) AppleWebKit/537.36 (KHTML, like Gecko) Chrome/70.0.3538.77 Safari/537.36"
172.18.0.1 - - [11/Nov/2018:17:22:03 +0000] "GET /root/spring-boot-examples/pipelines/2.json HTTP/1.1" 200 1501 "http://localhost/root/spring-boot-examples/-/jobs/8" "Mozilla/5.0 (X11; Linux x86_64) AppleWebKit/537.36 (KHTML, like Gecko) Chrome/70.0.3538.77 Safari/537.36"
172.18.0.1 - - [11/Nov/2018:17:22:03 +0000] "GET /root/spring-boot-examples/pipelines/2/stage.json?stage=build&retried=1 HTTP/1.1" 200 734 "http://localhost/root/spring-boot-examples/-/jobs/8" "Mozilla/5.0 (X11; Linux x86_64) AppleWebKit/537.36 (KHTML, like Gecko) Chrome/70.0.3538.77 Safari/537.36"
172.18.0.1 - - [11/Nov/2018:17:22:05 +0000] "POST /root/spring-boot-examples/-/jobs/8/retry HTTP/1.1" 302 117 "http://localhost/root/spring-boot-examples/-/jobs/8" "Mozilla/5.0 (X11; Linux x86_64) AppleWebKit/537.36 (KHTML, like Gecko) Chrome/70.0.3538.77 Safari/537.36"
172.18.0.1 - - [11/Nov/2018:17:22:07 +0000] "GET /root/spring-boot-examples/-/jobs/9 HTTP/1.1" 200 8507 "http://localhost/root/spring-boot-examples/-/jobs/8" "Mozilla/5.0 (X11; Linux x86_64) AppleWebKit/537.36 (KHTML, like Gecko) Chrome/70.0.3538.77 Safari/537.36"
172.18.0.2 - - [11/Nov/2018:17:22:07 +0000] "POST /api/v4/jobs/request HTTP/1.1" 201 4236 "" "gitlab-runner 11.4.2 (11-4-stable; go1.8.7; linux/amd64)"
172.18.0.1 - - [11/Nov/2018:17:22:07 +0000] "GET /root/spring-boot-examples/-/jobs/9/trace.json?state= HTTP/1.1" 200 44 "http://localhost/root/spring-boot-examples/-/jobs/9" "Mozilla/5.0 (X11; Linux x86_64) AppleWebKit/537.36 (KHTML, like Gecko) Chrome/70.0.3538.77 Safari/537.36"
172.18.0.1 - - [11/Nov/2018:17:22:07 +0000] "GET /root/spring-boot-examples/-/jobs/9/status.json HTTP/1.1" 200 634 "http://localhost/root/spring-boot-examples/-/jobs/9" "Mozilla/5.0 (X11; Linux x86_64) AppleWebKit/537.36 (KHTML, like Gecko) Chrome/70.0.3538.77 Safari/537.36"
172.18.0.1 - - [11/Nov/2018:17:22:07 +0000] "GET /root/spring-boot-examples/-/jobs/9.json HTTP/1.1" 200 1215 "http://localhost/root/spring-boot-examples/-/jobs/9" "Mozilla/5.0 (X11; Linux x86_64) AppleWebKit/537.36 (KHTML, like Gecko) Chrome/70.0.3538.77 Safari/537.36"
172.18.0.1 - - [11/Nov/2018:17:22:07 +0000] "GET /root/spring-boot-examples/-/jobs/9 HTTP/1.1" 200 9338 "http://localhost/root/spring-boot-examples/-/jobs/9" "Mozilla/5.0 (X11; Linux x86_64) AppleWebKit/537.36 (KHTML, like Gecko) Chrome/70.0.3538.77 Safari/537.36"
172.18.0.1 - - [11/Nov/2018:17:22:07 +0000] "GET /root/spring-boot-examples/pipelines/2.json HTTP/1.1" 499 0 "http://localhost/root/spring-boot-examples/-/jobs/9" "Mozilla/5.0 (X11; Linux x86_64) AppleWebKit/537.36 (KHTML, like Gecko) Chrome/70.0.3538.77 Safari/537.36"
172.18.0.1 - - [11/Nov/2018:17:22:08 +0000] "GET /root/spring-boot-examples/-/jobs/9/trace.json?state= HTTP/1.1" 200 44 "http://localhost/root/spring-boot-examples/-/jobs/9" "Mozilla/5.0 (X11; Linux x86_64) AppleWebKit/537.36 (KHTML, like Gecko) Chrome/70.0.3538.77 Safari/537.36"
172.18.0.1 - - [11/Nov/2018:17:22:08 +0000] "GET /root/spring-boot-examples/-/jobs/9/status.json HTTP/1.1" 200 634 "http://localhost/root/spring-boot-examples/-/jobs/9" "Mozilla/5.0 (X11; Linux x86_64) AppleWebKit/537.36 (KHTML, like Gecko) Chrome/70.0.3538.77 Safari/537.36"
172.18.0.1 - - [11/Nov/2018:17:22:09 +0000] "GET /root/spring-boot-examples/-/jobs/9.json HTTP/1.1" 200 1214 "http://localhost/root/spring-boot-examples/-/jobs/9" "Mozilla/5.0 (X11; Linux x86_64) AppleWebKit/537.36 (KHTML, like Gecko) Chrome/70.0.3538.77 Safari/537.36"
127.0.0.1 - - [11/Nov/2018:17:22:09 +0000] "GET /help HTTP/1.1" 200 37702 "" "curl/7.59.0"
172.18.0.1 - - [11/Nov/2018:17:22:09 +0000] "GET /root/spring-boot-examples/pipelines/2.json HTTP/1.1" 200 1623 "http://localhost/root/spring-boot-examples/-/jobs/9" "Mozilla/5.0 (X11; Linux x86_64) AppleWebKit/537.36 (KHTML, like Gecko) Chrome/70.0.3538.77 Safari/537.36"
172.18.0.1 - - [11/Nov/2018:17:22:09 +0000] "GET /root/spring-boot-examples/pipelines/2/stage.json?stage=build&retried=1 HTTP/1.1" 200 871 "http://localhost/root/spring-boot-examples/-/jobs/9" "Mozilla/5.0 (X11; Linux x86_64) AppleWebKit/537.36 (KHTML, like Gecko) Chrome/70.0.3538.77 Safari/537.36"
172.18.0.2 - - [11/Nov/2018:17:22:10 +0000] "PATCH /api/v4/jobs/9/trace HTTP/1.1" 202 7 "" "gitlab-runner 11.4.2 (11-4-stable; go1.8.7; linux/amd64)"
172.18.0.1 - - [11/Nov/2018:17:22:12 +0000] "GET /root/spring-boot-examples/-/jobs/9/trace.json?state= HTTP/1.1" 200 453 "http://localhost/root/spring-boot-examples/-/jobs/9" "Mozilla/5.0 (X11; Linux x86_64) AppleWebKit/537.36 (KHTML, like Gecko) Chrome/70.0.3538.77 Safari/537.36"
172.18.0.1 - - [11/Nov/2018:17:22:12 +0000] "GET /root/spring-boot-examples/-/jobs/9/status.json HTTP/1.1" 200 634 "http://localhost/root/spring-boot-examples/-/jobs/9" "Mozilla/5.0 (X11; Linux x86_64) AppleWebKit/537.36 (KHTML, like Gecko) Chrome/70.0.3538.77 Safari/537.36"
172.18.0.2 - - [11/Nov/2018:17:22:13 +0000] "PATCH /api/v4/jobs/9/trace HTTP/1.1" 202 7 "" "gitlab-runner 11.4.2 (11-4-stable; go1.8.7; linux/amd64)"
172.18.0.1 - - [11/Nov/2018:17:22:16 +0000] "GET /root/spring-boot-examples/-/jobs/9/trace.json?state=eyJvZmZzZXQiOjIwMSwibl9vcGVuX3RhZ3MiOjAsImZnX2NvbG9yIjpudWxsLCJiZ19jb2xvciI6bnVsbCwic3R5bGVfbWFzayI6MH0%3D HTTP/1.1" 200 533 "http://localhost/root/spring-boot-examples/-/jobs/9" "Mozilla/5.0 (X11; Linux x86_64) AppleWebKit/537.36 (KHTML, like Gecko) Chrome/70.0.3538.77 Safari/537.36"
172.18.0.1 - - [11/Nov/2018:17:22:16 +0000] "GET /root/spring-boot-examples/-/jobs/9/status.json HTTP/1.1" 200 634 "http://localhost/root/spring-boot-examples/-/jobs/9" "Mozilla/5.0 (X11; Linux x86_64) AppleWebKit/537.36 (KHTML, like Gecko) Chrome/70.0.3538.77 Safari/537.36"
172.18.0.2 - - [11/Nov/2018:17:22:16 +0000] "PATCH /api/v4/jobs/9/trace HTTP/1.1" 202 7 "" "gitlab-runner 11.4.2 (11-4-stable; go1.8.7; linux/amd64)"
172.18.0.1 - - [11/Nov/2018:17:22:19 +0000] "GET /root/spring-boot-examples/-/jobs/9.json HTTP/1.1" 200 1214 "http://localhost/root/spring-boot-examples/-/jobs/9" "Mozilla/5.0 (X11; Linux x86_64) AppleWebKit/537.36 (KHTML, like Gecko) Chrome/70.0.3538.77 Safari/537.36"
172.18.0.1 - - [11/Nov/2018:17:22:20 +0000] "GET /root/spring-boot-examples/-/jobs/9/trace.json?state=eyJvZmZzZXQiOjM2Niwibl9vcGVuX3RhZ3MiOjAsImZnX2NvbG9yIjpudWxsLCJiZ19jb2xvciI6bnVsbCwic3R5bGVfbWFzayI6MH0%3D HTTP/1.1" 200 821 "http://localhost/root/spring-boot-examples/-/jobs/9" "Mozilla/5.0 (X11; Linux x86_64) AppleWebKit/537.36 (KHTML, like Gecko) Chrome/70.0.3538.77 Safari/537.36"
172.18.0.1 - - [11/Nov/2018:17:22:21 +0000] "GET /root/spring-boot-examples/-/jobs/9/status.json HTTP/1.1" 200 634 "http://localhost/root/spring-boot-examples/-/jobs/9" "Mozilla/5.0 (X11; Linux x86_64) AppleWebKit/537.36 (KHTML, like Gecko) Chrome/70.0.3538.77 Safari/537.36"
172.18.0.1 - - [11/Nov/2018:17:22:24 +0000] "GET /root/spring-boot-examples/-/jobs/9/trace.json?state=eyJvZmZzZXQiOjYwNSwibl9vcGVuX3RhZ3MiOjAsImZnX2NvbG9yIjpudWxsLCJiZ19jb2xvciI6bnVsbCwic3R5bGVfbWFzayI6MH0%3D HTTP/1.1" 200 235 "http://localhost/root/spring-boot-examples/-/jobs/9" "Mozilla/5.0 (X11; Linux x86_64) AppleWebKit/537.36 (KHTML, like Gecko) Chrome/70.0.3538.77 Safari/537.36"
172.18.0.1 - - [11/Nov/2018:17:22:24 +0000] "GET /root/spring-boot-examples/-/jobs/9/status.json HTTP/1.1" 200 634 "http://localhost/root/spring-boot-examples/-/jobs/9" "Mozilla/5.0 (X11; Linux x86_64) AppleWebKit/537.36 (KHTML, like Gecko) Chrome/70.0.3538.77 Safari/537.36"
172.18.0.1 - - [11/Nov/2018:17:22:29 +0000] "GET /root/spring-boot-examples/-/jobs/9/trace.json?state=eyJvZmZzZXQiOjYwNSwibl9vcGVuX3RhZ3MiOjAsImZnX2NvbG9yIjpudWxsLCJiZ19jb2xvciI6bnVsbCwic3R5bGVfbWFzayI6MH0%3D HTTP/1.1" 200 235 "http://localhost/root/spring-boot-examples/-/jobs/9" "Mozilla/5.0 (X11; Linux x86_64) AppleWebKit/537.36 (KHTML, like Gecko) Chrome/70.0.3538.77 Safari/537.36"
172.18.0.1 - - [11/Nov/2018:17:22:29 +0000] "GET /root/spring-boot-examples/-/jobs/9/status.json HTTP/1.1" 200 634 "http://localhost/root/spring-boot-examples/-/jobs/9" "Mozilla/5.0 (X11; Linux x86_64) AppleWebKit/537.36 (KHTML, like Gecko) Chrome/70.0.3538.77 Safari/537.36"
172.18.0.1 - - [11/Nov/2018:17:22:30 +0000] "GET /root/spring-boot-examples/-/jobs/9.json HTTP/1.1" 200 1214 "http://localhost/root/spring-boot-examples/-/jobs/9" "Mozilla/5.0 (X11; Linux x86_64) AppleWebKit/537.36 (KHTML, like Gecko) Chrome/70.0.3538.77 Safari/537.36"
172.18.0.1 - - [11/Nov/2018:17:22:33 +0000] "GET /root/spring-boot-examples/-/jobs/9/trace.json?state=eyJvZmZzZXQiOjYwNSwibl9vcGVuX3RhZ3MiOjAsImZnX2NvbG9yIjpudWxsLCJiZ19jb2xvciI6bnVsbCwic3R5bGVfbWFzayI6MH0%3D HTTP/1.1" 200 235 "http://localhost/root/spring-boot-examples/-/jobs/9" "Mozilla/5.0 (X11; Linux x86_64) AppleWebKit/537.36 (KHTML, like Gecko) Chrome/70.0.3538.77 Safari/537.36"
172.18.0.1 - - [11/Nov/2018:17:22:33 +0000] "GET /root/spring-boot-examples/-/jobs/9/status.json HTTP/1.1" 200 634 "http://localhost/root/spring-boot-examples/-/jobs/9" "Mozilla/5.0 (X11; Linux x86_64) AppleWebKit/537.36 (KHTML, like Gecko) Chrome/70.0.3538.77 Safari/537.36"
172.18.0.1 - - [11/Nov/2018:17:22:37 +0000] "GET /root/spring-boot-examples/-/jobs/9/trace.json?state=eyJvZmZzZXQiOjYwNSwibl9vcGVuX3RhZ3MiOjAsImZnX2NvbG9yIjpudWxsLCJiZ19jb2xvciI6bnVsbCwic3R5bGVfbWFzayI6MH0%3D HTTP/1.1" 200 235 "http://localhost/root/spring-boot-examples/-/jobs/9" "Mozilla/5.0 (X11; Linux x86_64) AppleWebKit/537.36 (KHTML, like Gecko) Chrome/70.0.3538.77 Safari/537.36"
172.18.0.1 - - [11/Nov/2018:17:22:37 +0000] "GET /root/spring-boot-examples/-/jobs/9/status.json HTTP/1.1" 200 634 "http://localhost/root/spring-boot-examples/-/jobs/9" "Mozilla/5.0 (X11; Linux x86_64) AppleWebKit/537.36 (KHTML, like Gecko) Chrome/70.0.3538.77 Safari/537.36"
172.18.0.1 - - [11/Nov/2018:17:22:40 +0000] "GET /root/spring-boot-examples/-/jobs/9.json HTTP/1.1" 200 1216 "http://localhost/root/spring-boot-examples/-/jobs/9" "Mozilla/5.0 (X11; Linux x86_64) AppleWebKit/537.36 (KHTML, like Gecko) Chrome/70.0.3538.77 Safari/537.36"
172.18.0.1 - - [11/Nov/2018:17:22:41 +0000] "GET /root/spring-boot-examples/-/jobs/9/trace.json?state=eyJvZmZzZXQiOjYwNSwibl9vcGVuX3RhZ3MiOjAsImZnX2NvbG9yIjpudWxsLCJiZ19jb2xvciI6bnVsbCwic3R5bGVfbWFzayI6MH0%3D HTTP/1.1" 200 235 "http://localhost/root/spring-boot-examples/-/jobs/9" "Mozilla/5.0 (X11; Linux x86_64) AppleWebKit/537.36 (KHTML, like Gecko) Chrome/70.0.3538.77 Safari/537.36"
172.18.0.1 - - [11/Nov/2018:17:22:41 +0000] "GET /root/spring-boot-examples/-/jobs/9/status.json HTTP/1.1" 200 634 "http://localhost/root/spring-boot-examples/-/jobs/9" "Mozilla/5.0 (X11; Linux x86_64) AppleWebKit/537.36 (KHTML, like Gecko) Chrome/70.0.3538.77 Safari/537.36"
172.18.0.1 - - [11/Nov/2018:17:22:45 +0000] "GET /root/spring-boot-examples/-/jobs/9/trace.json?state=eyJvZmZzZXQiOjYwNSwibl9vcGVuX3RhZ3MiOjAsImZnX2NvbG9yIjpudWxsLCJiZ19jb2xvciI6bnVsbCwic3R5bGVfbWFzayI6MH0%3D HTTP/1.1" 200 235 "http://localhost/root/spring-boot-examples/-/jobs/9" "Mozilla/5.0 (X11; Linux x86_64) AppleWebKit/537.36 (KHTML, like Gecko) Chrome/70.0.3538.77 Safari/537.36"
172.18.0.1 - - [11/Nov/2018:17:22:45 +0000] "GET /root/spring-boot-examples/-/jobs/9/status.json HTTP/1.1" 200 634 "http://localhost/root/spring-boot-examples/-/jobs/9" "Mozilla/5.0 (X11; Linux x86_64) AppleWebKit/537.36 (KHTML, like Gecko) Chrome/70.0.3538.77 Safari/537.36"
172.18.0.2 - - [11/Nov/2018:17:22:46 +0000] "PUT /api/v4/jobs/9 HTTP/1.1" 200 4 "" "gitlab-runner 11.4.2 (11-4-stable; go1.8.7; linux/amd64)"
172.18.0.1 - - [11/Nov/2018:17:22:49 +0000] "GET /root/spring-boot-examples/-/jobs/9/trace.json?state=eyJvZmZzZXQiOjYwNSwibl9vcGVuX3RhZ3MiOjAsImZnX2NvbG9yIjpudWxsLCJiZ19jb2xvciI6bnVsbCwic3R5bGVfbWFzayI6MH0%3D HTTP/1.1" 200 235 "http://localhost/root/spring-boot-examples/-/jobs/9" "Mozilla/5.0 (X11; Linux x86_64) AppleWebKit/537.36 (KHTML, like Gecko) Chrome/70.0.3538.77 Safari/537.36"
172.18.0.1 - - [11/Nov/2018:17:22:50 +0000] "GET /root/spring-boot-examples/-/jobs/9/status.json HTTP/1.1" 200 634 "http://localhost/root/spring-boot-examples/-/jobs/9" "Mozilla/5.0 (X11; Linux x86_64) AppleWebKit/537.36 (KHTML, like Gecko) Chrome/70.0.3538.77 Safari/537.36"
172.18.0.1 - - [11/Nov/2018:17:22:51 +0000] "GET /root/spring-boot-examples/-/jobs/9.json HTTP/1.1" 200 1215 "http://localhost/root/spring-boot-examples/-/jobs/9" "Mozilla/5.0 (X11; Linux x86_64) AppleWebKit/537.36 (KHTML, like Gecko) Chrome/70.0.3538.77 Safari/537.36"
172.18.0.1 - - [11/Nov/2018:17:22:53 +0000] "GET /root/spring-boot-examples/-/jobs/9/trace.json?state=eyJvZmZzZXQiOjYwNSwibl9vcGVuX3RhZ3MiOjAsImZnX2NvbG9yIjpudWxsLCJiZ19jb2xvciI6bnVsbCwic3R5bGVfbWFzayI6MH0%3D HTTP/1.1" 200 235 "http://localhost/root/spring-boot-examples/-/jobs/9" "Mozilla/5.0 (X11; Linux x86_64) AppleWebKit/537.36 (KHTML, like Gecko) Chrome/70.0.3538.77 Safari/537.36"
172.18.0.1 - - [11/Nov/2018:17:22:53 +0000] "GET /root/spring-boot-examples/-/jobs/9/status.json HTTP/1.1" 200 634 "http://localhost/root/spring-boot-examples/-/jobs/9" "Mozilla/5.0 (X11; Linux x86_64) AppleWebKit/537.36 (KHTML, like Gecko) Chrome/70.0.3538.77 Safari/537.36"
172.18.0.1 - - [11/Nov/2018:17:22:57 +0000] "GET /root/spring-boot-examples/-/jobs/9/trace.json?state=eyJvZmZzZXQiOjYwNSwibl9vcGVuX3RhZ3MiOjAsImZnX2NvbG9yIjpudWxsLCJiZ19jb2xvciI6bnVsbCwic3R5bGVfbWFzayI6MH0%3D HTTP/1.1" 200 235 "http://localhost/root/spring-boot-examples/-/jobs/9" "Mozilla/5.0 (X11; Linux x86_64) AppleWebKit/537.36 (KHTML, like Gecko) Chrome/70.0.3538.77 Safari/537.36"
172.18.0.1 - - [11/Nov/2018:17:22:57 +0000] "GET /root/spring-boot-examples/-/jobs/9/status.json HTTP/1.1" 200 634 "http://localhost/root/spring-boot-examples/-/jobs/9" "Mozilla/5.0 (X11; Linux x86_64) AppleWebKit/537.36 (KHTML, like Gecko) Chrome/70.0.3538.77 Safari/537.36"
172.18.0.1 - - [11/Nov/2018:17:23:01 +0000] "GET /root/spring-boot-examples/-/jobs/9/trace.json?state=eyJvZmZzZXQiOjYwNSwibl9vcGVuX3RhZ3MiOjAsImZnX2NvbG9yIjpudWxsLCJiZ19jb2xvciI6bnVsbCwic3R5bGVfbWFzayI6MH0%3D HTTP/1.1" 200 235 "http://localhost/root/spring-boot-examples/-/jobs/9" "Mozilla/5.0 (X11; Linux x86_64) AppleWebKit/537.36 (KHTML, like Gecko) Chrome/70.0.3538.77 Safari/537.36"
172.18.0.1 - - [11/Nov/2018:17:23:01 +0000] "GET /root/spring-boot-examples/-/jobs/9.json HTTP/1.1" 200 1215 "http://localhost/root/spring-boot-examples/-/jobs/9" "Mozilla/5.0 (X11; Linux x86_64) AppleWebKit/537.36 (KHTML, like Gecko) Chrome/70.0.3538.77 Safari/537.36"
172.18.0.1 - - [11/Nov/2018:17:23:01 +0000] "GET /root/spring-boot-examples/-/jobs/9/status.json HTTP/1.1" 200 634 "http://localhost/root/spring-boot-examples/-/jobs/9" "Mozilla/5.0 (X11; Linux x86_64) AppleWebKit/537.36 (KHTML, like Gecko) Chrome/70.0.3538.77 Safari/537.36"
