172.18.0.1 - - [11/Nov/2018:16:11:52 +0000] "GET /root/spring-boot-examples/commit/63fe24647cd168edc98ecb81d513a5621f2d8d86/pipelines HTTP/1.1" 200 1025 "http://localhost/-/ide/project/root/spring-boot-examples/edit/master/-/" "Mozilla/5.0 (X11; Linux x86_64) AppleWebKit/537.36 (KHTML, like Gecko) Chrome/70.0.3538.77 Safari/537.36"
172.18.0.3 - - [11/Nov/2018:16:11:54 +0000] "POST /api/v4/jobs/request HTTP/1.1" 204 0 "" "gitlab-runner 11.4.2 (11-4-stable; go1.8.7; linux/amd64)"
172.18.0.3 - - [11/Nov/2018:16:11:57 +0000] "POST /api/v4/jobs/request HTTP/1.1" 204 0 "" "gitlab-runner 11.4.2 (11-4-stable; go1.8.7; linux/amd64)"
172.18.0.3 - - [11/Nov/2018:16:12:00 +0000] "POST /api/v4/jobs/request HTTP/1.1" 204 0 "" "gitlab-runner 11.4.2 (11-4-stable; go1.8.7; linux/amd64)"
172.18.0.1 - - [11/Nov/2018:16:12:02 +0000] "GET /root/spring-boot-examples/commit/63fe24647cd168edc98ecb81d513a5621f2d8d86/pipelines HTTP/1.1" 200 1025 "http://localhost/-/ide/project/root/spring-boot-examples/edit/master/-/" "Mozilla/5.0 (X11; Linux x86_64) AppleWebKit/537.36 (KHTML, like Gecko) Chrome/70.0.3538.77 Safari/537.36"
172.18.0.3 - - [11/Nov/2018:16:12:03 +0000] "POST /api/v4/jobs/request HTTP/1.1" 204 0 "" "gitlab-runner 11.4.2 (11-4-stable; go1.8.7; linux/amd64)"
172.18.0.3 - - [11/Nov/2018:16:12:06 +0000] "POST /api/v4/jobs/request HTTP/1.1" 204 0 "" "gitlab-runner 11.4.2 (11-4-stable; go1.8.7; linux/amd64)"
172.18.0.3 - - [11/Nov/2018:16:12:09 +0000] "POST /api/v4/jobs/request HTTP/1.1" 204 0 "" "gitlab-runner 11.4.2 (11-4-stable; go1.8.7; linux/amd64)"
172.18.0.3 - - [11/Nov/2018:16:12:12 +0000] "POST /api/v4/jobs/request HTTP/1.1" 204 0 "" "gitlab-runner 11.4.2 (11-4-stable; go1.8.7; linux/amd64)"
172.18.0.1 - - [11/Nov/2018:16:12:13 +0000] "GET /root/spring-boot-examples/commit/63fe24647cd168edc98ecb81d513a5621f2d8d86/pipelines HTTP/1.1" 200 1025 "http://localhost/-/ide/project/root/spring-boot-examples/edit/master/-/" "Mozilla/5.0 (X11; Linux x86_64) AppleWebKit/537.36 (KHTML, like Gecko) Chrome/70.0.3538.77 Safari/537.36"
172.18.0.3 - - [11/Nov/2018:16:12:15 +0000] "POST /api/v4/jobs/request HTTP/1.1" 204 0 "" "gitlab-runner 11.4.2 (11-4-stable; go1.8.7; linux/amd64)"
172.18.0.3 - - [11/Nov/2018:16:12:18 +0000] "POST /api/v4/jobs/request HTTP/1.1" 204 0 "" "gitlab-runner 11.4.2 (11-4-stable; go1.8.7; linux/amd64)"
172.18.0.3 - - [11/Nov/2018:16:12:21 +0000] "POST /api/v4/jobs/request HTTP/1.1" 204 0 "" "gitlab-runner 11.4.2 (11-4-stable; go1.8.7; linux/amd64)"
172.18.0.3 - - [11/Nov/2018:16:12:24 +0000] "POST /api/v4/jobs/request HTTP/1.1" 204 0 "" "gitlab-runner 11.4.2 (11-4-stable; go1.8.7; linux/amd64)"
172.18.0.3 - - [11/Nov/2018:16:12:27 +0000] "POST /api/v4/jobs/request HTTP/1.1" 204 0 "" "gitlab-runner 11.4.2 (11-4-stable; go1.8.7; linux/amd64)"
172.18.0.1 - - [11/Nov/2018:16:12:28 +0000] "GET /root/spring-boot-examples/commit/63fe24647cd168edc98ecb81d513a5621f2d8d86/pipelines HTTP/1.1" 200 1025 "http://localhost/-/ide/project/root/spring-boot-examples/edit/master/-/" "Mozilla/5.0 (X11; Linux x86_64) AppleWebKit/537.36 (KHTML, like Gecko) Chrome/70.0.3538.77 Safari/537.36"
172.18.0.3 - - [11/Nov/2018:16:12:30 +0000] "POST /api/v4/jobs/request HTTP/1.1" 204 0 "" "gitlab-runner 11.4.2 (11-4-stable; go1.8.7; linux/amd64)"
172.18.0.3 - - [11/Nov/2018:16:12:33 +0000] "POST /api/v4/jobs/request HTTP/1.1" 204 0 "" "gitlab-runner 11.4.2 (11-4-stable; go1.8.7; linux/amd64)"
172.18.0.3 - - [11/Nov/2018:16:12:36 +0000] "POST /api/v4/jobs/request HTTP/1.1" 204 0 "" "gitlab-runner 11.4.2 (11-4-stable; go1.8.7; linux/amd64)"
172.18.0.1 - - [11/Nov/2018:16:12:39 +0000] "GET /root/spring-boot-examples/commit/63fe24647cd168edc98ecb81d513a5621f2d8d86/pipelines HTTP/1.1" 200 1025 "http://localhost/-/ide/project/root/spring-boot-examples/edit/master/-/" "Mozilla/5.0 (X11; Linux x86_64) AppleWebKit/537.36 (KHTML, like Gecko) Chrome/70.0.3538.77 Safari/537.36"
172.18.0.3 - - [11/Nov/2018:16:12:39 +0000] "POST /api/v4/jobs/request HTTP/1.1" 204 0 "" "gitlab-runner 11.4.2 (11-4-stable; go1.8.7; linux/amd64)"
172.18.0.3 - - [11/Nov/2018:16:12:42 +0000] "POST /api/v4/jobs/request HTTP/1.1" 204 0 "" "gitlab-runner 11.4.2 (11-4-stable; go1.8.7; linux/amd64)"
172.18.0.3 - - [11/Nov/2018:16:12:45 +0000] "POST /api/v4/jobs/request HTTP/1.1" 204 0 "" "gitlab-runner 11.4.2 (11-4-stable; go1.8.7; linux/amd64)"
172.18.0.1 - - [11/Nov/2018:16:12:46 +0000] "GET /root/spring-boot-examples/commit/63fe24647cd168edc98ecb81d513a5621f2d8d86/pipelines HTTP/1.1" 200 1025 "http://localhost/-/ide/project/root/spring-boot-examples/edit/master/-/" "Mozilla/5.0 (X11; Linux x86_64) AppleWebKit/537.36 (KHTML, like Gecko) Chrome/70.0.3538.77 Safari/537.36"
172.18.0.3 - - [11/Nov/2018:16:12:48 +0000] "POST /api/v4/jobs/request HTTP/1.1" 204 0 "" "gitlab-runner 11.4.2 (11-4-stable; go1.8.7; linux/amd64)"
127.0.0.1 - - [11/Nov/2018:16:12:50 +0000] "GET /help HTTP/1.1" 200 37700 "" "curl/7.59.0"
172.18.0.3 - - [11/Nov/2018:16:12:51 +0000] "POST /api/v4/jobs/request HTTP/1.1" 204 0 "" "gitlab-runner 11.4.2 (11-4-stable; go1.8.7; linux/amd64)"
172.18.0.3 - - [11/Nov/2018:16:12:54 +0000] "POST /api/v4/jobs/request HTTP/1.1" 204 0 "" "gitlab-runner 11.4.2 (11-4-stable; go1.8.7; linux/amd64)"
172.18.0.3 - - [11/Nov/2018:16:12:57 +0000] "POST /api/v4/jobs/request HTTP/1.1" 204 0 "" "gitlab-runner 11.4.2 (11-4-stable; go1.8.7; linux/amd64)"
172.18.0.3 - - [11/Nov/2018:16:13:00 +0000] "POST /api/v4/jobs/request HTTP/1.1" 204 0 "" "gitlab-runner 11.4.2 (11-4-stable; go1.8.7; linux/amd64)"
172.18.0.3 - - [11/Nov/2018:16:13:03 +0000] "POST /api/v4/jobs/request HTTP/1.1" 204 0 "" "gitlab-runner 11.4.2 (11-4-stable; go1.8.7; linux/amd64)"
172.18.0.3 - - [11/Nov/2018:16:13:06 +0000] "POST /api/v4/jobs/request HTTP/1.1" 204 0 "" "gitlab-runner 11.4.2 (11-4-stable; go1.8.7; linux/amd64)"
172.18.0.3 - - [11/Nov/2018:16:13:09 +0000] "POST /api/v4/jobs/request HTTP/1.1" 204 0 "" "gitlab-runner 11.4.2 (11-4-stable; go1.8.7; linux/amd64)"
172.18.0.1 - - [11/Nov/2018:16:13:12 +0000] "GET /root/spring-boot-examples/commit/63fe24647cd168edc98ecb81d513a5621f2d8d86/pipelines HTTP/1.1" 200 1025 "http://localhost/-/ide/project/root/spring-boot-examples/edit/master/-/" "Mozilla/5.0 (X11; Linux x86_64) AppleWebKit/537.36 (KHTML, like Gecko) Chrome/70.0.3538.77 Safari/537.36"
172.18.0.3 - - [11/Nov/2018:16:13:12 +0000] "POST /api/v4/jobs/request HTTP/1.1" 204 0 "" "gitlab-runner 11.4.2 (11-4-stable; go1.8.7; linux/amd64)"
172.18.0.3 - - [11/Nov/2018:16:13:15 +0000] "POST /api/v4/jobs/request HTTP/1.1" 204 0 "" "gitlab-runner 11.4.2 (11-4-stable; go1.8.7; linux/amd64)"
172.18.0.3 - - [11/Nov/2018:16:13:18 +0000] "POST /api/v4/jobs/request HTTP/1.1" 204 0 "" "gitlab-runner 11.4.2 (11-4-stable; go1.8.7; linux/amd64)"
172.18.0.3 - - [11/Nov/2018:16:13:21 +0000] "POST /api/v4/jobs/request HTTP/1.1" 204 0 "" "gitlab-runner 11.4.2 (11-4-stable; go1.8.7; linux/amd64)"
172.18.0.1 - - [11/Nov/2018:16:13:22 +0000] "GET /root/spring-boot-examples/commit/63fe24647cd168edc98ecb81d513a5621f2d8d86/pipelines HTTP/1.1" 200 1025 "http://localhost/-/ide/project/root/spring-boot-examples/edit/master/-/" "Mozilla/5.0 (X11; Linux x86_64) AppleWebKit/537.36 (KHTML, like Gecko) Chrome/70.0.3538.77 Safari/537.36"
172.18.0.3 - - [11/Nov/2018:16:13:24 +0000] "POST /api/v4/jobs/request HTTP/1.1" 204 0 "" "gitlab-runner 11.4.2 (11-4-stable; go1.8.7; linux/amd64)"
172.18.0.3 - - [11/Nov/2018:16:13:27 +0000] "POST /api/v4/jobs/request HTTP/1.1" 204 0 "" "gitlab-runner 11.4.2 (11-4-stable; go1.8.7; linux/amd64)"
172.18.0.3 - - [11/Nov/2018:16:13:30 +0000] "POST /api/v4/jobs/request HTTP/1.1" 204 0 "" "gitlab-runner 11.4.2 (11-4-stable; go1.8.7; linux/amd64)"
172.18.0.1 - - [11/Nov/2018:16:13:32 +0000] "GET /root/spring-boot-examples/commit/63fe24647cd168edc98ecb81d513a5621f2d8d86/pipelines HTTP/1.1" 200 1025 "http://localhost/-/ide/project/root/spring-boot-examples/edit/master/-/" "Mozilla/5.0 (X11; Linux x86_64) AppleWebKit/537.36 (KHTML, like Gecko) Chrome/70.0.3538.77 Safari/537.36"
172.18.0.3 - - [11/Nov/2018:16:13:33 +0000] "POST /api/v4/jobs/request HTTP/1.1" 204 0 "" "gitlab-runner 11.4.2 (11-4-stable; go1.8.7; linux/amd64)"
172.18.0.3 - - [11/Nov/2018:16:13:36 +0000] "POST /api/v4/jobs/request HTTP/1.1" 204 0 "" "gitlab-runner 11.4.2 (11-4-stable; go1.8.7; linux/amd64)"
172.18.0.3 - - [11/Nov/2018:16:13:39 +0000] "POST /api/v4/jobs/request HTTP/1.1" 204 0 "" "gitlab-runner 11.4.2 (11-4-stable; go1.8.7; linux/amd64)"
172.18.0.3 - - [11/Nov/2018:16:13:42 +0000] "POST /api/v4/jobs/request HTTP/1.1" 204 0 "" "gitlab-runner 11.4.2 (11-4-stable; go1.8.7; linux/amd64)"
172.18.0.3 - - [11/Nov/2018:16:13:45 +0000] "POST /api/v4/jobs/request HTTP/1.1" 204 0 "" "gitlab-runner 11.4.2 (11-4-stable; go1.8.7; linux/amd64)"
172.18.0.3 - - [11/Nov/2018:16:13:48 +0000] "POST /api/v4/jobs/request HTTP/1.1" 204 0 "" "gitlab-runner 11.4.2 (11-4-stable; go1.8.7; linux/amd64)"
127.0.0.1 - - [11/Nov/2018:16:13:51 +0000] "GET /help HTTP/1.1" 200 37700 "" "curl/7.59.0"
172.18.0.3 - - [11/Nov/2018:16:13:51 +0000] "POST /api/v4/jobs/request HTTP/1.1" 204 0 "" "gitlab-runner 11.4.2 (11-4-stable; go1.8.7; linux/amd64)"
172.18.0.3 - - [11/Nov/2018:16:13:54 +0000] "POST /api/v4/jobs/request HTTP/1.1" 204 0 "" "gitlab-runner 11.4.2 (11-4-stable; go1.8.7; linux/amd64)"
172.18.0.1 - - [11/Nov/2018:16:13:54 +0000] "GET /root/spring-boot-examples/commit/63fe24647cd168edc98ecb81d513a5621f2d8d86/pipelines HTTP/1.1" 200 1025 "http://localhost/-/ide/project/root/spring-boot-examples/edit/master/-/" "Mozilla/5.0 (X11; Linux x86_64) AppleWebKit/537.36 (KHTML, like Gecko) Chrome/70.0.3538.77 Safari/537.36"
172.18.0.3 - - [11/Nov/2018:16:13:57 +0000] "POST /api/v4/jobs/request HTTP/1.1" 204 0 "" "gitlab-runner 11.4.2 (11-4-stable; go1.8.7; linux/amd64)"
172.18.0.1 - - [11/Nov/2018:16:13:57 +0000] "GET /root/spring-boot-examples/commit/63fe24647cd168edc98ecb81d513a5621f2d8d86/pipelines HTTP/1.1" 200 1025 "http://localhost/-/ide/project/root/spring-boot-examples/edit/master/-/" "Mozilla/5.0 (X11; Linux x86_64) AppleWebKit/537.36 (KHTML, like Gecko) Chrome/70.0.3538.77 Safari/537.36"
172.18.0.3 - - [11/Nov/2018:16:14:00 +0000] "POST /api/v4/jobs/request HTTP/1.1" 204 0 "" "gitlab-runner 11.4.2 (11-4-stable; go1.8.7; linux/amd64)"
172.18.0.3 - - [11/Nov/2018:16:14:03 +0000] "POST /api/v4/jobs/request HTTP/1.1" 204 0 "" "gitlab-runner 11.4.2 (11-4-stable; go1.8.7; linux/amd64)"
172.18.0.3 - - [11/Nov/2018:16:14:06 +0000] "POST /api/v4/jobs/request HTTP/1.1" 204 0 "" "gitlab-runner 11.4.2 (11-4-stable; go1.8.7; linux/amd64)"
172.18.0.1 - - [11/Nov/2018:16:14:08 +0000] "GET /root/spring-boot-examples/commit/63fe24647cd168edc98ecb81d513a5621f2d8d86/pipelines HTTP/1.1" 200 1025 "http://localhost/-/ide/project/root/spring-boot-examples/edit/master/-/" "Mozilla/5.0 (X11; Linux x86_64) AppleWebKit/537.36 (KHTML, like Gecko) Chrome/70.0.3538.77 Safari/537.36"
172.18.0.3 - - [11/Nov/2018:16:14:09 +0000] "POST /api/v4/jobs/request HTTP/1.1" 204 0 "" "gitlab-runner 11.4.2 (11-4-stable; go1.8.7; linux/amd64)"
172.18.0.3 - - [11/Nov/2018:16:14:12 +0000] "POST /api/v4/jobs/request HTTP/1.1" 204 0 "" "gitlab-runner 11.4.2 (11-4-stable; go1.8.7; linux/amd64)"
172.18.0.1 - - [11/Nov/2018:16:14:14 +0000] "GET /root/spring-boot-examples/commit/63fe24647cd168edc98ecb81d513a5621f2d8d86/pipelines HTTP/1.1" 200 1025 "http://localhost/-/ide/project/root/spring-boot-examples/edit/master/-/" "Mozilla/5.0 (X11; Linux x86_64) AppleWebKit/537.36 (KHTML, like Gecko) Chrome/70.0.3538.77 Safari/537.36"
172.18.0.3 - - [11/Nov/2018:16:14:15 +0000] "POST /api/v4/jobs/request HTTP/1.1" 204 0 "" "gitlab-runner 11.4.2 (11-4-stable; go1.8.7; linux/amd64)"
172.18.0.3 - - [11/Nov/2018:16:14:18 +0000] "POST /api/v4/jobs/request HTTP/1.1" 204 0 "" "gitlab-runner 11.4.2 (11-4-stable; go1.8.7; linux/amd64)"
172.18.0.1 - - [11/Nov/2018:16:14:21 +0000] "GET /root/spring-boot-examples/commit/63fe24647cd168edc98ecb81d513a5621f2d8d86/pipelines HTTP/1.1" 200 1025 "http://localhost/-/ide/project/root/spring-boot-examples/edit/master/-/" "Mozilla/5.0 (X11; Linux x86_64) AppleWebKit/537.36 (KHTML, like Gecko) Chrome/70.0.3538.77 Safari/537.36"
172.18.0.3 - - [11/Nov/2018:16:14:21 +0000] "POST /api/v4/jobs/request HTTP/1.1" 204 0 "" "gitlab-runner 11.4.2 (11-4-stable; go1.8.7; linux/amd64)"
172.18.0.3 - - [11/Nov/2018:16:14:24 +0000] "POST /api/v4/jobs/request HTTP/1.1" 204 0 "" "gitlab-runner 11.4.2 (11-4-stable; go1.8.7; linux/amd64)"
172.18.0.3 - - [11/Nov/2018:16:14:27 +0000] "POST /api/v4/jobs/request HTTP/1.1" 204 0 "" "gitlab-runner 11.4.2 (11-4-stable; go1.8.7; linux/amd64)"
172.18.0.3 - - [11/Nov/2018:16:14:30 +0000] "POST /api/v4/jobs/request HTTP/1.1" 204 0 "" "gitlab-runner 11.4.2 (11-4-stable; go1.8.7; linux/amd64)"
172.18.0.1 - - [11/Nov/2018:16:14:31 +0000] "GET /root/spring-boot-examples/commit/63fe24647cd168edc98ecb81d513a5621f2d8d86/pipelines HTTP/1.1" 200 1025 "http://localhost/-/ide/project/root/spring-boot-examples/edit/master/-/" "Mozilla/5.0 (X11; Linux x86_64) AppleWebKit/537.36 (KHTML, like Gecko) Chrome/70.0.3538.77 Safari/537.36"
172.18.0.3 - - [11/Nov/2018:16:14:33 +0000] "POST /api/v4/jobs/request HTTP/1.1" 204 0 "" "gitlab-runner 11.4.2 (11-4-stable; go1.8.7; linux/amd64)"
172.18.0.1 - - [11/Nov/2018:16:14:33 +0000] "GET /assets/illustrations/multi-editor_all_changes_committed_empty-4867f0a8f866e6fe1fb87bb735d11b4758786f642723613acd03ad248c26c1b7.svg HTTP/1.1" 200 803 "http://localhost/-/ide/project/root/spring-boot-examples/tree/master/-/" "Mozilla/5.0 (X11; Linux x86_64) AppleWebKit/537.36 (KHTML, like Gecko) Chrome/70.0.3538.77 Safari/537.36"
172.18.0.1 - - [11/Nov/2018:16:14:36 +0000] "POST /api/v4/projects/root%2Fspring-boot-examples/repository/commits HTTP/1.1" 201 556 "http://localhost/-/ide/project/root/spring-boot-examples/tree/master/-/" "Mozilla/5.0 (X11; Linux x86_64) AppleWebKit/537.36 (KHTML, like Gecko) Chrome/70.0.3538.77 Safari/537.36"
172.18.0.3 - - [11/Nov/2018:16:14:36 +0000] "POST /api/v4/jobs/request HTTP/1.1" 204 0 "" "gitlab-runner 11.4.2 (11-4-stable; go1.8.7; linux/amd64)"
172.18.0.1 - - [11/Nov/2018:16:14:36 +0000] "GET /api/v4/projects/root%2Fspring-boot-examples/repository/branches/master HTTP/1.1" 200 603 "http://localhost/-/ide/project/root/spring-boot-examples/blob/master/-/.gitlab-ci.yml" "Mozilla/5.0 (X11; Linux x86_64) AppleWebKit/537.36 (KHTML, like Gecko) Chrome/70.0.3538.77 Safari/537.36"
172.18.0.3 - - [11/Nov/2018:16:14:39 +0000] "POST /api/v4/jobs/request HTTP/1.1" 201 4231 "" "gitlab-runner 11.4.2 (11-4-stable; go1.8.7; linux/amd64)"
172.18.0.1 - - [11/Nov/2018:16:14:40 +0000] "GET /root/spring-boot-examples HTTP/1.1" 200 15952 "http://localhost/-/ide/project/root/spring-boot-examples/blob/master/-/.gitlab-ci.yml" "Mozilla/5.0 (X11; Linux x86_64) AppleWebKit/537.36 (KHTML, like Gecko) Chrome/70.0.3538.77 Safari/537.36"
172.18.0.1 - - [11/Nov/2018:16:14:41 +0000] "GET /root/spring-boot-examples/refs/master/logs_tree/?format=js HTTP/1.1" 200 872 "http://localhost/root/spring-boot-examples" "Mozilla/5.0 (X11; Linux x86_64) AppleWebKit/537.36 (KHTML, like Gecko) Chrome/70.0.3538.77 Safari/537.36"
172.18.0.1 - - [11/Nov/2018:16:14:41 +0000] "GET /root/spring-boot-examples/commits/master/signatures HTTP/1.1" 200 17 "http://localhost/root/spring-boot-examples" "Mozilla/5.0 (X11; Linux x86_64) AppleWebKit/537.36 (KHTML, like Gecko) Chrome/70.0.3538.77 Safari/537.36"
172.18.0.3 - - [11/Nov/2018:16:14:42 +0000] "PATCH /api/v4/jobs/4/trace HTTP/1.1" 202 7 "" "gitlab-runner 11.4.2 (11-4-stable; go1.8.7; linux/amd64)"
172.18.0.1 - - [11/Nov/2018:16:14:47 +0000] "GET /root/spring-boot-examples/commit/a49bed968d023940639c84f9eb17cb3d7dd39b58/pipelines?ref=master HTTP/1.1" 200 10328 "http://localhost/root/spring-boot-examples" "Mozilla/5.0 (X11; Linux x86_64) AppleWebKit/537.36 (KHTML, like Gecko) Chrome/70.0.3538.77 Safari/537.36"
172.18.0.1 - - [11/Nov/2018:16:14:48 +0000] "GET /assets/webpack/pages.projects.commit.pipelines.0765f392.chunk.js HTTP/1.1" 200 9611 "http://localhost/root/spring-boot-examples/commit/a49bed968d023940639c84f9eb17cb3d7dd39b58/pipelines" "Mozilla/5.0 (X11; Linux x86_64) AppleWebKit/537.36 (KHTML, like Gecko) Chrome/70.0.3538.77 Safari/537.36"
172.18.0.1 - - [11/Nov/2018:16:14:48 +0000] "GET /root/spring-boot-examples/commit/a49bed968d023940639c84f9eb17cb3d7dd39b58/branches HTTP/1.1" 200 255 "http://localhost/root/spring-boot-examples/commit/a49bed968d023940639c84f9eb17cb3d7dd39b58/pipelines" "Mozilla/5.0 (X11; Linux x86_64) AppleWebKit/537.36 (KHTML, like Gecko) Chrome/70.0.3538.77 Safari/537.36"
172.18.0.1 - - [11/Nov/2018:16:14:48 +0000] "GET /root/spring-boot-examples/commit/a49bed968d023940639c84f9eb17cb3d7dd39b58/pipelines.json HTTP/1.1" 200 1048 "http://localhost/root/spring-boot-examples/commit/a49bed968d023940639c84f9eb17cb3d7dd39b58/pipelines" "Mozilla/5.0 (X11; Linux x86_64) AppleWebKit/537.36 (KHTML, like Gecko) Chrome/70.0.3538.77 Safari/537.36"
172.18.0.1 - - [11/Nov/2018:16:14:50 +0000] "GET /root/spring-boot-examples/pipelines/2/stage.json?stage=build HTTP/1.1" 200 1440 "http://localhost/root/spring-boot-examples/commit/a49bed968d023940639c84f9eb17cb3d7dd39b58/pipelines" "Mozilla/5.0 (X11; Linux x86_64) AppleWebKit/537.36 (KHTML, like Gecko) Chrome/70.0.3538.77 Safari/537.36"
172.18.0.1 - - [11/Nov/2018:16:14:50 +0000] "GET /root/spring-boot-examples/commit/a49bed968d023940639c84f9eb17cb3d7dd39b58/pipelines.json HTTP/1.1" 200 1048 "http://localhost/root/spring-boot-examples/commit/a49bed968d023940639c84f9eb17cb3d7dd39b58/pipelines" "Mozilla/5.0 (X11; Linux x86_64) AppleWebKit/537.36 (KHTML, like Gecko) Chrome/70.0.3538.77 Safari/537.36"
172.18.0.1 - - [11/Nov/2018:16:14:51 +0000] "GET /root/spring-boot-examples/commit/a49bed968d023940639c84f9eb17cb3d7dd39b58/pipelines.json HTTP/1.1" 200 1048 "http://localhost/root/spring-boot-examples/commit/a49bed968d023940639c84f9eb17cb3d7dd39b58/pipelines" "Mozilla/5.0 (X11; Linux x86_64) AppleWebKit/537.36 (KHTML, like Gecko) Chrome/70.0.3538.77 Safari/537.36"
127.0.0.1 - - [11/Nov/2018:16:14:51 +0000] "GET /help HTTP/1.1" 200 37700 "" "curl/7.59.0"
172.18.0.1 - - [11/Nov/2018:16:14:51 +0000] "GET /root/spring-boot-examples/-/jobs/4 HTTP/1.1" 200 9389 "http://localhost/root/spring-boot-examples/commit/a49bed968d023940639c84f9eb17cb3d7dd39b58/pipelines" "Mozilla/5.0 (X11; Linux x86_64) AppleWebKit/537.36 (KHTML, like Gecko) Chrome/70.0.3538.77 Safari/537.36"
172.18.0.1 - - [11/Nov/2018:16:14:52 +0000] "GET /root/spring-boot-examples/-/jobs/4/trace.json?state= HTTP/1.1" 200 453 "http://localhost/root/spring-boot-examples/-/jobs/4" "Mozilla/5.0 (X11; Linux x86_64) AppleWebKit/537.36 (KHTML, like Gecko) Chrome/70.0.3538.77 Safari/537.36"
172.18.0.1 - - [11/Nov/2018:16:14:52 +0000] "GET /root/spring-boot-examples/-/jobs/4/status.json HTTP/1.1" 200 634 "http://localhost/root/spring-boot-examples/-/jobs/4" "Mozilla/5.0 (X11; Linux x86_64) AppleWebKit/537.36 (KHTML, like Gecko) Chrome/70.0.3538.77 Safari/537.36"
172.18.0.1 - - [11/Nov/2018:16:14:52 +0000] "GET /root/spring-boot-examples/-/jobs/4.json HTTP/1.1" 200 1193 "http://localhost/root/spring-boot-examples/-/jobs/4" "Mozilla/5.0 (X11; Linux x86_64) AppleWebKit/537.36 (KHTML, like Gecko) Chrome/70.0.3538.77 Safari/537.36"
172.18.0.1 - - [11/Nov/2018:16:14:52 +0000] "GET /root/spring-boot-examples/pipelines/2.json HTTP/1.1" 200 1583 "http://localhost/root/spring-boot-examples/-/jobs/4" "Mozilla/5.0 (X11; Linux x86_64) AppleWebKit/537.36 (KHTML, like Gecko) Chrome/70.0.3538.77 Safari/537.36"
172.18.0.1 - - [11/Nov/2018:16:14:52 +0000] "GET /root/spring-boot-examples/pipelines/2/stage.json?stage=build&retried=1 HTTP/1.1" 200 1453 "http://localhost/root/spring-boot-examples/-/jobs/4" "Mozilla/5.0 (X11; Linux x86_64) AppleWebKit/537.36 (KHTML, like Gecko) Chrome/70.0.3538.77 Safari/537.36"
172.18.0.1 - - [11/Nov/2018:16:14:56 +0000] "GET /root/spring-boot-examples/-/jobs/4/trace.json?state=eyJvZmZzZXQiOjIwMSwibl9vcGVuX3RhZ3MiOjAsImZnX2NvbG9yIjpudWxsLCJiZ19jb2xvciI6bnVsbCwic3R5bGVfbWFzayI6MH0%3D HTTP/1.1" 200 235 "http://localhost/root/spring-boot-examples/-/jobs/4" "Mozilla/5.0 (X11; Linux x86_64) AppleWebKit/537.36 (KHTML, like Gecko) Chrome/70.0.3538.77 Safari/537.36"
172.18.0.1 - - [11/Nov/2018:16:14:56 +0000] "GET /root/spring-boot-examples/-/jobs/4/status.json HTTP/1.1" 200 634 "http://localhost/root/spring-boot-examples/-/jobs/4" "Mozilla/5.0 (X11; Linux x86_64) AppleWebKit/537.36 (KHTML, like Gecko) Chrome/70.0.3538.77 Safari/537.36"
172.18.0.1 - - [11/Nov/2018:16:15:00 +0000] "GET /root/spring-boot-examples/-/jobs/4/trace.json?state=eyJvZmZzZXQiOjIwMSwibl9vcGVuX3RhZ3MiOjAsImZnX2NvbG9yIjpudWxsLCJiZ19jb2xvciI6bnVsbCwic3R5bGVfbWFzayI6MH0%3D HTTP/1.1" 200 235 "http://localhost/root/spring-boot-examples/-/jobs/4" "Mozilla/5.0 (X11; Linux x86_64) AppleWebKit/537.36 (KHTML, like Gecko) Chrome/70.0.3538.77 Safari/537.36"
172.18.0.1 - - [11/Nov/2018:16:15:00 +0000] "GET /root/spring-boot-examples/-/jobs/4/status.json HTTP/1.1" 200 634 "http://localhost/root/spring-boot-examples/-/jobs/4" "Mozilla/5.0 (X11; Linux x86_64) AppleWebKit/537.36 (KHTML, like Gecko) Chrome/70.0.3538.77 Safari/537.36"
172.18.0.1 - - [11/Nov/2018:16:15:03 +0000] "GET /root/spring-boot-examples/-/jobs/4.json HTTP/1.1" 200 1193 "http://localhost/root/spring-boot-examples/-/jobs/4" "Mozilla/5.0 (X11; Linux x86_64) AppleWebKit/537.36 (KHTML, like Gecko) Chrome/70.0.3538.77 Safari/537.36"
172.18.0.1 - - [11/Nov/2018:16:15:04 +0000] "GET /root/spring-boot-examples/-/jobs/4/trace.json?state=eyJvZmZzZXQiOjIwMSwibl9vcGVuX3RhZ3MiOjAsImZnX2NvbG9yIjpudWxsLCJiZ19jb2xvciI6bnVsbCwic3R5bGVfbWFzayI6MH0%3D HTTP/1.1" 200 235 "http://localhost/root/spring-boot-examples/-/jobs/4" "Mozilla/5.0 (X11; Linux x86_64) AppleWebKit/537.36 (KHTML, like Gecko) Chrome/70.0.3538.77 Safari/537.36"
172.18.0.1 - - [11/Nov/2018:16:15:04 +0000] "GET /root/spring-boot-examples/-/jobs/4/status.json HTTP/1.1" 200 634 "http://localhost/root/spring-boot-examples/-/jobs/4" "Mozilla/5.0 (X11; Linux x86_64) AppleWebKit/537.36 (KHTML, like Gecko) Chrome/70.0.3538.77 Safari/537.36"
172.18.0.1 - - [11/Nov/2018:16:15:08 +0000] "GET /root/spring-boot-examples/-/jobs/4/trace.json?state=eyJvZmZzZXQiOjIwMSwibl9vcGVuX3RhZ3MiOjAsImZnX2NvbG9yIjpudWxsLCJiZ19jb2xvciI6bnVsbCwic3R5bGVfbWFzayI6MH0%3D HTTP/1.1" 200 235 "http://localhost/root/spring-boot-examples/-/jobs/4" "Mozilla/5.0 (X11; Linux x86_64) AppleWebKit/537.36 (KHTML, like Gecko) Chrome/70.0.3538.77 Safari/537.36"
172.18.0.1 - - [11/Nov/2018:16:15:08 +0000] "GET /root/spring-boot-examples/-/jobs/4/status.json HTTP/1.1" 200 634 "http://localhost/root/spring-boot-examples/-/jobs/4" "Mozilla/5.0 (X11; Linux x86_64) AppleWebKit/537.36 (KHTML, like Gecko) Chrome/70.0.3538.77 Safari/537.36"
172.18.0.1 - - [11/Nov/2018:16:15:12 +0000] "GET /root/spring-boot-examples/-/jobs/4/trace.json?state=eyJvZmZzZXQiOjIwMSwibl9vcGVuX3RhZ3MiOjAsImZnX2NvbG9yIjpudWxsLCJiZ19jb2xvciI6bnVsbCwic3R5bGVfbWFzayI6MH0%3D HTTP/1.1" 200 235 "http://localhost/root/spring-boot-examples/-/jobs/4" "Mozilla/5.0 (X11; Linux x86_64) AppleWebKit/537.36 (KHTML, like Gecko) Chrome/70.0.3538.77 Safari/537.36"
172.18.0.1 - - [11/Nov/2018:16:15:12 +0000] "GET /root/spring-boot-examples/-/jobs/4/status.json HTTP/1.1" 200 634 "http://localhost/root/spring-boot-examples/-/jobs/4" "Mozilla/5.0 (X11; Linux x86_64) AppleWebKit/537.36 (KHTML, like Gecko) Chrome/70.0.3538.77 Safari/537.36"
172.18.0.3 - - [11/Nov/2018:16:15:12 +0000] "PUT /api/v4/jobs/4 HTTP/1.1" 200 4 "" "gitlab-runner 11.4.2 (11-4-stable; go1.8.7; linux/amd64)"
172.18.0.1 - - [11/Nov/2018:16:15:13 +0000] "GET /root/spring-boot-examples/-/jobs/4.json HTTP/1.1" 200 1193 "http://localhost/root/spring-boot-examples/-/jobs/4" "Mozilla/5.0 (X11; Linux x86_64) AppleWebKit/537.36 (KHTML, like Gecko) Chrome/70.0.3538.77 Safari/537.36"
172.18.0.1 - - [11/Nov/2018:16:15:16 +0000] "GET /root/spring-boot-examples/-/jobs/4/trace.json?state=eyJvZmZzZXQiOjIwMSwibl9vcGVuX3RhZ3MiOjAsImZnX2NvbG9yIjpudWxsLCJiZ19jb2xvciI6bnVsbCwic3R5bGVfbWFzayI6MH0%3D HTTP/1.1" 200 235 "http://localhost/root/spring-boot-examples/-/jobs/4" "Mozilla/5.0 (X11; Linux x86_64) AppleWebKit/537.36 (KHTML, like Gecko) Chrome/70.0.3538.77 Safari/537.36"
172.18.0.1 - - [11/Nov/2018:16:15:16 +0000] "GET /root/spring-boot-examples/-/jobs/4/status.json HTTP/1.1" 200 634 "http://localhost/root/spring-boot-examples/-/jobs/4" "Mozilla/5.0 (X11; Linux x86_64) AppleWebKit/537.36 (KHTML, like Gecko) Chrome/70.0.3538.77 Safari/537.36"
172.18.0.1 - - [11/Nov/2018:16:15:20 +0000] "GET /root/spring-boot-examples/-/jobs/4/trace.json?state=eyJvZmZzZXQiOjIwMSwibl9vcGVuX3RhZ3MiOjAsImZnX2NvbG9yIjpudWxsLCJiZ19jb2xvciI6bnVsbCwic3R5bGVfbWFzayI6MH0%3D HTTP/1.1" 200 235 "http://localhost/root/spring-boot-examples/-/jobs/4" "Mozilla/5.0 (X11; Linux x86_64) AppleWebKit/537.36 (KHTML, like Gecko) Chrome/70.0.3538.77 Safari/537.36"
172.18.0.1 - - [11/Nov/2018:16:15:21 +0000] "GET /root/spring-boot-examples/-/jobs/4/status.json HTTP/1.1" 200 634 "http://localhost/root/spring-boot-examples/-/jobs/4" "Mozilla/5.0 (X11; Linux x86_64) AppleWebKit/537.36 (KHTML, like Gecko) Chrome/70.0.3538.77 Safari/537.36"
172.18.0.1 - - [11/Nov/2018:16:15:23 +0000] "GET /root/spring-boot-examples/-/jobs/4.json HTTP/1.1" 200 1191 "http://localhost/root/spring-boot-examples/-/jobs/4" "Mozilla/5.0 (X11; Linux x86_64) AppleWebKit/537.36 (KHTML, like Gecko) Chrome/70.0.3538.77 Safari/537.36"
172.18.0.1 - - [11/Nov/2018:16:15:25 +0000] "GET /root/spring-boot-examples/-/jobs/4/trace.json?state=eyJvZmZzZXQiOjIwMSwibl9vcGVuX3RhZ3MiOjAsImZnX2NvbG9yIjpudWxsLCJiZ19jb2xvciI6bnVsbCwic3R5bGVfbWFzayI6MH0%3D HTTP/1.1" 200 235 "http://localhost/root/spring-boot-examples/-/jobs/4" "Mozilla/5.0 (X11; Linux x86_64) AppleWebKit/537.36 (KHTML, like Gecko) Chrome/70.0.3538.77 Safari/537.36"
172.18.0.1 - - [11/Nov/2018:16:15:25 +0000] "GET /root/spring-boot-examples/-/jobs/4/status.json HTTP/1.1" 200 634 "http://localhost/root/spring-boot-examples/-/jobs/4" "Mozilla/5.0 (X11; Linux x86_64) AppleWebKit/537.36 (KHTML, like Gecko) Chrome/70.0.3538.77 Safari/537.36"
172.18.0.1 - - [11/Nov/2018:16:15:29 +0000] "GET /root/spring-boot-examples/-/jobs/4/trace.json?state=eyJvZmZzZXQiOjIwMSwibl9vcGVuX3RhZ3MiOjAsImZnX2NvbG9yIjpudWxsLCJiZ19jb2xvciI6bnVsbCwic3R5bGVfbWFzayI6MH0%3D HTTP/1.1" 200 235 "http://localhost/root/spring-boot-examples/-/jobs/4" "Mozilla/5.0 (X11; Linux x86_64) AppleWebKit/537.36 (KHTML, like Gecko) Chrome/70.0.3538.77 Safari/537.36"
172.18.0.1 - - [11/Nov/2018:16:15:29 +0000] "GET /root/spring-boot-examples/-/jobs/4/status.json HTTP/1.1" 200 634 "http://localhost/root/spring-boot-examples/-/jobs/4" "Mozilla/5.0 (X11; Linux x86_64) AppleWebKit/537.36 (KHTML, like Gecko) Chrome/70.0.3538.77 Safari/537.36"
172.18.0.1 - - [11/Nov/2018:16:15:33 +0000] "GET /root/spring-boot-examples/-/jobs/4/trace.json?state=eyJvZmZzZXQiOjIwMSwibl9vcGVuX3RhZ3MiOjAsImZnX2NvbG9yIjpudWxsLCJiZ19jb2xvciI6bnVsbCwic3R5bGVfbWFzayI6MH0%3D HTTP/1.1" 200 235 "http://localhost/root/spring-boot-examples/-/jobs/4" "Mozilla/5.0 (X11; Linux x86_64) AppleWebKit/537.36 (KHTML, like Gecko) Chrome/70.0.3538.77 Safari/537.36"
172.18.0.1 - - [11/Nov/2018:16:15:33 +0000] "GET /root/spring-boot-examples/-/jobs/4/status.json HTTP/1.1" 200 634 "http://localhost/root/spring-boot-examples/-/jobs/4" "Mozilla/5.0 (X11; Linux x86_64) AppleWebKit/537.36 (KHTML, like Gecko) Chrome/70.0.3538.77 Safari/537.36"
172.18.0.1 - - [11/Nov/2018:16:15:34 +0000] "GET /root/spring-boot-examples/-/jobs/4.json HTTP/1.1" 200 1193 "http://localhost/root/spring-boot-examples/-/jobs/4" "Mozilla/5.0 (X11; Linux x86_64) AppleWebKit/537.36 (KHTML, like Gecko) Chrome/70.0.3538.77 Safari/537.36"
172.18.0.1 - - [11/Nov/2018:16:15:37 +0000] "GET /root/spring-boot-examples/-/jobs/4/trace.json?state=eyJvZmZzZXQiOjIwMSwibl9vcGVuX3RhZ3MiOjAsImZnX2NvbG9yIjpudWxsLCJiZ19jb2xvciI6bnVsbCwic3R5bGVfbWFzayI6MH0%3D HTTP/1.1" 200 235 "http://localhost/root/spring-boot-examples/-/jobs/4" "Mozilla/5.0 (X11; Linux x86_64) AppleWebKit/537.36 (KHTML, like Gecko) Chrome/70.0.3538.77 Safari/537.36"
172.18.0.1 - - [11/Nov/2018:16:15:37 +0000] "GET /root/spring-boot-examples/-/jobs/4/status.json HTTP/1.1" 200 634 "http://localhost/root/spring-boot-examples/-/jobs/4" "Mozilla/5.0 (X11; Linux x86_64) AppleWebKit/537.36 (KHTML, like Gecko) Chrome/70.0.3538.77 Safari/537.36"
172.18.0.1 - - [11/Nov/2018:16:15:41 +0000] "GET /root/spring-boot-examples/-/jobs/4/trace.json?state=eyJvZmZzZXQiOjIwMSwibl9vcGVuX3RhZ3MiOjAsImZnX2NvbG9yIjpudWxsLCJiZ19jb2xvciI6bnVsbCwic3R5bGVfbWFzayI6MH0%3D HTTP/1.1" 200 235 "http://localhost/root/spring-boot-examples/-/jobs/4" "Mozilla/5.0 (X11; Linux x86_64) AppleWebKit/537.36 (KHTML, like Gecko) Chrome/70.0.3538.77 Safari/537.36"
172.18.0.1 - - [11/Nov/2018:16:15:41 +0000] "GET /root/spring-boot-examples/-/jobs/4/status.json HTTP/1.1" 200 634 "http://localhost/root/spring-boot-examples/-/jobs/4" "Mozilla/5.0 (X11; Linux x86_64) AppleWebKit/537.36 (KHTML, like Gecko) Chrome/70.0.3538.77 Safari/537.36"
172.18.0.3 - - [11/Nov/2018:16:15:43 +0000] "PUT /api/v4/jobs/4 HTTP/1.1" 200 4 "" "gitlab-runner 11.4.2 (11-4-stable; go1.8.7; linux/amd64)"
172.18.0.1 - - [11/Nov/2018:16:15:44 +0000] "GET /root/spring-boot-examples/-/jobs/4.json HTTP/1.1" 200 1193 "http://localhost/root/spring-boot-examples/-/jobs/4" "Mozilla/5.0 (X11; Linux x86_64) AppleWebKit/537.36 (KHTML, like Gecko) Chrome/70.0.3538.77 Safari/537.36"
172.18.0.1 - - [11/Nov/2018:16:15:45 +0000] "GET /root/spring-boot-examples/-/jobs/4/trace.json?state=eyJvZmZzZXQiOjIwMSwibl9vcGVuX3RhZ3MiOjAsImZnX2NvbG9yIjpudWxsLCJiZ19jb2xvciI6bnVsbCwic3R5bGVfbWFzayI6MH0%3D HTTP/1.1" 200 235 "http://localhost/root/spring-boot-examples/-/jobs/4" "Mozilla/5.0 (X11; Linux x86_64) AppleWebKit/537.36 (KHTML, like Gecko) Chrome/70.0.3538.77 Safari/537.36"
172.18.0.1 - - [11/Nov/2018:16:15:45 +0000] "GET /root/spring-boot-examples/-/jobs/4/status.json HTTP/1.1" 200 634 "http://localhost/root/spring-boot-examples/-/jobs/4" "Mozilla/5.0 (X11; Linux x86_64) AppleWebKit/537.36 (KHTML, like Gecko) Chrome/70.0.3538.77 Safari/537.36"
172.18.0.1 - - [11/Nov/2018:16:15:49 +0000] "GET /root/spring-boot-examples/-/jobs/4/trace.json?state=eyJvZmZzZXQiOjIwMSwibl9vcGVuX3RhZ3MiOjAsImZnX2NvbG9yIjpudWxsLCJiZ19jb2xvciI6bnVsbCwic3R5bGVfbWFzayI6MH0%3D HTTP/1.1" 200 235 "http://localhost/root/spring-boot-examples/-/jobs/4" "Mozilla/5.0 (X11; Linux x86_64) AppleWebKit/537.36 (KHTML, like Gecko) Chrome/70.0.3538.77 Safari/537.36"
172.18.0.1 - - [11/Nov/2018:16:15:49 +0000] "GET /root/spring-boot-examples/-/jobs/4/status.json HTTP/1.1" 200 634 "http://localhost/root/spring-boot-examples/-/jobs/4" "Mozilla/5.0 (X11; Linux x86_64) AppleWebKit/537.36 (KHTML, like Gecko) Chrome/70.0.3538.77 Safari/537.36"
127.0.0.1 - - [11/Nov/2018:16:15:52 +0000] "GET /help HTTP/1.1" 200 37700 "" "curl/7.59.0"
172.18.0.1 - - [11/Nov/2018:16:15:53 +0000] "GET /root/spring-boot-examples/-/jobs/4/trace.json?state=eyJvZmZzZXQiOjIwMSwibl9vcGVuX3RhZ3MiOjAsImZnX2NvbG9yIjpudWxsLCJiZ19jb2xvciI6bnVsbCwic3R5bGVfbWFzayI6MH0%3D HTTP/1.1" 200 235 "http://localhost/root/spring-boot-examples/-/jobs/4" "Mozilla/5.0 (X11; Linux x86_64) AppleWebKit/537.36 (KHTML, like Gecko) Chrome/70.0.3538.77 Safari/537.36"
172.18.0.1 - - [11/Nov/2018:16:15:53 +0000] "GET /root/spring-boot-examples/-/jobs/4/status.json HTTP/1.1" 200 634 "http://localhost/root/spring-boot-examples/-/jobs/4" "Mozilla/5.0 (X11; Linux x86_64) AppleWebKit/537.36 (KHTML, like Gecko) Chrome/70.0.3538.77 Safari/537.36"
172.18.0.1 - - [11/Nov/2018:16:15:55 +0000] "GET /root/spring-boot-examples/-/jobs/4.json HTTP/1.1" 200 1192 "http://localhost/root/spring-boot-examples/-/jobs/4" "Mozilla/5.0 (X11; Linux x86_64) AppleWebKit/537.36 (KHTML, like Gecko) Chrome/70.0.3538.77 Safari/537.36"
172.18.0.1 - - [11/Nov/2018:16:15:57 +0000] "GET /root/spring-boot-examples/-/jobs/4/trace.json?state=eyJvZmZzZXQiOjIwMSwibl9vcGVuX3RhZ3MiOjAsImZnX2NvbG9yIjpudWxsLCJiZ19jb2xvciI6bnVsbCwic3R5bGVfbWFzayI6MH0%3D HTTP/1.1" 200 235 "http://localhost/root/spring-boot-examples/-/jobs/4" "Mozilla/5.0 (X11; Linux x86_64) AppleWebKit/537.36 (KHTML, like Gecko) Chrome/70.0.3538.77 Safari/537.36"
172.18.0.1 - - [11/Nov/2018:16:15:58 +0000] "GET /root/spring-boot-examples/-/jobs/4/status.json HTTP/1.1" 200 634 "http://localhost/root/spring-boot-examples/-/jobs/4" "Mozilla/5.0 (X11; Linux x86_64) AppleWebKit/537.36 (KHTML, like Gecko) Chrome/70.0.3538.77 Safari/537.36"
172.18.0.1 - - [11/Nov/2018:16:16:02 +0000] "GET /root/spring-boot-examples/-/jobs/4/trace.json?state=eyJvZmZzZXQiOjIwMSwibl9vcGVuX3RhZ3MiOjAsImZnX2NvbG9yIjpudWxsLCJiZ19jb2xvciI6bnVsbCwic3R5bGVfbWFzayI6MH0%3D HTTP/1.1" 200 235 "http://localhost/root/spring-boot-examples/-/jobs/4" "Mozilla/5.0 (X11; Linux x86_64) AppleWebKit/537.36 (KHTML, like Gecko) Chrome/70.0.3538.77 Safari/537.36"
172.18.0.1 - - [11/Nov/2018:16:16:02 +0000] "GET /root/spring-boot-examples/-/jobs/4/status.json HTTP/1.1" 200 634 "http://localhost/root/spring-boot-examples/-/jobs/4" "Mozilla/5.0 (X11; Linux x86_64) AppleWebKit/537.36 (KHTML, like Gecko) Chrome/70.0.3538.77 Safari/537.36"
172.18.0.1 - - [11/Nov/2018:16:16:05 +0000] "GET /root/spring-boot-examples/-/jobs/4.json HTTP/1.1" 200 1193 "http://localhost/root/spring-boot-examples/-/jobs/4" "Mozilla/5.0 (X11; Linux x86_64) AppleWebKit/537.36 (KHTML, like Gecko) Chrome/70.0.3538.77 Safari/537.36"
172.18.0.1 - - [11/Nov/2018:16:16:06 +0000] "GET /root/spring-boot-examples/-/jobs/4/trace.json?state=eyJvZmZzZXQiOjIwMSwibl9vcGVuX3RhZ3MiOjAsImZnX2NvbG9yIjpudWxsLCJiZ19jb2xvciI6bnVsbCwic3R5bGVfbWFzayI6MH0%3D HTTP/1.1" 200 235 "http://localhost/root/spring-boot-examples/-/jobs/4" "Mozilla/5.0 (X11; Linux x86_64) AppleWebKit/537.36 (KHTML, like Gecko) Chrome/70.0.3538.77 Safari/537.36"
172.18.0.1 - - [11/Nov/2018:16:16:06 +0000] "GET /root/spring-boot-examples/-/jobs/4/status.json HTTP/1.1" 200 634 "http://localhost/root/spring-boot-examples/-/jobs/4" "Mozilla/5.0 (X11; Linux x86_64) AppleWebKit/537.36 (KHTML, like Gecko) Chrome/70.0.3538.77 Safari/537.36"
172.18.0.1 - - [11/Nov/2018:16:16:10 +0000] "GET /root/spring-boot-examples/-/jobs/4/trace.json?state=eyJvZmZzZXQiOjIwMSwibl9vcGVuX3RhZ3MiOjAsImZnX2NvbG9yIjpudWxsLCJiZ19jb2xvciI6bnVsbCwic3R5bGVfbWFzayI6MH0%3D HTTP/1.1" 200 235 "http://localhost/root/spring-boot-examples/-/jobs/4" "Mozilla/5.0 (X11; Linux x86_64) AppleWebKit/537.36 (KHTML, like Gecko) Chrome/70.0.3538.77 Safari/537.36"
172.18.0.1 - - [11/Nov/2018:16:16:10 +0000] "GET /root/spring-boot-examples/-/jobs/4/status.json HTTP/1.1" 200 634 "http://localhost/root/spring-boot-examples/-/jobs/4" "Mozilla/5.0 (X11; Linux x86_64) AppleWebKit/537.36 (KHTML, like Gecko) Chrome/70.0.3538.77 Safari/537.36"
172.18.0.3 - - [11/Nov/2018:16:16:13 +0000] "PUT /api/v4/jobs/4 HTTP/1.1" 200 4 "" "gitlab-runner 11.4.2 (11-4-stable; go1.8.7; linux/amd64)"
172.18.0.1 - - [11/Nov/2018:16:16:14 +0000] "GET /root/spring-boot-examples/-/jobs/4/trace.json?state=eyJvZmZzZXQiOjIwMSwibl9vcGVuX3RhZ3MiOjAsImZnX2NvbG9yIjpudWxsLCJiZ19jb2xvciI6bnVsbCwic3R5bGVfbWFzayI6MH0%3D HTTP/1.1" 200 235 "http://localhost/root/spring-boot-examples/-/jobs/4" "Mozilla/5.0 (X11; Linux x86_64) AppleWebKit/537.36 (KHTML, like Gecko) Chrome/70.0.3538.77 Safari/537.36"
172.18.0.1 - - [11/Nov/2018:16:16:14 +0000] "GET /root/spring-boot-examples/-/jobs/4/status.json HTTP/1.1" 200 634 "http://localhost/root/spring-boot-examples/-/jobs/4" "Mozilla/5.0 (X11; Linux x86_64) AppleWebKit/537.36 (KHTML, like Gecko) Chrome/70.0.3538.77 Safari/537.36"
172.18.0.1 - - [11/Nov/2018:16:16:15 +0000] "GET /root/spring-boot-examples/-/jobs/4.json HTTP/1.1" 200 1193 "http://localhost/root/spring-boot-examples/-/jobs/4" "Mozilla/5.0 (X11; Linux x86_64) AppleWebKit/537.36 (KHTML, like Gecko) Chrome/70.0.3538.77 Safari/537.36"
172.18.0.1 - - [11/Nov/2018:16:16:18 +0000] "GET /root/spring-boot-examples/-/jobs/4/trace.json?state=eyJvZmZzZXQiOjIwMSwibl9vcGVuX3RhZ3MiOjAsImZnX2NvbG9yIjpudWxsLCJiZ19jb2xvciI6bnVsbCwic3R5bGVfbWFzayI6MH0%3D HTTP/1.1" 200 235 "http://localhost/root/spring-boot-examples/-/jobs/4" "Mozilla/5.0 (X11; Linux x86_64) AppleWebKit/537.36 (KHTML, like Gecko) Chrome/70.0.3538.77 Safari/537.36"
172.18.0.1 - - [11/Nov/2018:16:16:18 +0000] "GET /root/spring-boot-examples/-/jobs/4/status.json HTTP/1.1" 200 634 "http://localhost/root/spring-boot-examples/-/jobs/4" "Mozilla/5.0 (X11; Linux x86_64) AppleWebKit/537.36 (KHTML, like Gecko) Chrome/70.0.3538.77 Safari/537.36"
172.18.0.1 - - [11/Nov/2018:16:16:22 +0000] "GET /root/spring-boot-examples/-/jobs/4/trace.json?state=eyJvZmZzZXQiOjIwMSwibl9vcGVuX3RhZ3MiOjAsImZnX2NvbG9yIjpudWxsLCJiZ19jb2xvciI6bnVsbCwic3R5bGVfbWFzayI6MH0%3D HTTP/1.1" 200 235 "http://localhost/root/spring-boot-examples/-/jobs/4" "Mozilla/5.0 (X11; Linux x86_64) AppleWebKit/537.36 (KHTML, like Gecko) Chrome/70.0.3538.77 Safari/537.36"
172.18.0.1 - - [11/Nov/2018:16:16:22 +0000] "GET /root/spring-boot-examples/-/jobs/4/status.json HTTP/1.1" 200 634 "http://localhost/root/spring-boot-examples/-/jobs/4" "Mozilla/5.0 (X11; Linux x86_64) AppleWebKit/537.36 (KHTML, like Gecko) Chrome/70.0.3538.77 Safari/537.36"
172.18.0.1 - - [11/Nov/2018:16:16:26 +0000] "GET /root/spring-boot-examples/-/jobs/4.json HTTP/1.1" 200 1194 "http://localhost/root/spring-boot-examples/-/jobs/4" "Mozilla/5.0 (X11; Linux x86_64) AppleWebKit/537.36 (KHTML, like Gecko) Chrome/70.0.3538.77 Safari/537.36"
172.18.0.1 - - [11/Nov/2018:16:16:26 +0000] "GET /root/spring-boot-examples/-/jobs/4/trace.json?state=eyJvZmZzZXQiOjIwMSwibl9vcGVuX3RhZ3MiOjAsImZnX2NvbG9yIjpudWxsLCJiZ19jb2xvciI6bnVsbCwic3R5bGVfbWFzayI6MH0%3D HTTP/1.1" 200 235 "http://localhost/root/spring-boot-examples/-/jobs/4" "Mozilla/5.0 (X11; Linux x86_64) AppleWebKit/537.36 (KHTML, like Gecko) Chrome/70.0.3538.77 Safari/537.36"
172.18.0.1 - - [11/Nov/2018:16:16:26 +0000] "GET /root/spring-boot-examples/-/jobs/4/status.json HTTP/1.1" 200 634 "http://localhost/root/spring-boot-examples/-/jobs/4" "Mozilla/5.0 (X11; Linux x86_64) AppleWebKit/537.36 (KHTML, like Gecko) Chrome/70.0.3538.77 Safari/537.36"
172.18.0.1 - - [11/Nov/2018:16:16:30 +0000] "GET /root/spring-boot-examples/-/jobs/4/trace.json?state=eyJvZmZzZXQiOjIwMSwibl9vcGVuX3RhZ3MiOjAsImZnX2NvbG9yIjpudWxsLCJiZ19jb2xvciI6bnVsbCwic3R5bGVfbWFzayI6MH0%3D HTTP/1.1" 200 235 "http://localhost/root/spring-boot-examples/-/jobs/4" "Mozilla/5.0 (X11; Linux x86_64) AppleWebKit/537.36 (KHTML, like Gecko) Chrome/70.0.3538.77 Safari/537.36"
172.18.0.1 - - [11/Nov/2018:16:16:30 +0000] "GET /root/spring-boot-examples/-/jobs/4/status.json HTTP/1.1" 200 634 "http://localhost/root/spring-boot-examples/-/jobs/4" "Mozilla/5.0 (X11; Linux x86_64) AppleWebKit/537.36 (KHTML, like Gecko) Chrome/70.0.3538.77 Safari/537.36"
172.18.0.1 - - [11/Nov/2018:16:16:34 +0000] "GET /root/spring-boot-examples/-/jobs/4/trace.json?state=eyJvZmZzZXQiOjIwMSwibl9vcGVuX3RhZ3MiOjAsImZnX2NvbG9yIjpudWxsLCJiZ19jb2xvciI6bnVsbCwic3R5bGVfbWFzayI6MH0%3D HTTP/1.1" 200 235 "http://localhost/root/spring-boot-examples/-/jobs/4" "Mozilla/5.0 (X11; Linux x86_64) AppleWebKit/537.36 (KHTML, like Gecko) Chrome/70.0.3538.77 Safari/537.36"
172.18.0.1 - - [11/Nov/2018:16:16:34 +0000] "GET /root/spring-boot-examples/-/jobs/4/status.json HTTP/1.1" 200 634 "http://localhost/root/spring-boot-examples/-/jobs/4" "Mozilla/5.0 (X11; Linux x86_64) AppleWebKit/537.36 (KHTML, like Gecko) Chrome/70.0.3538.77 Safari/537.36"
172.18.0.1 - - [11/Nov/2018:16:16:36 +0000] "GET /root/spring-boot-examples/-/jobs/4.json HTTP/1.1" 200 1193 "http://localhost/root/spring-boot-examples/-/jobs/4" "Mozilla/5.0 (X11; Linux x86_64) AppleWebKit/537.36 (KHTML, like Gecko) Chrome/70.0.3538.77 Safari/537.36"
172.18.0.1 - - [11/Nov/2018:16:16:38 +0000] "GET /root/spring-boot-examples/-/jobs/4/trace.json?state=eyJvZmZzZXQiOjIwMSwibl9vcGVuX3RhZ3MiOjAsImZnX2NvbG9yIjpudWxsLCJiZ19jb2xvciI6bnVsbCwic3R5bGVfbWFzayI6MH0%3D HTTP/1.1" 200 235 "http://localhost/root/spring-boot-examples/-/jobs/4" "Mozilla/5.0 (X11; Linux x86_64) AppleWebKit/537.36 (KHTML, like Gecko) Chrome/70.0.3538.77 Safari/537.36"
172.18.0.1 - - [11/Nov/2018:16:16:39 +0000] "GET /root/spring-boot-examples/-/jobs/4/status.json HTTP/1.1" 200 634 "http://localhost/root/spring-boot-examples/-/jobs/4" "Mozilla/5.0 (X11; Linux x86_64) AppleWebKit/537.36 (KHTML, like Gecko) Chrome/70.0.3538.77 Safari/537.36"
172.18.0.1 - - [11/Nov/2018:16:16:43 +0000] "GET /root/spring-boot-examples/-/jobs/4/trace.json?state=eyJvZmZzZXQiOjIwMSwibl9vcGVuX3RhZ3MiOjAsImZnX2NvbG9yIjpudWxsLCJiZ19jb2xvciI6bnVsbCwic3R5bGVfbWFzayI6MH0%3D HTTP/1.1" 200 235 "http://localhost/root/spring-boot-examples/-/jobs/4" "Mozilla/5.0 (X11; Linux x86_64) AppleWebKit/537.36 (KHTML, like Gecko) Chrome/70.0.3538.77 Safari/537.36"
172.18.0.1 - - [11/Nov/2018:16:16:43 +0000] "GET /root/spring-boot-examples/-/jobs/4/status.json HTTP/1.1" 200 634 "http://localhost/root/spring-boot-examples/-/jobs/4" "Mozilla/5.0 (X11; Linux x86_64) AppleWebKit/537.36 (KHTML, like Gecko) Chrome/70.0.3538.77 Safari/537.36"
172.18.0.3 - - [11/Nov/2018:16:16:43 +0000] "PUT /api/v4/jobs/4 HTTP/1.1" 200 4 "" "gitlab-runner 11.4.2 (11-4-stable; go1.8.7; linux/amd64)"
172.18.0.1 - - [11/Nov/2018:16:16:46 +0000] "GET /root/spring-boot-examples/-/jobs/4.json HTTP/1.1" 200 1193 "http://localhost/root/spring-boot-examples/-/jobs/4" "Mozilla/5.0 (X11; Linux x86_64) AppleWebKit/537.36 (KHTML, like Gecko) Chrome/70.0.3538.77 Safari/537.36"
172.18.0.1 - - [11/Nov/2018:16:16:47 +0000] "GET /root/spring-boot-examples/-/jobs/4/trace.json?state=eyJvZmZzZXQiOjIwMSwibl9vcGVuX3RhZ3MiOjAsImZnX2NvbG9yIjpudWxsLCJiZ19jb2xvciI6bnVsbCwic3R5bGVfbWFzayI6MH0%3D HTTP/1.1" 200 235 "http://localhost/root/spring-boot-examples/-/jobs/4" "Mozilla/5.0 (X11; Linux x86_64) AppleWebKit/537.36 (KHTML, like Gecko) Chrome/70.0.3538.77 Safari/537.36"
172.18.0.1 - - [11/Nov/2018:16:16:47 +0000] "GET /root/spring-boot-examples/-/jobs/4/status.json HTTP/1.1" 200 634 "http://localhost/root/spring-boot-examples/-/jobs/4" "Mozilla/5.0 (X11; Linux x86_64) AppleWebKit/537.36 (KHTML, like Gecko) Chrome/70.0.3538.77 Safari/537.36"
172.18.0.1 - - [11/Nov/2018:16:16:51 +0000] "GET /root/spring-boot-examples/-/jobs/4/trace.json?state=eyJvZmZzZXQiOjIwMSwibl9vcGVuX3RhZ3MiOjAsImZnX2NvbG9yIjpudWxsLCJiZ19jb2xvciI6bnVsbCwic3R5bGVfbWFzayI6MH0%3D HTTP/1.1" 200 235 "http://localhost/root/spring-boot-examples/-/jobs/4" "Mozilla/5.0 (X11; Linux x86_64) AppleWebKit/537.36 (KHTML, like Gecko) Chrome/70.0.3538.77 Safari/537.36"
172.18.0.1 - - [11/Nov/2018:16:16:51 +0000] "GET /root/spring-boot-examples/-/jobs/4/status.json HTTP/1.1" 200 634 "http://localhost/root/spring-boot-examples/-/jobs/4" "Mozilla/5.0 (X11; Linux x86_64) AppleWebKit/537.36 (KHTML, like Gecko) Chrome/70.0.3538.77 Safari/537.36"
127.0.0.1 - - [11/Nov/2018:16:16:52 +0000] "GET /help HTTP/1.1" 200 37700 "" "curl/7.59.0"
172.18.0.1 - - [11/Nov/2018:16:16:55 +0000] "GET /root/spring-boot-examples/-/jobs/4/trace.json?state=eyJvZmZzZXQiOjIwMSwibl9vcGVuX3RhZ3MiOjAsImZnX2NvbG9yIjpudWxsLCJiZ19jb2xvciI6bnVsbCwic3R5bGVfbWFzayI6MH0%3D HTTP/1.1" 200 235 "http://localhost/root/spring-boot-examples/-/jobs/4" "Mozilla/5.0 (X11; Linux x86_64) AppleWebKit/537.36 (KHTML, like Gecko) Chrome/70.0.3538.77 Safari/537.36"
172.18.0.1 - - [11/Nov/2018:16:16:55 +0000] "GET /root/spring-boot-examples/-/jobs/4/status.json HTTP/1.1" 200 634 "http://localhost/root/spring-boot-examples/-/jobs/4" "Mozilla/5.0 (X11; Linux x86_64) AppleWebKit/537.36 (KHTML, like Gecko) Chrome/70.0.3538.77 Safari/537.36"
172.18.0.1 - - [11/Nov/2018:16:16:57 +0000] "GET /root/spring-boot-examples/-/jobs/4.json HTTP/1.1" 200 1193 "http://localhost/root/spring-boot-examples/-/jobs/4" "Mozilla/5.0 (X11; Linux x86_64) AppleWebKit/537.36 (KHTML, like Gecko) Chrome/70.0.3538.77 Safari/537.36"
172.18.0.1 - - [11/Nov/2018:16:16:59 +0000] "GET /root/spring-boot-examples/-/jobs/4/trace.json?state=eyJvZmZzZXQiOjIwMSwibl9vcGVuX3RhZ3MiOjAsImZnX2NvbG9yIjpudWxsLCJiZ19jb2xvciI6bnVsbCwic3R5bGVfbWFzayI6MH0%3D HTTP/1.1" 200 235 "http://localhost/root/spring-boot-examples/-/jobs/4" "Mozilla/5.0 (X11; Linux x86_64) AppleWebKit/537.36 (KHTML, like Gecko) Chrome/70.0.3538.77 Safari/537.36"
172.18.0.1 - - [11/Nov/2018:16:16:59 +0000] "GET /root/spring-boot-examples/-/jobs/4/status.json HTTP/1.1" 200 634 "http://localhost/root/spring-boot-examples/-/jobs/4" "Mozilla/5.0 (X11; Linux x86_64) AppleWebKit/537.36 (KHTML, like Gecko) Chrome/70.0.3538.77 Safari/537.36"
172.18.0.1 - - [11/Nov/2018:16:17:03 +0000] "GET /root/spring-boot-examples/-/jobs/4/trace.json?state=eyJvZmZzZXQiOjIwMSwibl9vcGVuX3RhZ3MiOjAsImZnX2NvbG9yIjpudWxsLCJiZ19jb2xvciI6bnVsbCwic3R5bGVfbWFzayI6MH0%3D HTTP/1.1" 200 235 "http://localhost/root/spring-boot-examples/-/jobs/4" "Mozilla/5.0 (X11; Linux x86_64) AppleWebKit/537.36 (KHTML, like Gecko) Chrome/70.0.3538.77 Safari/537.36"
172.18.0.1 - - [11/Nov/2018:16:17:03 +0000] "GET /root/spring-boot-examples/-/jobs/4/status.json HTTP/1.1" 200 634 "http://localhost/root/spring-boot-examples/-/jobs/4" "Mozilla/5.0 (X11; Linux x86_64) AppleWebKit/537.36 (KHTML, like Gecko) Chrome/70.0.3538.77 Safari/537.36"
172.18.0.1 - - [11/Nov/2018:16:17:07 +0000] "GET /root/spring-boot-examples/-/jobs/4/trace.json?state=eyJvZmZzZXQiOjIwMSwibl9vcGVuX3RhZ3MiOjAsImZnX2NvbG9yIjpudWxsLCJiZ19jb2xvciI6bnVsbCwic3R5bGVfbWFzayI6MH0%3D HTTP/1.1" 200 235 "http://localhost/root/spring-boot-examples/-/jobs/4" "Mozilla/5.0 (X11; Linux x86_64) AppleWebKit/537.36 (KHTML, like Gecko) Chrome/70.0.3538.77 Safari/537.36"
172.18.0.1 - - [11/Nov/2018:16:17:07 +0000] "GET /root/spring-boot-examples/-/jobs/4/status.json HTTP/1.1" 200 634 "http://localhost/root/spring-boot-examples/-/jobs/4" "Mozilla/5.0 (X11; Linux x86_64) AppleWebKit/537.36 (KHTML, like Gecko) Chrome/70.0.3538.77 Safari/537.36"
172.18.0.1 - - [11/Nov/2018:16:17:07 +0000] "GET /root/spring-boot-examples/-/jobs/4.json HTTP/1.1" 200 1192 "http://localhost/root/spring-boot-examples/-/jobs/4" "Mozilla/5.0 (X11; Linux x86_64) AppleWebKit/537.36 (KHTML, like Gecko) Chrome/70.0.3538.77 Safari/537.36"
172.18.0.1 - - [11/Nov/2018:16:17:11 +0000] "GET /root/spring-boot-examples/-/jobs/4/trace.json?state=eyJvZmZzZXQiOjIwMSwibl9vcGVuX3RhZ3MiOjAsImZnX2NvbG9yIjpudWxsLCJiZ19jb2xvciI6bnVsbCwic3R5bGVfbWFzayI6MH0%3D HTTP/1.1" 200 235 "http://localhost/root/spring-boot-examples/-/jobs/4" "Mozilla/5.0 (X11; Linux x86_64) AppleWebKit/537.36 (KHTML, like Gecko) Chrome/70.0.3538.77 Safari/537.36"
172.18.0.1 - - [11/Nov/2018:16:17:11 +0000] "GET /root/spring-boot-examples/-/jobs/4/status.json HTTP/1.1" 200 634 "http://localhost/root/spring-boot-examples/-/jobs/4" "Mozilla/5.0 (X11; Linux x86_64) AppleWebKit/537.36 (KHTML, like Gecko) Chrome/70.0.3538.77 Safari/537.36"
172.18.0.3 - - [11/Nov/2018:16:17:13 +0000] "PUT /api/v4/jobs/4 HTTP/1.1" 200 4 "" "gitlab-runner 11.4.2 (11-4-stable; go1.8.7; linux/amd64)"
172.18.0.1 - - [11/Nov/2018:16:17:15 +0000] "GET /root/spring-boot-examples/-/jobs/4/trace.json?state=eyJvZmZzZXQiOjIwMSwibl9vcGVuX3RhZ3MiOjAsImZnX2NvbG9yIjpudWxsLCJiZ19jb2xvciI6bnVsbCwic3R5bGVfbWFzayI6MH0%3D HTTP/1.1" 200 235 "http://localhost/root/spring-boot-examples/-/jobs/4" "Mozilla/5.0 (X11; Linux x86_64) AppleWebKit/537.36 (KHTML, like Gecko) Chrome/70.0.3538.77 Safari/537.36"
172.18.0.1 - - [11/Nov/2018:16:17:15 +0000] "GET /root/spring-boot-examples/-/jobs/4/status.json HTTP/1.1" 200 634 "http://localhost/root/spring-boot-examples/-/jobs/4" "Mozilla/5.0 (X11; Linux x86_64) AppleWebKit/537.36 (KHTML, like Gecko) Chrome/70.0.3538.77 Safari/537.36"
172.18.0.1 - - [11/Nov/2018:16:17:18 +0000] "GET /root/spring-boot-examples/-/jobs/4.json HTTP/1.1" 200 1193 "http://localhost/root/spring-boot-examples/-/jobs/4" "Mozilla/5.0 (X11; Linux x86_64) AppleWebKit/537.36 (KHTML, like Gecko) Chrome/70.0.3538.77 Safari/537.36"
172.18.0.1 - - [11/Nov/2018:16:17:19 +0000] "GET /root/spring-boot-examples/-/jobs/4/trace.json?state=eyJvZmZzZXQiOjIwMSwibl9vcGVuX3RhZ3MiOjAsImZnX2NvbG9yIjpudWxsLCJiZ19jb2xvciI6bnVsbCwic3R5bGVfbWFzayI6MH0%3D HTTP/1.1" 200 235 "http://localhost/root/spring-boot-examples/-/jobs/4" "Mozilla/5.0 (X11; Linux x86_64) AppleWebKit/537.36 (KHTML, like Gecko) Chrome/70.0.3538.77 Safari/537.36"
172.18.0.1 - - [11/Nov/2018:16:17:20 +0000] "GET /root/spring-boot-examples/-/jobs/4/status.json HTTP/1.1" 200 634 "http://localhost/root/spring-boot-examples/-/jobs/4" "Mozilla/5.0 (X11; Linux x86_64) AppleWebKit/537.36 (KHTML, like Gecko) Chrome/70.0.3538.77 Safari/537.36"
172.18.0.1 - - [11/Nov/2018:16:17:24 +0000] "GET /root/spring-boot-examples/-/jobs/4/trace.json?state=eyJvZmZzZXQiOjIwMSwibl9vcGVuX3RhZ3MiOjAsImZnX2NvbG9yIjpudWxsLCJiZ19jb2xvciI6bnVsbCwic3R5bGVfbWFzayI6MH0%3D HTTP/1.1" 200 235 "http://localhost/root/spring-boot-examples/-/jobs/4" "Mozilla/5.0 (X11; Linux x86_64) AppleWebKit/537.36 (KHTML, like Gecko) Chrome/70.0.3538.77 Safari/537.36"
172.18.0.1 - - [11/Nov/2018:16:17:24 +0000] "GET /root/spring-boot-examples/-/jobs/4/status.json HTTP/1.1" 200 634 "http://localhost/root/spring-boot-examples/-/jobs/4" "Mozilla/5.0 (X11; Linux x86_64) AppleWebKit/537.36 (KHTML, like Gecko) Chrome/70.0.3538.77 Safari/537.36"
172.18.0.1 - - [11/Nov/2018:16:17:28 +0000] "GET /root/spring-boot-examples/-/jobs/4/trace.json?state=eyJvZmZzZXQiOjIwMSwibl9vcGVuX3RhZ3MiOjAsImZnX2NvbG9yIjpudWxsLCJiZ19jb2xvciI6bnVsbCwic3R5bGVfbWFzayI6MH0%3D HTTP/1.1" 200 235 "http://localhost/root/spring-boot-examples/-/jobs/4" "Mozilla/5.0 (X11; Linux x86_64) AppleWebKit/537.36 (KHTML, like Gecko) Chrome/70.0.3538.77 Safari/537.36"
172.18.0.1 - - [11/Nov/2018:16:17:28 +0000] "GET /root/spring-boot-examples/-/jobs/4/status.json HTTP/1.1" 200 634 "http://localhost/root/spring-boot-examples/-/jobs/4" "Mozilla/5.0 (X11; Linux x86_64) AppleWebKit/537.36 (KHTML, like Gecko) Chrome/70.0.3538.77 Safari/537.36"
